Archive member included to satisfy reference by file (symbol)

C:\Users\DELL\Desktop\Wbudowane\wbudowane_ekg\heart_monitor\libs\libpower_hardabi.a(fsl_power_lib.o)
                              ./drivers/fsl_clock.o (POWER_SetVoltageForFreq)
C:\Users\DELL\Desktop\Wbudowane\wbudowane_ekg\heart_monitor\emwin\emWin_library\MCUXpresso\libemWin_M4F.a(TEXT.o)
                              ./gui/monitors.o (TEXT_CreateEx)
C:\Users\DELL\Desktop\Wbudowane\wbudowane_ekg\heart_monitor\emwin\emWin_library\MCUXpresso\libemWin_M4F.a(WIDGET.o)
                              C:\Users\DELL\Desktop\Wbudowane\wbudowane_ekg\heart_monitor\emwin\emWin_library\MCUXpresso\libemWin_M4F.a(TEXT.o) (WIDGET__Init)
C:\Users\DELL\Desktop\Wbudowane\wbudowane_ekg\heart_monitor\emwin\emWin_library\MCUXpresso\libemWin_M4F.a(BUTTON_Default.o)
                              ./gui/desktop.o (BUTTON_SetDefaultBkColor)
C:\Users\DELL\Desktop\Wbudowane\wbudowane_ekg\heart_monitor\emwin\emWin_library\MCUXpresso\libemWin_M4F.a(BUTTON.o)
                              ./gui/desktop.o (BUTTON_CreateEx)
C:\Users\DELL\Desktop\Wbudowane\wbudowane_ekg\heart_monitor\emwin\emWin_library\MCUXpresso\libemWin_M4F.a(GRAPH_DATA_YT.o)
                              ./gui/plot.o (GRAPH_DATA_YT_Create)
C:\Users\DELL\Desktop\Wbudowane\wbudowane_ekg\heart_monitor\emwin\emWin_library\MCUXpresso\libemWin_M4F.a(BUTTON_Skin.o)
                              C:\Users\DELL\Desktop\Wbudowane\wbudowane_ekg\heart_monitor\emwin\emWin_library\MCUXpresso\libemWin_M4F.a(BUTTON.o) (BUTTON__Skin)
C:\Users\DELL\Desktop\Wbudowane\wbudowane_ekg\heart_monitor\emwin\emWin_library\MCUXpresso\libemWin_M4F.a(WIDGET_Effect_None.o)
                              ./gui/desktop.o (WIDGET_Effect_None)
C:\Users\DELL\Desktop\Wbudowane\wbudowane_ekg\heart_monitor\emwin\emWin_library\MCUXpresso\libemWin_M4F.a(BUTTON_SkinClassic.o)
                              ./gui/desktop.o (BUTTON_SetDefaultSkinClassic)
C:\Users\DELL\Desktop\Wbudowane\wbudowane_ekg\heart_monitor\emwin\emWin_library\MCUXpresso\libemWin_M4F.a(GRAPH.o)
                              C:\Users\DELL\Desktop\Wbudowane\wbudowane_ekg\heart_monitor\emwin\emWin_library\MCUXpresso\libemWin_M4F.a(GRAPH_DATA_YT.o) (GRAPH__InvalidateGraph)
C:\Users\DELL\Desktop\Wbudowane\wbudowane_ekg\heart_monitor\emwin\emWin_library\MCUXpresso\libemWin_M4F.a(WIDGET_Effect_Simple.o)
                              C:\Users\DELL\Desktop\Wbudowane\wbudowane_ekg\heart_monitor\emwin\emWin_library\MCUXpresso\libemWin_M4F.a(WIDGET.o) (WIDGET_Effect_Simple)
C:\Users\DELL\Desktop\Wbudowane\wbudowane_ekg\heart_monitor\emwin\emWin_library\MCUXpresso\libemWin_M4F.a(TEXT_Default.o)
                              ./gui/monitors.o (TEXT_SetDefaultTextColor)
C:\Users\DELL\Desktop\Wbudowane\wbudowane_ekg\heart_monitor\emwin\emWin_library\MCUXpresso\libemWin_M4F.a(DIALOG.o)
                              C:\Users\DELL\Desktop\Wbudowane\wbudowane_ekg\heart_monitor\emwin\emWin_library\MCUXpresso\libemWin_M4F.a(WIDGET.o) (DIALOG_GetBkColor)
C:\Users\DELL\Desktop\Wbudowane\wbudowane_ekg\heart_monitor\emwin\emWin_library\MCUXpresso\libemWin_M4F.a(BUTTON_Bitmap.o)
                              ./gui/desktop.o (BUTTON_SetBitmap)
C:\Users\DELL\Desktop\Wbudowane\wbudowane_ekg\heart_monitor\emwin\emWin_library\MCUXpresso\libemWin_M4F.a(GUIDRV_Lin_16.o)
                              ./board/emwin_support.o (GUIDRV_Lin_16_API)
C:\Users\DELL\Desktop\Wbudowane\wbudowane_ekg\heart_monitor\emwin\emWin_library\MCUXpresso\libemWin_M4F.a(WM_SetFocusOnNextChild.o)
                              C:\Users\DELL\Desktop\Wbudowane\wbudowane_ekg\heart_monitor\emwin\emWin_library\MCUXpresso\libemWin_M4F.a(DIALOG.o) (WM_SetFocusOnNextChild)
C:\Users\DELL\Desktop\Wbudowane\wbudowane_ekg\heart_monitor\emwin\emWin_library\MCUXpresso\libemWin_M4F.a(WM_SetTrans.o)
                              C:\Users\DELL\Desktop\Wbudowane\wbudowane_ekg\heart_monitor\emwin\emWin_library\MCUXpresso\libemWin_M4F.a(TEXT.o) (WM_SetHasTrans)
C:\Users\DELL\Desktop\Wbudowane\wbudowane_ekg\heart_monitor\emwin\emWin_library\MCUXpresso\libemWin_M4F.a(WM_BringToTop.o)
                              C:\Users\DELL\Desktop\Wbudowane\wbudowane_ekg\heart_monitor\emwin\emWin_library\MCUXpresso\libemWin_M4F.a(WIDGET.o) (WM_BringToTop)
C:\Users\DELL\Desktop\Wbudowane\wbudowane_ekg\heart_monitor\emwin\emWin_library\MCUXpresso\libemWin_M4F.a(WM_Timer.o)
                              ./gui/plot.o (WM_CreateTimer)
C:\Users\DELL\Desktop\Wbudowane\wbudowane_ekg\heart_monitor\emwin\emWin_library\MCUXpresso\libemWin_M4F.a(WM_SetScrollbar.o)
                              C:\Users\DELL\Desktop\Wbudowane\wbudowane_ekg\heart_monitor\emwin\emWin_library\MCUXpresso\libemWin_M4F.a(GRAPH.o) (WM_SetScrollbarH)
C:\Users\DELL\Desktop\Wbudowane\wbudowane_ekg\heart_monitor\emwin\emWin_library\MCUXpresso\libemWin_M4F.a(WM.o)
[...]
Memory Configuration

Name             Origin             Length             Attributes
PROGRAM_FLASH    0x00000000         0x00080000         xr
BOARD_FLASH      0x10000000         0x01000000         xr
SRAM_UPPER       0x20000000         0x00028000         xrw
SRAMX            0x04000000         0x00008000         xrw
USB_RAM          0x40100000         0x00002000         xrw
BOARD_SDRAM      0xa0000000         0x01000000         xrw
*default*        0x00000000         0xffffffff

Linker script and memory map

LOAD ./utilities/fsl_assert.o
LOAD ./utilities/fsl_debug_console.o
LOAD ./utilities/fsl_str.o
LOAD ./touchpanel/fsl_ft5406.o
LOAD ./startup/startup_lpc54628.o
LOAD ./source/adc.o
LOAD ./source/main.o
LOAD ./source/semihost_hardfault.o
LOAD ./gui/bitmaps.o
LOAD ./gui/desktop.o
LOAD ./gui/monitors.o
LOAD ./gui/plot.o
LOAD ./drivers/fsl_adc.o
LOAD ./drivers/fsl_clock.o
LOAD ./drivers/fsl_common.o
LOAD ./drivers/fsl_emc.o
LOAD ./drivers/fsl_flexcomm.o
LOAD ./drivers/fsl_gpio.o
LOAD ./drivers/fsl_i2c.o
LOAD ./drivers/fsl_lcdc.o
LOAD ./drivers/fsl_power.o
LOAD ./drivers/fsl_reset.o
LOAD ./drivers/fsl_sctimer.o
LOAD ./drivers/fsl_spifi.o
LOAD ./drivers/fsl_usart.o
LOAD ./device/system_LPC54628.o
LOAD ./component/uart/usart_adapter.o
LOAD ./component/serial_manager/serial_manager.o
LOAD ./component/serial_manager/serial_port_uart.o
LOAD ./component/lists/generic_list.o
LOAD ./board/board.o
LOAD ./board/clock_config.o
LOAD ./board/emwin_support.o
LOAD ./board/pin_mux.o
LOAD C:\Users\DELL\Desktop\Wbudowane\wbudowane_ekg\heart_monitor\libs\libpower_hardabi.a
LOAD C:\Users\DELL\Desktop\Wbudowane\wbudowane_ekg\heart_monitor\emwin\emWin_library\MCUXpresso\libemWin_M4F.a
START GROUP
LOAD c:/nxp/mcuxpressoide_10.2.1_795/ide/tools/bin/../lib/gcc/arm-none-eabi/7.2.1/../../../../arm-none-eabi/lib/thumb/v7e-m/fpv4-sp/hard\libcr_semihost_nf.a
LOAD c:/nxp/mcuxpressoide_10.2.1_795/ide/tools/bin/../lib/gcc/arm-none-eabi/7.2.1/../../../../arm-none-eabi/lib/thumb/v7e-m/fpv4-sp/hard\libcr_c.a
LOAD c:/nxp/mcuxpressoide_10.2.1_795/ide/tools/bin/../lib/gcc/arm-none-eabi/7.2.1/thumb/v7e-m/fpv4-sp/hard\libcr_eabihelpers.a
END GROUP
                0x00000000                __base_PROGRAM_FLASH = 0x0
                0x00000000                __base_Flash = 0x0
                0x00080000                __top_PROGRAM_FLASH = 0x80000
                0x00080000                __top_Flash = 0x80000
                0x10000000                __base_BOARD_FLASH = 0x10000000
                0x10000000                __base_Flash2 = 0x10000000
                0x11000000                __top_BOARD_FLASH = 0x11000000
                0x11000000                __top_Flash2 = 0x11000000
                0x20000000                __base_SRAM_UPPER = 0x20000000
                0x20000000                __base_RAM = 0x20000000
                0x20028000                __top_SRAM_UPPER = 0x20028000
                0x20028000                __top_RAM = 0x20028000
                0x04000000                __base_SRAMX = 0x4000000
                0x04000000                __base_RAM2 = 0x4000000
                0x04008000                __top_SRAMX = 0x4008000
                0x04008000                __top_RAM2 = 0x4008000
                0x40100000                __base_USB_RAM = 0x40100000
                0x40100000                __base_RAM3 = 0x40100000
                0x40102000                __top_USB_RAM = 0x40102000
                0x40102000                __top_RAM3 = 0x40102000
                0xa0000000                __base_BOARD_SDRAM = 0xa0000000
                0xa0000000                __base_RAM4 = 0xa0000000
                0xa1000000                __top_BOARD_SDRAM = 0xa1000000
                0xa1000000                __top_RAM4 = 0xa1000000

.text_Flash2    0x10000000        0x0
 FILL mask 0xff
 *(SORT_BY_ALIGNMENT(.text_Flash2*))
 *(SORT_BY_ALIGNMENT(.text_BOARD_FLASH*))
 *(SORT_BY_ALIGNMENT(.text.$Flash2*))
 *(SORT_BY_ALIGNMENT(.text.$BOARD_FLASH*))
 *(SORT_BY_ALIGNMENT(.rodata.$Flash2*))
 *(SORT_BY_ALIGNMENT(.rodata.$BOARD_FLASH*))

.text           0x00000000    0x31288
 FILL mask 0xff
                0x00000000                __vectors_start__ = ABSOLUTE (.)
 *(SORT_BY_ALIGNMENT(.isr_vector))
 .isr_vector    0x00000000      0x124 ./startup/startup_lpc54628.o
                0x00000000                g_pfnVectors
                0x00000000                __Vectors
                0x00000124                . = ALIGN (0x4)
                0x00000124                __section_table_start = .
                0x00000124                __data_section_table = .
                0x00000124        0x4 LONG 0x31288 LOADADDR (.data)
                0x00000128        0x4 LONG 0x20000000 ADDR (.data)
                0x0000012c        0x4 LONG 0x8dc SIZEOF (.data)
                0x00000130        0x4 LONG 0x31288 LOADADDR (.data_RAM2)
                0x00000134        0x4 LONG 0x4000000 ADDR (.data_RAM2)
                0x00000138        0x4 LONG 0x0 SIZEOF (.data_RAM2)
                0x0000013c        0x4 LONG 0x31288 LOADADDR (.data_RAM3)
                0x00000140        0x4 LONG 0x40100000 ADDR (.data_RAM3)
                0x00000144        0x4 LONG 0x0 SIZEOF (.data_RAM3)
                0x00000148        0x4 LONG 0x31288 LOADADDR (.data_RAM4)
                0x0000014c        0x4 LONG 0xa0000000 ADDR (.data_RAM4)
                0x00000150        0x4 LONG 0x0 SIZEOF (.data_RAM4)
                0x00000154                __data_section_table_end = .
                0x00000154                __bss_section_table = .
                0x00000154        0x4 LONG 0x200008dc ADDR (.bss)
                0x00000158        0x4 LONG 0x670 SIZEOF (.bss)
                0x0000015c        0x4 LONG 0x4000000 ADDR (.bss_RAM2)
                0x00000160        0x4 LONG 0x0 SIZEOF (.bss_RAM2)
                0x00000164        0x4 LONG 0x40100000 ADDR (.bss_RAM3)
                0x00000168        0x4 LONG 0x0 SIZEOF (.bss_RAM3)
                0x0000016c        0x4 LONG 0xa0000000 ADDR (.bss_RAM4)
                0x00000170        0x4 LONG 0x0 SIZEOF (.bss_RAM4)
                0x00000174                __bss_section_table_end = .
                0x00000174                __section_table_end = .
 *(SORT_BY_ALIGNMENT(.after_vectors*))
 .after_vectors.reset
                0x00000174       0x58 ./startup/startup_lpc54628.o
                0x00000174                ResetISR
 .after_vectors.init_data
                0x000001cc       0x1e ./startup/startup_lpc54628.o
                0x000001cc                data_init
 .after_vectors.init_bss
                0x000001ea       0x12 ./startup/startup_lpc54628.o
                0x000001ea                bss_init
 .after_vectors
                0x000001fc       0x14 ./startup/startup_lpc54628.o
                0x000001fc                NMI_Handler
                0x00000200                MemManage_Handler
                0x00000202                BusFault_Handler
                0x00000204                UsageFault_Handler
                0x00000206                SVC_Handler
                0x00000208                DebugMon_Handler
                0x0000020a                PendSV_Handler
                0x0000020e                PIN_INT2_DriverIRQHandler
                0x0000020e                ETHERNET_DriverIRQHandler
                0x0000020e                PIN_INT0_DriverIRQHandler
                0x0000020e                CTIMER2_DriverIRQHandler
                0x0000020e                SPIFI0_DriverIRQHandler
                0x0000020e                PIN_INT3_DriverIRQHandler
                0x0000020e                CAN0_IRQ0_DriverIRQHandler
                0x0000020e                IntDefaultHandler
                0x0000020e                USB0_DriverIRQHandler
                0x0000020e                MRT0_DriverIRQHandler
                0x0000020e                UTICK0_DriverIRQHandler
                0x0000020e                DMIC0_DriverIRQHandler
                0x0000020e                PIN_INT4_DriverIRQHandler
                0x0000020e                PIN_INT5_DriverIRQHandler
                0x0000020e                CAN1_IRQ0_DriverIRQHandler
                0x0000020e                Reserved47_DriverIRQHandler
                0x0000020e                ADC0_THCMP_DriverIRQHandler
                0x0000020e                CTIMER4_DriverIRQHandler
                0x0000020e                GINT1_DriverIRQHandler
                0x0000020e                RIT_DriverIRQHandler
                0x0000020e                CAN0_IRQ1_DriverIRQHandler
                0x0000020e                USB0_NEEDCLK_DriverIRQHandler
                0x0000020e                ADC0_SEQB_DriverIRQHandler
                0x0000020e                CTIMER0_DriverIRQHandler
                0x0000020e                CTIMER1_DriverIRQHandler
                0x0000020e                PIN_INT6_DriverIRQHandler
                0x0000020e                ETHERNET_MACLP_DriverIRQHandler
                0x0000020e                PIN_INT1_DriverIRQHandler
                0x0000020e                CTIMER3_DriverIRQHandler
                0x0000020e                HWVAD0_DriverIRQHandler
                0x0000020e                RTC_DriverIRQHandler
                0x0000020e                LCD_DriverIRQHandler
                0x0000020e                EEPROM_DriverIRQHandler
                0x0000020e                DMA0_DriverIRQHandler
                0x0000020e                ETHERNET_PMT_DriverIRQHandler
                0x0000020e                USB1_DriverIRQHandler
                0x0000020e                CAN1_IRQ1_DriverIRQHandler
                0x0000020e                ADC0_SEQA_DriverIRQHandler
                0x0000020e                USB1_NEEDCLK_DriverIRQHandler
                0x0000020e                SMARTCARD0_DriverIRQHandler
                0x0000020e                SDIO_DriverIRQHandler
                0x0000020e                SHA_DriverIRQHandler
                0x0000020e                GINT0_DriverIRQHandler
                0x0000020e                SMARTCARD1_DriverIRQHandler
                0x0000020e                PIN_INT7_DriverIRQHandler
                0x0000020e                Reserved46_DriverIRQHandler
                0x0000020e                WDT_BOD_DriverIRQHandler
                0x0000020e                SCT0_DriverIRQHandler
 *(SORT_BY_ALIGNMENT(.text*))
 .text.ConvertFloatRadixNumToString
                0x00000210      0x2b8 ./utilities/fsl_str.o
 .text.fp_display
                0x000004c8      0x974 c:/nxp/mcuxpressoide_10.2.1_795/ide/tools/bin/../lib/gcc/arm-none-eabi/7.2.1/../../../../arm-none-eabi/lib/thumb/v7e-m/fpv4-sp/hard\libcr_c.a(fpprintf.o)
 *fill*         0x00000e3c        0x4 ff
 .text.pow      0x00000e40      0x55c c:/nxp/mcuxpressoide_10.2.1_795/ide/tools/bin/../lib/gcc/arm-none-eabi/7.2.1/../../../../arm-none-eabi/lib/thumb/v7e-m/fpv4-sp/hard\libcr_c.a(pow.o)
                0x00000e40                pow
 *fill*         0x0000139c        0x4 ff
 .text._frexpl  0x000013a0       0x68 c:/nxp/mcuxpressoide_10.2.1_795/ide/tools/bin/../lib/gcc/arm-none-eabi/7.2.1/../../../../arm-none-eabi/lib/thumb/v7e-m/fpv4-sp/hard\libcr_c.a(_frexpl.o)
                0x000013a0                _frexpl
 .text._ldexpl  0x00001408       0x58 c:/nxp/mcuxpressoide_10.2.1_795/ide/tools/bin/../lib/gcc/arm-none-eabi/7.2.1/../../../../arm-none-eabi/lib/thumb/v7e-m/fpv4-sp/hard\libcr_c.a(_ldexpl.o)
                0x00001408                _ldexpl
 .text.frexp    0x00001460       0x68 c:/nxp/mcuxpressoide_10.2.1_795/ide/tools/bin/../lib/gcc/arm-none-eabi/7.2.1/../../../../arm-none-eabi/lib/thumb/v7e-m/fpv4-sp/hard\libcr_c.a(frexp.o)
                0x00001460                frexp
 .text.ldexp    0x000014c8       0x58 c:/nxp/mcuxpressoide_10.2.1_795/ide/tools/bin/../lib/gcc/arm-none-eabi/7.2.1/../../../../arm-none-eabi/lib/thumb/v7e-m/fpv4-sp/hard\libcr_c.a(ldexp.o)
                0x000014c8                ldexp
 .text.DbgConsole_SendData
                0x00001520       0x58 ./utilities/fsl_debug_console.o
                0x00001520                DbgConsole_SendData
 .text.DbgConsole_Init
                0x00001578       0xf8 ./utilities/fsl_debug_console.o
                0x00001578                DbgConsole_Init
 .text.DbgConsole_Printf
                0x00001670       0x64 ./utilities/fsl_debug_console.o
                0x00001670                DbgConsole_Printf
 .text.FT5406_Init
                0x000016d4       0xd8 ./touchpanel/fsl_ft5406.o
                0x000016d4                FT5406_Init
 .text.FT5406_ReadTouchData
                0x000017ac       0x3c ./touchpanel/fsl_ft5406.o
                0x000017ac                FT5406_ReadTouchData
 .text.CLOCK_EnableClock
                0x000017e8       0x54 ./source/adc.o
 .text.ADC_Configuration
                0x0000183c       0x88 ./source/adc.o
                0x0000183c                ADC_Configuration
 .text.ADC_Config
                0x000018c4       0x6c ./source/adc.o
                0x000018c4                ADC_Config
 .text.CLOCK_EnableClock
                0x00001930       0x54 ./source/main.o
 .text.main     0x00001984       0x90 ./source/main.o
                0x00001984                main
 .text._drawGUI
                0x00001a14       0x30 ./gui/desktop.o
 .text._createWidgets
                0x00001a44      0x208 ./gui/desktop.o
 .text._heartBtnClicked
                0x00001c4c       0x68 ./gui/desktop.o
 .text._pulseBtnClicked
                0x00001cb4       0x68 ./gui/desktop.o
 .text._runBtnClicked
                0x00001d1c       0x68 ./gui/desktop.o
 .text._acqBtnClicked
                0x00001d84       0x68 ./gui/desktop.o
 .text._soundBtnClicked
                0x00001dec       0x68 ./gui/desktop.o
 .text.desktopCallback
                0x00001e54       0xf0 ./gui/desktop.o
                0x00001e54                desktopCallback
 .text.initBuzzerPin
                0x00001f44       0x30 ./gui/desktop.o
                0x00001f44                initBuzzerPin
 .text._createWidgets
                0x00001f74       0x9c ./gui/monitors.o
 .text.heartMonitorCallback
                0x00002010       0x84 ./gui/monitors.o
                0x00002010                heartMonitorCallback
 .text.pulseMonitorCallback
                0x00002094       0x64 ./gui/monitors.o
                0x00002094                pulseMonitorCallback
 .text.setHeartLevel
                0x000020f8       0x20 ./gui/monitors.o
                0x000020f8                setHeartLevel
 .text.setPulseLevel
                0x00002118       0x30 ./gui/monitors.o
                0x00002118                setPulseLevel
 .text._beep    0x00002148       0x44 ./gui/plot.o
 .text._calcAvgLevel
                0x0000218c       0x58 ./gui/plot.o
 .text._graphUserDraw
                0x000021e4       0x50 ./gui/plot.o
 .text._createWidgets
                0x00002234       0xd0 ./gui/plot.o
 .text._updateData
                0x00002304      0x2a8 ./gui/plot.o
                0x00002304                _updateData
 .text.plotCallback
                0x000025ac       0x90 ./gui/plot.o
                0x000025ac                plotCallback
 .text.changeAcqMode
                0x0000263c       0x6c ./gui/plot.o
                0x0000263c                changeAcqMode
 .text.toggleRun
                0x000026a8       0x20 ./gui/plot.o
                0x000026a8                toggleRun
 .text.toggleSound
                0x000026c8       0x2c ./gui/plot.o
                0x000026c8                toggleSound
 .text.toggleHeartMonitorWin
                0x000026f4       0x64 ./gui/plot.o
                0x000026f4                toggleHeartMonitorWin
 .text.togglePulseMonitorWin
                0x00002758       0x64 ./gui/plot.o
                0x00002758                togglePulseMonitorWin
 .text.CLOCK_EnableClock
                0x000027bc       0x54 ./drivers/fsl_adc.o
 .text.ADC_GetInstance
                0x00002810       0x44 ./drivers/fsl_adc.o
 .text.ADC_Init
                0x00002854       0x8c ./drivers/fsl_adc.o
                0x00002854                ADC_Init
 .text.ADC_DoSelfCalibration
                0x000028e0       0xc0 ./drivers/fsl_adc.o
                0x000028e0                ADC_DoSelfCalibration
 .text.ADC_SetConvSeqAConfig
                0x000029a0       0x88 ./drivers/fsl_adc.o
                0x000029a0                ADC_SetConvSeqAConfig
 .text.ADC_GetConvSeqAGlobalConversionResult
                0x00002a28       0x7c ./drivers/fsl_adc.o
                0x00002a28                ADC_GetConvSeqAGlobalConversionResult
 .text.ADC_GetChannelConversionResult
                0x00002aa4       0x94 ./drivers/fsl_adc.o
                0x00002aa4                ADC_GetChannelConversionResult
 .text.CLOCK_GetAsyncApbClkSrc
                0x00002b38       0x20 ./drivers/fsl_clock.o
 .text.CLOCK_AttachClk
                0x00002b58       0x90 ./drivers/fsl_clock.o
                0x00002b58                CLOCK_AttachClk
 .text.CLOCK_SetClkDiv
                0x00002be8       0x5c ./drivers/fsl_clock.o
                0x00002be8                CLOCK_SetClkDiv
 .text.CLOCK_GetClockOutClkFreq
                0x00002c44       0x98 ./drivers/fsl_clock.o
                0x00002c44                CLOCK_GetClockOutClkFreq
 .text.CLOCK_GetSpifiClkFreq
                0x00002cdc       0x88 ./drivers/fsl_clock.o
                0x00002cdc                CLOCK_GetSpifiClkFreq
 .text.CLOCK_GetAdcClkFreq
                0x00002d64       0x80 ./drivers/fsl_clock.o
                0x00002d64                CLOCK_GetAdcClkFreq
 .text.CLOCK_GetUsb0ClkFreq
                0x00002de4       0x78 ./drivers/fsl_clock.o
                0x00002de4                CLOCK_GetUsb0ClkFreq
 .text.CLOCK_GetUsb1ClkFreq
                0x00002e5c       0x78 ./drivers/fsl_clock.o
                0x00002e5c                CLOCK_GetUsb1ClkFreq
 .text.CLOCK_GetSctClkFreq
                0x00002ed4       0x80 ./drivers/fsl_clock.o
                0x00002ed4                CLOCK_GetSctClkFreq
 .text.CLOCK_GetSdioClkFreq
                0x00002f54       0x88 ./drivers/fsl_clock.o
                0x00002f54                CLOCK_GetSdioClkFreq
 .text.CLOCK_GetLcdClkFreq
                0x00002fdc       0x68 ./drivers/fsl_clock.o
                0x00002fdc                CLOCK_GetLcdClkFreq
 .text.CLOCK_GetFro12MFreq
                0x00003044       0x28 ./drivers/fsl_clock.o
                0x00003044                CLOCK_GetFro12MFreq
 .text.CLOCK_GetExtClkFreq
                0x0000306c       0x14 ./drivers/fsl_clock.o
                0x0000306c                CLOCK_GetExtClkFreq
 .text.CLOCK_GetWdtOscFreq
                0x00003080       0x68 ./drivers/fsl_clock.o
                0x00003080                CLOCK_GetWdtOscFreq
 .text.CLOCK_GetFroHfFreq
                0x000030e8       0x50 ./drivers/fsl_clock.o
                0x000030e8                CLOCK_GetFroHfFreq
 .text.CLOCK_GetPllOutFreq
                0x00003138       0x18 ./drivers/fsl_clock.o
                0x00003138                CLOCK_GetPllOutFreq
 .text.CLOCK_GetAudioPllOutFreq
                0x00003150       0x18 ./drivers/fsl_clock.o
                0x00003150                CLOCK_GetAudioPllOutFreq
 .text.CLOCK_GetUsbPllOutFreq
                0x00003168       0x18 ./drivers/fsl_clock.o
                0x00003168                CLOCK_GetUsbPllOutFreq
 .text.CLOCK_GetAsyncApbClkFreq
                0x00003180       0x3c ./drivers/fsl_clock.o
                0x00003180                CLOCK_GetAsyncApbClkFreq
 .text.CLOCK_GetFlexCommClkFreq
                0x000031bc       0x6c ./drivers/fsl_clock.o
                0x000031bc                CLOCK_GetFlexCommClkFreq
 .text.CLOCK_GetFrgClkFreq
                0x00003228       0x58 ./drivers/fsl_clock.o
                0x00003228                CLOCK_GetFrgClkFreq
 .text.CLOCK_GetDmicClkFreq
                0x00003280       0x80 ./drivers/fsl_clock.o
                0x00003280                CLOCK_GetDmicClkFreq
 .text.CLOCK_GetFreq
                0x00003300      0x228 ./drivers/fsl_clock.o
                0x00003300                CLOCK_GetFreq
 .text.CLOCK_SetFLASHAccessCyclesForFreq
                0x00003528       0xb8 ./drivers/fsl_clock.o
                0x00003528                CLOCK_SetFLASHAccessCyclesForFreq
 .text.CLOCK_SetPLLFreq
                0x000035e0      0x12c ./drivers/fsl_clock.o
                0x000035e0                CLOCK_SetPLLFreq
 .text.CLOCK_EnableClock
                0x0000370c       0x54 ./drivers/fsl_emc.o
 .text.EMC_GetInstance
                0x00003760       0x44 ./drivers/fsl_emc.o
 .text.EMC_CalculateTimerCycles
                0x000037a4       0x5c ./drivers/fsl_emc.o
 .text.EMC_Init
                0x00003800       0x8c ./drivers/fsl_emc.o
                0x00003800                EMC_Init
 .text.EMC_DynamicMemInit
                0x0000388c      0x360 ./drivers/fsl_emc.o
                0x0000388c                EMC_DynamicMemInit
 .text.CLOCK_EnableClock
                0x00003bec       0x54 ./drivers/fsl_flexcomm.o
 .text.FLEXCOMM_GetInstance
                0x00003c40       0x44 ./drivers/fsl_flexcomm.o
                0x00003c40                FLEXCOMM_GetInstance
 .text.FLEXCOMM_Init
                0x00003c84       0x5c ./drivers/fsl_flexcomm.o
                0x00003c84                FLEXCOMM_Init
 .text.FLEXCOMM0_DriverIRQHandler
                0x00003ce0       0x3c ./drivers/fsl_flexcomm.o
                0x00003ce0                FLEXCOMM0_DriverIRQHandler
 .text.FLEXCOMM1_DriverIRQHandler
                0x00003d1c       0x3c ./drivers/fsl_flexcomm.o
                0x00003d1c                FLEXCOMM1_DriverIRQHandler
 .text.FLEXCOMM2_DriverIRQHandler
                0x00003d58       0x3c ./drivers/fsl_flexcomm.o
                0x00003d58                FLEXCOMM2_DriverIRQHandler
 .text.FLEXCOMM3_DriverIRQHandler
                0x00003d94       0x3c ./drivers/fsl_flexcomm.o
                0x00003d94                FLEXCOMM3_DriverIRQHandler
 .text.FLEXCOMM4_DriverIRQHandler
                0x00003dd0       0x3c ./drivers/fsl_flexcomm.o
                0x00003dd0                FLEXCOMM4_DriverIRQHandler
 .text.FLEXCOMM5_DriverIRQHandler
                0x00003e0c       0x3c ./drivers/fsl_flexcomm.o
                0x00003e0c                FLEXCOMM5_DriverIRQHandler
 .text.FLEXCOMM6_DriverIRQHandler
                0x00003e48       0x3c ./drivers/fsl_flexcomm.o
                0x00003e48                FLEXCOMM6_DriverIRQHandler
 .text.FLEXCOMM7_DriverIRQHandler
                0x00003e84       0x3c ./drivers/fsl_flexcomm.o
                0x00003e84                FLEXCOMM7_DriverIRQHandler
 .text.FLEXCOMM8_DriverIRQHandler
                0x00003ec0       0x3c ./drivers/fsl_flexcomm.o
                0x00003ec0                FLEXCOMM8_DriverIRQHandler
 .text.FLEXCOMM9_DriverIRQHandler
                0x00003efc       0x3c ./drivers/fsl_flexcomm.o
                0x00003efc                FLEXCOMM9_DriverIRQHandler
 .text.CLOCK_EnableClock
                0x00003f38       0x54 ./drivers/fsl_gpio.o
 .text.GPIO_PortInit
                0x00003f8c       0x48 ./drivers/fsl_gpio.o
                0x00003f8c                GPIO_PortInit
 .text.I2C_MasterGetDefaultConfig
                0x00003fd4       0x30 ./drivers/fsl_i2c.o
                0x00003fd4                I2C_MasterGetDefaultConfig
 .text.I2C_MasterWriteBlocking
                0x00004004      0x110 ./drivers/fsl_i2c.o
                0x00004004                I2C_MasterWriteBlocking
 .text.I2C_MasterReadBlocking
                0x00004114       0xec ./drivers/fsl_i2c.o
                0x00004114                I2C_MasterReadBlocking
 .text.I2C_MasterTransferBlocking
                0x00004200      0x154 ./drivers/fsl_i2c.o
                0x00004200                I2C_MasterTransferBlocking
 .text.CLOCK_EnableClock
                0x00004354       0x54 ./drivers/fsl_lcdc.o
 .text.LCDC_GetInstance
                0x000043a8       0x44 ./drivers/fsl_lcdc.o
 .text.LCDC_GetClockDivider
                0x000043ec      0x154 ./drivers/fsl_lcdc.o
 .text.LCDC_Init
                0x00004540      0x1c8 ./drivers/fsl_lcdc.o
                0x00004540                LCDC_Init
 .text.LCDC_SetPanelAddr
                0x00004708       0x40 ./drivers/fsl_lcdc.o
                0x00004708                LCDC_SetPanelAddr
 .text.RESET_SetPeripheralReset
                0x00004748       0x7c ./drivers/fsl_reset.o
                0x00004748                RESET_SetPeripheralReset
 .text.RESET_ClearPeripheralReset
                0x000047c4       0x80 ./drivers/fsl_reset.o
                0x000047c4                RESET_ClearPeripheralReset
 .text.SCT0_IRQHandler
                0x00004844       0x1c ./drivers/fsl_sctimer.o
                0x00004844                SCT0_IRQHandler
 .text.USART_Init
                0x00004860      0x14c ./drivers/fsl_usart.o
                0x00004860                USART_Init
 .text.USART_GetDefaultConfig
                0x000049ac       0x64 ./drivers/fsl_usart.o
                0x000049ac                USART_GetDefaultConfig
 .text.USART_SetBaudRate
                0x00004a10       0xe4 ./drivers/fsl_usart.o
                0x00004a10                USART_SetBaudRate
 .text.USART_WriteBlocking
                0x00004af4       0x88 ./drivers/fsl_usart.o
                0x00004af4                USART_WriteBlocking
 .text.SystemInit
                0x00004b7c       0x40 ./device/system_LPC54628.o
                0x00004b7c                SystemInit
 .text.HAL_UartInit
                0x00004bbc      0x108 ./component/uart/usart_adapter.o
                0x00004bbc                HAL_UartInit
 .text.HAL_UartSendBlocking
                0x00004cc4       0x64 ./component/uart/usart_adapter.o
                0x00004cc4                HAL_UartSendBlocking
 .text.SerialManager_Write
                0x00004d28       0x6c ./component/serial_manager/serial_manager.o
 .text.SerialManager_Init
                0x00004d94       0x74 ./component/serial_manager/serial_manager.o
                0x00004d94                SerialManager_Init
 .text.SerialManager_OpenWriteHandle
                0x00004e08       0x58 ./component/serial_manager/serial_manager.o
                0x00004e08                SerialManager_OpenWriteHandle
 .text.SerialManager_OpenReadHandle
                0x00004e60       0x60 ./component/serial_manager/serial_manager.o
                0x00004e60                SerialManager_OpenReadHandle
 .text.Serial_UartInit
                0x00004ec0       0x80 ./component/serial_manager/serial_port_uart.o
                0x00004ec0                Serial_UartInit
 .text.Serial_UartWrite
                0x00004f40       0x58 ./component/serial_manager/serial_port_uart.o
                0x00004f40                Serial_UartWrite
 .text.BOARD_InitDebugConsole
                0x00004f98       0x48 ./board/board.o
                0x00004f98                BOARD_InitDebugConsole
 .text.BOARD_InitSDRAM
                0x00004fe0       0xa4 ./board/board.o
                0x00004fe0                BOARD_InitSDRAM
 .text.BOARD_BootClockPLL220M
                0x00005084       0xa0 ./board/clock_config.o
                0x00005084                BOARD_BootClockPLL220M
 .text.__NVIC_EnableIRQ
                0x00005124       0x3c ./board/emwin_support.o
 .text.__NVIC_SetPriority
                0x00005160       0x54 ./board/emwin_support.o
 .text.SysTick_Config
                0x000051b4       0x44 ./board/emwin_support.o
 .text.SysTick_Handler
                0x000051f8       0x1c ./board/emwin_support.o
                0x000051f8                SysTick_Handler
 .text.LCD_IRQHandler
                0x00005214       0x74 ./board/emwin_support.o
                0x00005214                LCD_IRQHandler
 .text.APP_LCDC_Init
                0x00005288       0x9c ./board/emwin_support.o
                0x00005288                APP_LCDC_Init
 .text.APP_Touch_Init
                0x00005324       0x8c ./board/emwin_support.o
                0x00005324                APP_Touch_Init
 .text.BOARD_Touch_Poll
                0x000053b0       0x64 ./board/emwin_support.o
                0x000053b0                BOARD_Touch_Poll
 .text.LCD_X_Config
                0x00005414       0x9c ./board/emwin_support.o
                0x00005414                LCD_X_Config
 .text.LCD_X_DisplayDriver
                0x000054b0       0x3c ./board/emwin_support.o
                0x000054b0                LCD_X_DisplayDriver
 .text.GUI_X_Config
                0x000054ec       0x20 ./board/emwin_support.o
                0x000054ec                GUI_X_Config
 .text.GUI_X_Init
                0x0000550c       0x24 ./board/emwin_support.o
                0x0000550c                GUI_X_Init
 .text.GUI_X_GetTime
                0x00005530       0x18 ./board/emwin_support.o
                0x00005530                GUI_X_GetTime
 .text.GUI_X_Delay
                0x00005548       0x30 ./board/emwin_support.o
                0x00005548                GUI_X_Delay
 .text.CLOCK_EnableClock
                0x00005578       0x54 ./board/pin_mux.o
 .text.BOARD_InitPins
                0x000055cc      0x548 ./board/pin_mux.o
                0x000055cc                BOARD_InitPins
 .text.POWER_SetVoltageForFreq
                0x00005b14       0x44 C:\Users\DELL\Desktop\Wbudowane\wbudowane_ekg\heart_monitor\libs\libpower_hardabi.a(fsl_power_lib.o)
                0x00005b14                POWER_SetVoltageForFreq
 .text.POWER_SetPLL
                0x00005b58       0x1c C:\Users\DELL\Desktop\Wbudowane\wbudowane_ekg\heart_monitor\libs\libpower_hardabi.a(fsl_power_lib.o)
                0x00005b58                POWER_SetPLL
 .text.TEXT_CreateUser
                0x00005b74       0x90 C:\Users\DELL\Desktop\Wbudowane\wbudowane_ekg\heart_monitor\emwin\emWin_library\MCUXpresso\libemWin_M4F.a(TEXT.o)
                0x00005b74                TEXT_CreateUser
 .text.WIDGET__Init
                0x00005c04       0x10 C:\Users\DELL\Desktop\Wbudowane\wbudowane_ekg\heart_monitor\emwin\emWin_library\MCUXpresso\libemWin_M4F.a(WIDGET.o)
                0x00005c04                WIDGET__Init
 .text.BUTTON_SetDefaultBkColor
                0x00005c14       0x10 C:\Users\DELL\Desktop\Wbudowane\wbudowane_ekg\heart_monitor\emwin\emWin_library\MCUXpresso\libemWin_M4F.a(BUTTON_Default.o)
                0x00005c14                BUTTON_SetDefaultBkColor
 .text.BUTTON_Callback
                0x00005c24       0xd8 C:\Users\DELL\Desktop\Wbudowane\wbudowane_ekg\heart_monitor\emwin\emWin_library\MCUXpresso\libemWin_M4F.a(BUTTON.o)
                0x00005c24                BUTTON_Callback
 .text.BUTTON_CreateUser
                0x00005cfc       0x70 C:\Users\DELL\Desktop\Wbudowane\wbudowane_ekg\heart_monitor\emwin\emWin_library\MCUXpresso\libemWin_M4F.a(BUTTON.o)
                0x00005cfc                BUTTON_CreateUser
 .text.GRAPH_DATA_YT_Create
                0x00005d6c       0x78 C:\Users\DELL\Desktop\Wbudowane\wbudowane_ekg\heart_monitor\emwin\emWin_library\MCUXpresso\libemWin_M4F.a(GRAPH_DATA_YT.o)
                0x00005d6c                GRAPH_DATA_YT_Create
 .text.BUTTON_SetDefaultSkinClassic
                0x00005de4       0x10 C:\Users\DELL\Desktop\Wbudowane\wbudowane_ekg\heart_monitor\emwin\emWin_library\MCUXpresso\libemWin_M4F.a(BUTTON_SkinClassic.o)
                0x00005de4                BUTTON_SetDefaultSkinClassic
 .text.GRAPH_Callback
                0x00005df4      0x50c C:\Users\DELL\Desktop\Wbudowane\wbudowane_ekg\heart_monitor\emwin\emWin_library\MCUXpresso\libemWin_M4F.a(GRAPH.o)
                0x00005df4                GRAPH_Callback
 .text.GRAPH_CreateUser
                0x00006300       0x74 C:\Users\DELL\Desktop\Wbudowane\wbudowane_ekg\heart_monitor\emwin\emWin_library\MCUXpresso\libemWin_M4F.a(GRAPH.o)
                0x00006300                GRAPH_CreateUser
 .text._DrawUpRect
                0x00006374       0x38 C:\Users\DELL\Desktop\Wbudowane\wbudowane_ekg\heart_monitor\emwin\emWin_library\MCUXpresso\libemWin_M4F.a(WIDGET_Effect_Simple.o)
 .text.TEXT_SetDefaultTextColor
                0x000063ac        0xc C:\Users\DELL\Desktop\Wbudowane\wbudowane_ekg\heart_monitor\emwin\emWin_library\MCUXpresso\libemWin_M4F.a(TEXT_Default.o)
                0x000063ac                TEXT_SetDefaultTextColor
 .text._GetDevData
                0x000063b8       0x18 C:\Users\DELL\Desktop\Wbudowane\wbudowane_ekg\heart_monitor\emwin\emWin_library\MCUXpresso\libemWin_M4F.a(GUIDRV_Lin_16.o)
 .text._GetDevFunc
                0x000063d0       0xe8 C:\Users\DELL\Desktop\Wbudowane\wbudowane_ekg\heart_monitor\emwin\emWin_library\MCUXpresso\libemWin_M4F.a(GUIDRV_Lin_16.o)
 .text._FillRect
                0x000064b8      0x1bc C:\Users\DELL\Desktop\Wbudowane\wbudowane_ekg\heart_monitor\emwin\emWin_library\MCUXpresso\libemWin_M4F.a(GUIDRV_Lin_16.o)
 .text._DrawBitmap
                0x00006674      0x634 C:\Users\DELL\Desktop\Wbudowane\wbudowane_ekg\heart_monitor\emwin\emWin_library\MCUXpresso\libemWin_M4F.a(GUIDRV_Lin_16.o)
 .text._CopyBuffer
                0x00006ca8       0x64 C:\Users\DELL\Desktop\Wbudowane\wbudowane_ekg\heart_monitor\emwin\emWin_library\MCUXpresso\libemWin_M4F.a(GUIDRV_Lin_16.o)
 .text.WM_SetHasTrans
                0x00006d0c       0x40 C:\Users\DELL\Desktop\Wbudowane\wbudowane_ekg\heart_monitor\emwin\emWin_library\MCUXpresso\libemWin_M4F.a(WM_SetTrans.o)
                0x00006d0c                WM_SetHasTrans
 .text.WM_BringToTop
                0x00006d4c       0x74 C:\Users\DELL\Desktop\Wbudowane\wbudowane_ekg\heart_monitor\emwin\emWin_library\MCUXpresso\libemWin_M4F.a(WM_BringToTop.o)
                0x00006d4c                WM_BringToTop
 .text.WM_CreateTimer
                0x00006dc0       0x5c C:\Users\DELL\Desktop\Wbudowane\wbudowane_ekg\heart_monitor\emwin\emWin_library\MCUXpresso\libemWin_M4F.a(WM_Timer.o)
                0x00006dc0                WM_CreateTimer
 .text._OnExit  0x00006e1c       0xa8 C:\Users\DELL\Desktop\Wbudowane\wbudowane_ekg\heart_monitor\emwin\emWin_library\MCUXpresso\libemWin_M4F.a(WM.o)
 .text._Paint1  0x00006ec4       0x28 C:\Users\DELL\Desktop\Wbudowane\wbudowane_ekg\heart_monitor\emwin\emWin_library\MCUXpresso\libemWin_M4F.a(WM.o)
 .text._Paint1Trans
                0x00006eec       0x90 C:\Users\DELL\Desktop\Wbudowane\wbudowane_ekg\heart_monitor\emwin\emWin_library\MCUXpresso\libemWin_M4F.a(WM.o)
 .text.WM__PaintWinAndOverlays
                0x00006f7c       0x7c C:\Users\DELL\Desktop\Wbudowane\wbudowane_ekg\heart_monitor\emwin\emWin_library\MCUXpresso\libemWin_M4F.a(WM.o)
 .text._cbPaintMemDev
                0x00006ff8       0x6c C:\Users\DELL\Desktop\Wbudowane\wbudowane_ekg\heart_monitor\emwin\emWin_library\MCUXpresso\libemWin_M4F.a(WM.o)
 .text.WM__ClipAtParentBorders
                0x00007064       0x50 C:\Users\DELL\Desktop\Wbudowane\wbudowane_ekg\heart_monitor\emwin\emWin_library\MCUXpresso\libemWin_M4F.a(WM.o)
                0x00007064                WM__ClipAtParentBorders
 .text._SetClipRectUserIntersect
                0x000070b4       0x50 C:\Users\DELL\Desktop\Wbudowane\wbudowane_ekg\heart_monitor\emwin\emWin_library\MCUXpresso\libemWin_M4F.a(WM.o)
 .text.WM__ActivateClipRect
                0x00007104       0x48 C:\Users\DELL\Desktop\Wbudowane\wbudowane_ekg\heart_monitor\emwin\emWin_library\MCUXpresso\libemWin_M4F.a(WM.o)
                0x00007104                WM__ActivateClipRect
 .text.WM__IsWindow
                0x0000714c       0x20 C:\Users\DELL\Desktop\Wbudowane\wbudowane_ekg\heart_monitor\emwin\emWin_library\MCUXpresso\libemWin_M4F.a(WM.o)
                0x0000714c                WM__IsWindow
 .text.WM__InvalidateDrawAndDescs
                0x0000716c       0x54 C:\Users\DELL\Desktop\Wbudowane\wbudowane_ekg\heart_monitor\emwin\emWin_library\MCUXpresso\libemWin_M4F.a(WM.o)
                0x0000716c                WM__InvalidateDrawAndDescs
 .text._Invalidate1Abs
                0x000071c0       0x8c C:\Users\DELL\Desktop\Wbudowane\wbudowane_ekg\heart_monitor\emwin\emWin_library\MCUXpresso\libemWin_M4F.a(WM.o)
 .text.WM_SelectWindow
                0x0000724c       0x38 C:\Users\DELL\Desktop\Wbudowane\wbudowane_ekg\heart_monitor\emwin\emWin_library\MCUXpresso\libemWin_M4F.a(WM.o)
                0x0000724c                WM_SelectWindow
 .text.WM_CreateWindowAsChild
                0x00007284      0x154 C:\Users\DELL\Desktop\Wbudowane\wbudowane_ekg\heart_monitor\emwin\emWin_library\MCUXpresso\libemWin_M4F.a(WM.o)
                0x00007284                WM_CreateWindowAsChild
 .text.WM_DeleteWindow
                0x000073d8      0x100 C:\Users\DELL\Desktop\Wbudowane\wbudowane_ekg\heart_monitor\emwin\emWin_library\MCUXpresso\libemWin_M4F.a(WM.o)
                0x000073d8                WM_DeleteWindow
 .text._Exec1Input
                0x000074d8       0x84 C:\Users\DELL\Desktop\Wbudowane\wbudowane_ekg\heart_monitor\emwin\emWin_library\MCUXpresso\libemWin_M4F.a(WM.o)
 .text.WM_GetActiveWindow
                0x0000755c        0xc C:\Users\DELL\Desktop\Wbudowane\wbudowane_ekg\heart_monitor\emwin\emWin_library\MCUXpresso\libemWin_M4F.a(WM.o)
                0x0000755c                WM_GetActiveWindow
 .text.WM__GetNextIVR
                0x00007568      0x16c C:\Users\DELL\Desktop\Wbudowane\wbudowane_ekg\heart_monitor\emwin\emWin_library\MCUXpresso\libemWin_M4F.a(WM.o)
                0x00007568                WM__GetNextIVR
 .text.WM__InitIVRSearch
                0x000076d4       0xfc C:\Users\DELL\Desktop\Wbudowane\wbudowane_ekg\heart_monitor\emwin\emWin_library\MCUXpresso\libemWin_M4F.a(WM.o)
                0x000076d4                WM__InitIVRSearch
 .text.WM_SetDefault
                0x000077d0       0x14 C:\Users\DELL\Desktop\Wbudowane\wbudowane_ekg\heart_monitor\emwin\emWin_library\MCUXpresso\libemWin_M4F.a(WM.o)
                0x000077d0                WM_SetDefault
 .text.WM__Paint1
                0x000077e4       0x94 C:\Users\DELL\Desktop\Wbudowane\wbudowane_ekg\heart_monitor\emwin\emWin_library\MCUXpresso\libemWin_M4F.a(WM.o)
                0x000077e4                WM__Paint1
 .text.WM__Paint
                0x00007878       0xb4 C:\Users\DELL\Desktop\Wbudowane\wbudowane_ekg\heart_monitor\emwin\emWin_library\MCUXpresso\libemWin_M4F.a(WM.o)
                0x00007878                WM__Paint
 .text._Exec1Draw
                0x0000792c       0x7c C:\Users\DELL\Desktop\Wbudowane\wbudowane_ekg\heart_monitor\emwin\emWin_library\MCUXpresso\libemWin_M4F.a(WM.o)
 .text.WM__DeleteSecure
                0x000079a8       0x1c C:\Users\DELL\Desktop\Wbudowane\wbudowane_ekg\heart_monitor\emwin\emWin_library\MCUXpresso\libemWin_M4F.a(WM.o)
                0x000079a8                WM__DeleteSecure
 .text.WM_Exec  0x000079c4       0x6c C:\Users\DELL\Desktop\Wbudowane\wbudowane_ekg\heart_monitor\emwin\emWin_library\MCUXpresso\libemWin_M4F.a(WM.o)
                0x000079c4                WM_Exec
 .text.WM_Activate
                0x00007a30       0x10 C:\Users\DELL\Desktop\Wbudowane\wbudowane_ekg\heart_monitor\emwin\emWin_library\MCUXpresso\libemWin_M4F.a(WM.o)
                0x00007a30                WM_Activate
 .text.WM_Deactivate
                0x00007a40       0x14 C:\Users\DELL\Desktop\Wbudowane\wbudowane_ekg\heart_monitor\emwin\emWin_library\MCUXpresso\libemWin_M4F.a(WM.o)
                0x00007a40                WM_Deactivate
 .text.WM_DefaultProc
                0x00007a54       0x4c C:\Users\DELL\Desktop\Wbudowane\wbudowane_ekg\heart_monitor\emwin\emWin_library\MCUXpresso\libemWin_M4F.a(WM.o)
                0x00007a54                WM_DefaultProc
 .text._cbBackWin
                0x00007aa0       0x48 C:\Users\DELL\Desktop\Wbudowane\wbudowane_ekg\heart_monitor\emwin\emWin_library\MCUXpresso\libemWin_M4F.a(WM.o)
 .text.WM_Init  0x00007ae8       0xbc C:\Users\DELL\Desktop\Wbudowane\wbudowane_ekg\heart_monitor\emwin\emWin_library\MCUXpresso\libemWin_M4F.a(WM.o)
                0x00007ae8                WM_Init
 .text.WM_MULTIBUF_Enable
                0x00007ba4       0x20 C:\Users\DELL\Desktop\Wbudowane\wbudowane_ekg\heart_monitor\emwin\emWin_library\MCUXpresso\libemWin_M4F.a(WM_MULTIBUF.o)
                0x00007ba4                WM_MULTIBUF_Enable
 .text.WM__IsInModalArea
                0x00007bc4       0x50 C:\Users\DELL\Desktop\Wbudowane\wbudowane_ekg\heart_monitor\emwin\emWin_library\MCUXpresso\libemWin_M4F.a(WM_Touch.o)
                0x00007bc4                WM__IsInModalArea
 .text.WM_HandlePID
                0x00007c14      0x298 C:\Users\DELL\Desktop\Wbudowane\wbudowane_ekg\heart_monitor\emwin\emWin_library\MCUXpresso\libemWin_M4F.a(WM_Touch.o)
                0x00007c14                WM_HandlePID
 .text.WM__SendMessage
                0x00007eac       0x38 C:\Users\DELL\Desktop\Wbudowane\wbudowane_ekg\heart_monitor\emwin\emWin_library\MCUXpresso\libemWin_M4F.a(WM__Private.o)
                0x00007eac                WM__SendMessage
 .text.WM__AddCriticalHandle
                0x00007ee4       0x10 C:\Users\DELL\Desktop\Wbudowane\wbudowane_ekg\heart_monitor\emwin\emWin_library\MCUXpresso\libemWin_M4F.a(WM__Private.o)
                0x00007ee4                WM__AddCriticalHandle
 .text.WM__RemoveCriticalHandle
                0x00007ef4       0x30 C:\Users\DELL\Desktop\Wbudowane\wbudowane_ekg\heart_monitor\emwin\emWin_library\MCUXpresso\libemWin_M4F.a(WM__Private.o)
                0x00007ef4                WM__RemoveCriticalHandle
 .text.WM_GetClientRect
                0x00007f24       0x1c C:\Users\DELL\Desktop\Wbudowane\wbudowane_ekg\heart_monitor\emwin\emWin_library\MCUXpresso\libemWin_M4F.a(WM_Lib.o)
                0x00007f24                WM_GetClientRect
 .text.WM_GetDesktopWindow
                0x00007f40        0xc C:\Users\DELL\Desktop\Wbudowane\wbudowane_ekg\heart_monitor\emwin\emWin_library\MCUXpresso\libemWin_M4F.a(WM_Lib.o)
                0x00007f40                WM_GetDesktopWindow
 .text.WM_GetOrgX
                0x00007f4c       0x10 C:\Users\DELL\Desktop\Wbudowane\wbudowane_ekg\heart_monitor\emwin\emWin_library\MCUXpresso\libemWin_M4F.a(WM_Lib.o)
                0x00007f4c                WM_GetOrgX
 .text.WM_GetOrgY
                0x00007f5c       0x10 C:\Users\DELL\Desktop\Wbudowane\wbudowane_ekg\heart_monitor\emwin\emWin_library\MCUXpresso\libemWin_M4F.a(WM_Lib.o)
                0x00007f5c                WM_GetOrgY
 .text.WM_OnKey
                0x00007f6c       0x28 C:\Users\DELL\Desktop\Wbudowane\wbudowane_ekg\heart_monitor\emwin\emWin_library\MCUXpresso\libemWin_M4F.a(WM_Lib.o)
                0x00007f6c                WM_OnKey
 .text.WM_SetFocus
                0x00007f94       0x8c C:\Users\DELL\Desktop\Wbudowane\wbudowane_ekg\heart_monitor\emwin\emWin_library\MCUXpresso\libemWin_M4F.a(WM_Lib.o)
                0x00007f94                WM_SetFocus
 .text.WM_SetUserClipRect
                0x00008020       0x18 C:\Users\DELL\Desktop\Wbudowane\wbudowane_ekg\heart_monitor\emwin\emWin_library\MCUXpresso\libemWin_M4F.a(WM_Lib.o)
                0x00008020                WM_SetUserClipRect
 .text.WM_ValidateWindow
                0x00008038       0x30 C:\Users\DELL\Desktop\Wbudowane\wbudowane_ekg\heart_monitor\emwin\emWin_library\MCUXpresso\libemWin_M4F.a(WM_Lib.o)
                0x00008038                WM_ValidateWindow
 .text.WM_PID__SetPrevState
                0x00008068       0x14 C:\Users\DELL\Desktop\Wbudowane\wbudowane_ekg\heart_monitor\emwin\emWin_library\MCUXpresso\libemWin_M4F.a(WM_PID__GetPrevState.o)
                0x00008068                WM_PID__SetPrevState
 .text.GUI_DEVICE__GetpDevice
                0x0000807c       0x24 C:\Users\DELL\Desktop\Wbudowane\wbudowane_ekg\heart_monitor\emwin\emWin_library\MCUXpresso\libemWin_M4F.a(GUI_Device.o)
                0x0000807c                GUI_DEVICE__GetpDevice
 .text.GUI_DEVICE__GetpDriver
                0x000080a0       0x20 C:\Users\DELL\Desktop\Wbudowane\wbudowane_ekg\heart_monitor\emwin\emWin_library\MCUXpresso\libemWin_M4F.a(GUI_Device.o)
                0x000080a0                GUI_DEVICE__GetpDriver
 .text.GUI_DEVICE_Create
                0x000080c0       0x4c C:\Users\DELL\Desktop\Wbudowane\wbudowane_ekg\heart_monitor\emwin\emWin_library\MCUXpresso\libemWin_M4F.a(GUI_Device.o)
                0x000080c0                GUI_DEVICE_Create
 .text.GUI_DEVICE_Unlink
                0x0000810c       0x34 C:\Users\DELL\Desktop\Wbudowane\wbudowane_ekg\heart_monitor\emwin\emWin_library\MCUXpresso\libemWin_M4F.a(GUI_Device.o)
                0x0000810c                GUI_DEVICE_Unlink
 .text.GUI_DEVICE_Link
                0x00008140       0x84 C:\Users\DELL\Desktop\Wbudowane\wbudowane_ekg\heart_monitor\emwin\emWin_library\MCUXpresso\libemWin_M4F.a(GUI_Device.o)
                0x00008140                GUI_DEVICE_Link
 .text.GUI_DEVICE_CreateAndLink
                0x000081c4       0x28 C:\Users\DELL\Desktop\Wbudowane\wbudowane_ekg\heart_monitor\emwin\emWin_library\MCUXpresso\libemWin_M4F.a(GUI_Device.o)
                0x000081c4                GUI_DEVICE_CreateAndLink
 .text.GUI__strcmp
                0x000081ec       0x1c C:\Users\DELL\Desktop\Wbudowane\wbudowane_ekg\heart_monitor\emwin\emWin_library\MCUXpresso\libemWin_M4F.a(GUI__Private.o)
                0x000081ec                GUI__strcmp
 .text.GUI__strlen
                0x00008208       0x14 C:\Users\DELL\Desktop\Wbudowane\wbudowane_ekg\heart_monitor\emwin\emWin_library\MCUXpresso\libemWin_M4F.a(GUI__Private.o)
                0x00008208                GUI__strlen
 .text.GUI__SetText
                0x0000821c       0x84 C:\Users\DELL\Desktop\Wbudowane\wbudowane_ekg\heart_monitor\emwin\emWin_library\MCUXpresso\libemWin_M4F.a(GUI__Private.o)
                0x0000821c                GUI__SetText
 .text.GUI_StoreKey
                0x000082a0       0x10 C:\Users\DELL\Desktop\Wbudowane\wbudowane_ekg\heart_monitor\emwin\emWin_library\MCUXpresso\libemWin_M4F.a(GUI_OnKey.o)
                0x000082a0                GUI_StoreKey
 .text.GUI_PollKeyMsg
                0x000082b0       0x38 C:\Users\DELL\Desktop\Wbudowane\wbudowane_ekg\heart_monitor\emwin\emWin_library\MCUXpresso\libemWin_M4F.a(GUI_OnKey.o)
                0x000082b0                GUI_PollKeyMsg
 .text._SetDrawMode
                0x000082e8       0x28 C:\Users\DELL\Desktop\Wbudowane\wbudowane_ekg\heart_monitor\emwin\emWin_library\MCUXpresso\libemWin_M4F.a(LCD.o)
 .text.LCD_SetDrawMode
                0x00008310        0xc C:\Users\DELL\Desktop\Wbudowane\wbudowane_ekg\heart_monitor\emwin\emWin_library\MCUXpresso\libemWin_M4F.a(LCD.o)
                0x00008310                LCD_SetDrawMode
 .text.LCD_DrawPixel
                0x0000831c       0x5c C:\Users\DELL\Desktop\Wbudowane\wbudowane_ekg\heart_monitor\emwin\emWin_library\MCUXpresso\libemWin_M4F.a(LCD.o)
                0x0000831c                LCD_DrawPixel
 .text.LCD_DrawHLine
                0x00008378       0x54 C:\Users\DELL\Desktop\Wbudowane\wbudowane_ekg\heart_monitor\emwin\emWin_library\MCUXpresso\libemWin_M4F.a(LCD.o)
                0x00008378                LCD_DrawHLine
 .text.LCD_DrawVLine
                0x000083cc       0x54 C:\Users\DELL\Desktop\Wbudowane\wbudowane_ekg\heart_monitor\emwin\emWin_library\MCUXpresso\libemWin_M4F.a(LCD.o)
                0x000083cc                LCD_DrawVLine
 .text.LCD_FillRect
                0x00008420       0x58 C:\Users\DELL\Desktop\Wbudowane\wbudowane_ekg\heart_monitor\emwin\emWin_library\MCUXpresso\libemWin_M4F.a(LCD.o)
                0x00008420                LCD_FillRect
 .text.LCD__DrawBitmap_1bpp
                0x00008478      0x1bc C:\Users\DELL\Desktop\Wbudowane\wbudowane_ekg\heart_monitor\emwin\emWin_library\MCUXpresso\libemWin_M4F.a(LCD.o)
                0x00008478                LCD__DrawBitmap_1bpp
 .text.LCD_DrawBitmap
                0x00008634      0x210 C:\Users\DELL\Desktop\Wbudowane\wbudowane_ekg\heart_monitor\emwin\emWin_library\MCUXpresso\libemWin_M4F.a(LCD.o)
                0x00008634                LCD_DrawBitmap
 .text.LCD_SetClipRectMax
                0x00008844       0x1c C:\Users\DELL\Desktop\Wbudowane\wbudowane_ekg\heart_monitor\emwin\emWin_library\MCUXpresso\libemWin_M4F.a(LCD.o)
                0x00008844                LCD_SetClipRectMax
 .text.LCD_Init
                0x00008860       0x94 C:\Users\DELL\Desktop\Wbudowane\wbudowane_ekg\heart_monitor\emwin\emWin_library\MCUXpresso\libemWin_M4F.a(LCD.o)
                0x00008860                LCD_Init
 .text.LCD_Color2Index
                0x000088f4       0x1c C:\Users\DELL\Desktop\Wbudowane\wbudowane_ekg\heart_monitor\emwin\emWin_library\MCUXpresso\libemWin_M4F.a(LCD.o)
                0x000088f4                LCD_Color2Index
 .text.LCD_Index2Color
                0x00008910       0x1c C:\Users\DELL\Desktop\Wbudowane\wbudowane_ekg\heart_monitor\emwin\emWin_library\MCUXpresso\libemWin_M4F.a(LCD.o)
                0x00008910                LCD_Index2Color
 .text.LCD_SetColorIndex
                0x0000892c       0x18 C:\Users\DELL\Desktop\Wbudowane\wbudowane_ekg\heart_monitor\emwin\emWin_library\MCUXpresso\libemWin_M4F.a(LCD.o)
                0x0000892c                LCD_SetColorIndex
 .text._SetColor
                0x00008944       0x20 C:\Users\DELL\Desktop\Wbudowane\wbudowane_ekg\heart_monitor\emwin\emWin_library\MCUXpresso\libemWin_M4F.a(LCD.o)
 .text.LCD_SetBkColorIndex
                0x00008964       0x18 C:\Users\DELL\Desktop\Wbudowane\wbudowane_ekg\heart_monitor\emwin\emWin_library\MCUXpresso\libemWin_M4F.a(LCD.o)
                0x00008964                LCD_SetBkColorIndex
 .text._SetBkColor
                0x0000897c       0x20 C:\Users\DELL\Desktop\Wbudowane\wbudowane_ekg\heart_monitor\emwin\emWin_library\MCUXpresso\libemWin_M4F.a(LCD.o)
 .text.LCD_SetBkColor
                0x0000899c        0xc C:\Users\DELL\Desktop\Wbudowane\wbudowane_ekg\heart_monitor\emwin\emWin_library\MCUXpresso\libemWin_M4F.a(LCD.o)
                0x0000899c                LCD_SetBkColor
 .text.LCD_SetColor
                0x000089a8        0xc C:\Users\DELL\Desktop\Wbudowane\wbudowane_ekg\heart_monitor\emwin\emWin_library\MCUXpresso\libemWin_M4F.a(LCD.o)
                0x000089a8                LCD_SetColor
 .text.GUI_UC__GetCharCodeInc
                0x000089b4       0x28 C:\Users\DELL\Desktop\Wbudowane\wbudowane_ekg\heart_monitor\emwin\emWin_library\MCUXpresso\libemWin_M4F.a(GUI_UC.o)
                0x000089b4                GUI_UC__GetCharCodeInc
 .text.GUI_UC__NumChars2NumBytes
                0x000089dc       0x28 C:\Users\DELL\Desktop\Wbudowane\wbudowane_ekg\heart_monitor\emwin\emWin_library\MCUXpresso\libemWin_M4F.a(GUI_UC.o)
                0x000089dc                GUI_UC__NumChars2NumBytes
 .text._Color2Index
                0x00008a04       0x10 C:\Users\DELL\Desktop\Wbudowane\wbudowane_ekg\heart_monitor\emwin\emWin_library\MCUXpresso\libemWin_M4F.a(GUI_EnableAlpha.o)
 .text._Index2Color
                0x00008a14       0x10 C:\Users\DELL\Desktop\Wbudowane\wbudowane_ekg\heart_monitor\emwin\emWin_library\MCUXpresso\libemWin_M4F.a(GUI_EnableAlpha.o)
 .text._GetIndexMask
                0x00008a24       0x10 C:\Users\DELL\Desktop\Wbudowane\wbudowane_ekg\heart_monitor\emwin\emWin_library\MCUXpresso\libemWin_M4F.a(GUI_EnableAlpha.o)
 .text._SwapIndices
                0x00008a34       0x18 C:\Users\DELL\Desktop\Wbudowane\wbudowane_ekg\heart_monitor\emwin\emWin_library\MCUXpresso\libemWin_M4F.a(GUI_EnableAlpha.o)
 .text._SwapColors
                0x00008a4c       0x18 C:\Users\DELL\Desktop\Wbudowane\wbudowane_ekg\heart_monitor\emwin\emWin_library\MCUXpresso\libemWin_M4F.a(GUI_EnableAlpha.o)
 .text._ManageAlpha
                0x00008a64       0x74 C:\Users\DELL\Desktop\Wbudowane\wbudowane_ekg\heart_monitor\emwin\emWin_library\MCUXpresso\libemWin_M4F.a(GUI_EnableAlpha.o)
 .text._SetDrawMode
                0x00008ad8       0x30 C:\Users\DELL\Desktop\Wbudowane\wbudowane_ekg\heart_monitor\emwin\emWin_library\MCUXpresso\libemWin_M4F.a(GUI_EnableAlpha.o)
 .text._SetBkColor
                0x00008b08       0x38 C:\Users\DELL\Desktop\Wbudowane\wbudowane_ekg\heart_monitor\emwin\emWin_library\MCUXpresso\libemWin_M4F.a(GUI_EnableAlpha.o)
 .text._SetColor
                0x00008b40       0x38 C:\Users\DELL\Desktop\Wbudowane\wbudowane_ekg\heart_monitor\emwin\emWin_library\MCUXpresso\libemWin_M4F.a(GUI_EnableAlpha.o)
 .text._DrawBitmap
                0x00008b78      0x12c C:\Users\DELL\Desktop\Wbudowane\wbudowane_ekg\heart_monitor\emwin\emWin_library\MCUXpresso\libemWin_M4F.a(GUI_EnableAlpha.o)
 .text._OnExit  0x00008ca4       0x24 C:\Users\DELL\Desktop\Wbudowane\wbudowane_ekg\heart_monitor\emwin\emWin_library\MCUXpresso\libemWin_M4F.a(GUI_EnableAlpha.o)
 .text._Color2IndexBulk
                0x00008cc8       0x88 C:\Users\DELL\Desktop\Wbudowane\wbudowane_ekg\heart_monitor\emwin\emWin_library\MCUXpresso\libemWin_M4F.a(GUI_EnableAlpha.o)
 .text._Index2ColorBulk
                0x00008d50       0x88 C:\Users\DELL\Desktop\Wbudowane\wbudowane_ekg\heart_monitor\emwin\emWin_library\MCUXpresso\libemWin_M4F.a(GUI_EnableAlpha.o)
 .text.GUI_EnableAlpha
                0x00008dd8       0xc0 C:\Users\DELL\Desktop\Wbudowane\wbudowane_ekg\heart_monitor\emwin\emWin_library\MCUXpresso\libemWin_M4F.a(GUI_EnableAlpha.o)
                0x00008dd8                GUI_EnableAlpha
 .text.GUI_Delay
                0x00008e98       0x30 C:\Users\DELL\Desktop\Wbudowane\wbudowane_ekg\heart_monitor\emwin\emWin_library\MCUXpresso\libemWin_M4F.a(GUI_Time.o)
                0x00008e98                GUI_Delay
 .text.LCD_GetXSize
                0x00008ec8       0x10 C:\Users\DELL\Desktop\Wbudowane\wbudowane_ekg\heart_monitor\emwin\emWin_library\MCUXpresso\libemWin_M4F.a(LCD_GetEx.o)
                0x00008ec8                LCD_GetXSize
 .text.LCD_GetYSize
                0x00008ed8       0x10 C:\Users\DELL\Desktop\Wbudowane\wbudowane_ekg\heart_monitor\emwin\emWin_library\MCUXpresso\libemWin_M4F.a(LCD_GetEx.o)
                0x00008ed8                LCD_GetYSize
 .text.LCD_GetNumColors
                0x00008ee8       0x10 C:\Users\DELL\Desktop\Wbudowane\wbudowane_ekg\heart_monitor\emwin\emWin_library\MCUXpresso\libemWin_M4F.a(LCD_GetEx.o)
                0x00008ee8                LCD_GetNumColors
 .text.GUI_GetBitsPerPixelEx
                0x00008ef8       0x14 C:\Users\DELL\Desktop\Wbudowane\wbudowane_ekg\heart_monitor\emwin\emWin_library\MCUXpresso\libemWin_M4F.a(LCD_GetEx.o)
                0x00008ef8                GUI_GetBitsPerPixelEx
 .text.LCD_GetPalette
                0x00008f0c       0x10 C:\Users\DELL\Desktop\Wbudowane\wbudowane_ekg\heart_monitor\emwin\emWin_library\MCUXpresso\libemWin_M4F.a(LCD_GetEx.o)
                0x00008f0c                LCD_GetPalette
 .text.GUI_GetpfIndex2ColorEx
                0x00008f1c       0x10 C:\Users\DELL\Desktop\Wbudowane\wbudowane_ekg\heart_monitor\emwin\emWin_library\MCUXpresso\libemWin_M4F.a(LCD_GetEx.o)
                0x00008f1c                GUI_GetpfIndex2ColorEx
 .text.GUI_GetpfColor2IndexEx
                0x00008f2c       0x10 C:\Users\DELL\Desktop\Wbudowane\wbudowane_ekg\heart_monitor\emwin\emWin_library\MCUXpresso\libemWin_M4F.a(LCD_GetEx.o)
                0x00008f2c                GUI_GetpfColor2IndexEx
 .text.LCD_SetDisplaySize
                0x00008f3c       0x14 C:\Users\DELL\Desktop\Wbudowane\wbudowane_ekg\heart_monitor\emwin\emWin_library\MCUXpresso\libemWin_M4F.a(LCD_GetEx.o)
                0x00008f3c                LCD_SetDisplaySize
 .text.LCD_GetXSizeDisplay
                0x00008f50        0xc C:\Users\DELL\Desktop\Wbudowane\wbudowane_ekg\heart_monitor\emwin\emWin_library\MCUXpresso\libemWin_M4F.a(LCD_GetEx.o)
                0x00008f50                LCD_GetXSizeDisplay
 .text.LCD_GetYSizeDisplay
                0x00008f5c        0xc C:\Users\DELL\Desktop\Wbudowane\wbudowane_ekg\heart_monitor\emwin\emWin_library\MCUXpresso\libemWin_M4F.a(LCD_GetEx.o)
                0x00008f5c                LCD_GetYSizeDisplay
 .text.LCD_Index2Color_565
                0x00008f68       0x2c C:\Users\DELL\Desktop\Wbudowane\wbudowane_ekg\heart_monitor\emwin\emWin_library\MCUXpresso\libemWin_M4F.a(GUICC_565.o)
                0x00008f68                LCD_Index2Color_565
 .text._Color2Index_565
                0x00008f94       0x28 C:\Users\DELL\Desktop\Wbudowane\wbudowane_ekg\heart_monitor\emwin\emWin_library\MCUXpresso\libemWin_M4F.a(GUICC_565.o)
 .text._Color2IndexBulk
                0x00008fbc       0x38 C:\Users\DELL\Desktop\Wbudowane\wbudowane_ekg\heart_monitor\emwin\emWin_library\MCUXpresso\libemWin_M4F.a(GUICC_565.o)
 .text._Index2ColorBulk
                0x00008ff4       0x44 C:\Users\DELL\Desktop\Wbudowane\wbudowane_ekg\heart_monitor\emwin\emWin_library\MCUXpresso\libemWin_M4F.a(GUICC_565.o)
 .text.GUI_GetCursorLayer
                0x00009038       0x10 C:\Users\DELL\Desktop\Wbudowane\wbudowane_ekg\heart_monitor\emwin\emWin_library\MCUXpresso\libemWin_M4F.a(GUI_SelectLayer.o)
                0x00009038                GUI_GetCursorLayer
 .text.GUI_SelectLayer
                0x00009048       0x24 C:\Users\DELL\Desktop\Wbudowane\wbudowane_ekg\heart_monitor\emwin\emWin_library\MCUXpresso\libemWin_M4F.a(GUI_SelectLayer.o)
                0x00009048                GUI_SelectLayer
 .text.LCD_SetClipRectEx
                0x0000906c       0x30 C:\Users\DELL\Desktop\Wbudowane\wbudowane_ekg\heart_monitor\emwin\emWin_library\MCUXpresso\libemWin_M4F.a(LCD_SetClipRectEx.o)
                0x0000906c                LCD_SetClipRectEx
 .text._OnExit  0x0000909c       0x1c C:\Users\DELL\Desktop\Wbudowane\wbudowane_ekg\heart_monitor\emwin\emWin_library\MCUXpresso\libemWin_M4F.a(GUI_Timer.o)
 .text.GUI_TIMER_Exec
                0x000090b8       0x64 C:\Users\DELL\Desktop\Wbudowane\wbudowane_ekg\heart_monitor\emwin\emWin_library\MCUXpresso\libemWin_M4F.a(GUI_Timer.o)
                0x000090b8                GUI_TIMER_Exec
 .text._Link    0x0000911c       0x90 C:\Users\DELL\Desktop\Wbudowane\wbudowane_ekg\heart_monitor\emwin\emWin_library\MCUXpresso\libemWin_M4F.a(GUI_Timer.o)
 .text._Unlink  0x000091ac       0x4c C:\Users\DELL\Desktop\Wbudowane\wbudowane_ekg\heart_monitor\emwin\emWin_library\MCUXpresso\libemWin_M4F.a(GUI_Timer.o)
 .text.GUI_TIMER__GetFirstTimer
                0x000091f8       0x30 C:\Users\DELL\Desktop\Wbudowane\wbudowane_ekg\heart_monitor\emwin\emWin_library\MCUXpresso\libemWin_M4F.a(GUI_Timer.o)
                0x000091f8                GUI_TIMER__GetFirstTimer
 .text.GUI_TIMER_Create
                0x00009228       0x98 C:\Users\DELL\Desktop\Wbudowane\wbudowane_ekg\heart_monitor\emwin\emWin_library\MCUXpresso\libemWin_M4F.a(GUI_Timer.o)
                0x00009228                GUI_TIMER_Create
 .text.GUI_TIMER_Delete
                0x000092c0       0x68 C:\Users\DELL\Desktop\Wbudowane\wbudowane_ekg\heart_monitor\emwin\emWin_library\MCUXpresso\libemWin_M4F.a(GUI_Timer.o)
                0x000092c0                GUI_TIMER_Delete
 .text.GUIPROP_DispChar
                0x00009328       0xec C:\Users\DELL\Desktop\Wbudowane\wbudowane_ekg\heart_monitor\emwin\emWin_library\MCUXpresso\libemWin_M4F.a(GUI_CharP.o)
                0x00009328                GUIPROP_DispChar
 .text.GUIPROP_GetCharDistX
                0x00009414       0x3c C:\Users\DELL\Desktop\Wbudowane\wbudowane_ekg\heart_monitor\emwin\emWin_library\MCUXpresso\libemWin_M4F.a(GUI_CharP.o)
                0x00009414                GUIPROP_GetCharDistX
 .text._Color2Index
                0x00009450       0x1c C:\Users\DELL\Desktop\Wbudowane\wbudowane_ekg\heart_monitor\emwin\emWin_library\MCUXpresso\libemWin_M4F.a(GUI_SetAlpha.o)
 .text._Index2Color
                0x0000946c       0x1c C:\Users\DELL\Desktop\Wbudowane\wbudowane_ekg\heart_monitor\emwin\emWin_library\MCUXpresso\libemWin_M4F.a(GUI_SetAlpha.o)
 .text._GetIndexMask
                0x00009488       0x1c C:\Users\DELL\Desktop\Wbudowane\wbudowane_ekg\heart_monitor\emwin\emWin_library\MCUXpresso\libemWin_M4F.a(GUI_SetAlpha.o)
 .text.GUI_SetAlpha
                0x000094a4      0x110 C:\Users\DELL\Desktop\Wbudowane\wbudowane_ekg\heart_monitor\emwin\emWin_library\MCUXpresso\libemWin_M4F.a(GUI_SetAlpha.o)
                0x000094a4                GUI_SetAlpha
 .text._OnExit  0x000095b4       0x34 C:\Users\DELL\Desktop\Wbudowane\wbudowane_ekg\heart_monitor\emwin\emWin_library\MCUXpresso\libemWin_M4F.a(GUI_SetAlpha.o)
 .text._ReadRectFromMemdev
                0x000095e8       0xa0 C:\Users\DELL\Desktop\Wbudowane\wbudowane_ekg\heart_monitor\emwin\emWin_library\MCUXpresso\libemWin_M4F.a(GUI_SetAlpha.o)
 .text._Color2IndexBulk
                0x00009688       0xb4 C:\Users\DELL\Desktop\Wbudowane\wbudowane_ekg\heart_monitor\emwin\emWin_library\MCUXpresso\libemWin_M4F.a(GUI_SetAlpha.o)
 .text._Index2ColorBulk
                0x0000973c       0xb4 C:\Users\DELL\Desktop\Wbudowane\wbudowane_ekg\heart_monitor\emwin\emWin_library\MCUXpresso\libemWin_M4F.a(GUI_SetAlpha.o)
 .text._MixColors
                0x000097f0       0x58 C:\Users\DELL\Desktop\Wbudowane\wbudowane_ekg\heart_monitor\emwin\emWin_library\MCUXpresso\libemWin_M4F.a(GUI_SetAlpha.o)
 .text._DrawVLine
                0x00009848       0x48 C:\Users\DELL\Desktop\Wbudowane\wbudowane_ekg\heart_monitor\emwin\emWin_library\MCUXpresso\libemWin_M4F.a(GUI_SetAlpha.o)
 .text._GetLine
                0x00009890       0xb0 C:\Users\DELL\Desktop\Wbudowane\wbudowane_ekg\heart_monitor\emwin\emWin_library\MCUXpresso\libemWin_M4F.a(GUI_SetAlpha.o)
 .text._DrawBitmapLine.isra.6
                0x00009940       0x5c C:\Users\DELL\Desktop\Wbudowane\wbudowane_ekg\heart_monitor\emwin\emWin_library\MCUXpresso\libemWin_M4F.a(GUI_SetAlpha.o)
 .text._DrawHLine
                0x0000999c       0xd8 C:\Users\DELL\Desktop\Wbudowane\wbudowane_ekg\heart_monitor\emwin\emWin_library\MCUXpresso\libemWin_M4F.a(GUI_SetAlpha.o)
 .text._DrawBitmap
                0x00009a74      0x5ec C:\Users\DELL\Desktop\Wbudowane\wbudowane_ekg\heart_monitor\emwin\emWin_library\MCUXpresso\libemWin_M4F.a(GUI_SetAlpha.o)
 .text.GUI__AlphaPreserveTrans
                0x0000a060       0x24 C:\Users\DELL\Desktop\Wbudowane\wbudowane_ekg\heart_monitor\emwin\emWin_library\MCUXpresso\libemWin_M4F.a(GUI_SetAlpha.o)
                0x0000a060                GUI__AlphaPreserveTrans
 .text.GUI_CURSOR_SetPositionEx
                0x0000a084       0x60 C:\Users\DELL\Desktop\Wbudowane\wbudowane_ekg\heart_monitor\emwin\emWin_library\MCUXpresso\libemWin_M4F.a(GUI_Cursor.o)
                0x0000a084                GUI_CURSOR_SetPositionEx
 .text._PushFreeBlock
                0x0000a0e4       0x24 C:\Users\DELL\Desktop\Wbudowane\wbudowane_ekg\heart_monitor\emwin\emWin_library\MCUXpresso\libemWin_M4F.a(GUI_Alloc.o)
 .text._RemoveFreeBlock
                0x0000a108       0x40 C:\Users\DELL\Desktop\Wbudowane\wbudowane_ekg\heart_monitor\emwin\emWin_library\MCUXpresso\libemWin_M4F.a(GUI_Alloc.o)
 .text._AddFreeMemory
                0x0000a148       0xa4 C:\Users\DELL\Desktop\Wbudowane\wbudowane_ekg\heart_monitor\emwin\emWin_library\MCUXpresso\libemWin_M4F.a(GUI_Alloc.o)
 .text._RemoveHoles
                0x0000a1ec       0x94 C:\Users\DELL\Desktop\Wbudowane\wbudowane_ekg\heart_monitor\emwin\emWin_library\MCUXpresso\libemWin_M4F.a(GUI_Alloc.o)
 .text.GUI_ALLOC_FreeFixedBlock
                0x0000a280       0x14 C:\Users\DELL\Desktop\Wbudowane\wbudowane_ekg\heart_monitor\emwin\emWin_library\MCUXpresso\libemWin_M4F.a(GUI_Alloc.o)
                0x0000a280                GUI_ALLOC_FreeFixedBlock
 .text.GUI_ALLOC_h2p
                0x0000a294       0x14 C:\Users\DELL\Desktop\Wbudowane\wbudowane_ekg\heart_monitor\emwin\emWin_library\MCUXpresso\libemWin_M4F.a(GUI_Alloc.o)
                0x0000a294                GUI_ALLOC_h2p
 .text.GUI_ALLOC_LockH
                0x0000a2a8       0x1c C:\Users\DELL\Desktop\Wbudowane\wbudowane_ekg\heart_monitor\emwin\emWin_library\MCUXpresso\libemWin_M4F.a(GUI_Alloc.o)
                0x0000a2a8                GUI_ALLOC_LockH
 .text.GUI_ALLOC_UnlockH
                0x0000a2c4       0x30 C:\Users\DELL\Desktop\Wbudowane\wbudowane_ekg\heart_monitor\emwin\emWin_library\MCUXpresso\libemWin_M4F.a(GUI_Alloc.o)
                0x0000a2c4                GUI_ALLOC_UnlockH
 .text.GUI_ALLOC_AssignMemory
                0x0000a2f4       0x10 C:\Users\DELL\Desktop\Wbudowane\wbudowane_ekg\heart_monitor\emwin\emWin_library\MCUXpresso\libemWin_M4F.a(GUI_Alloc.o)
                0x0000a2f4                GUI_ALLOC_AssignMemory
 .text.GUI_ALLOC_GetSize
                0x0000a304       0x18 C:\Users\DELL\Desktop\Wbudowane\wbudowane_ekg\heart_monitor\emwin\emWin_library\MCUXpresso\libemWin_M4F.a(GUI_Alloc.o)
                0x0000a304                GUI_ALLOC_GetSize
 .text.GUI_ALLOC_Free
                0x0000a31c       0x28 C:\Users\DELL\Desktop\Wbudowane\wbudowane_ekg\heart_monitor\emwin\emWin_library\MCUXpresso\libemWin_M4F.a(GUI_Alloc.o)
                0x0000a31c                GUI_ALLOC_Free
 .text._EnlargeBlocks
                0x0000a344       0x98 C:\Users\DELL\Desktop\Wbudowane\wbudowane_ekg\heart_monitor\emwin\emWin_library\MCUXpresso\libemWin_M4F.a(GUI_Alloc.o)
 .text._InitOnce
                0x0000a3dc       0x6c C:\Users\DELL\Desktop\Wbudowane\wbudowane_ekg\heart_monitor\emwin\emWin_library\MCUXpresso\libemWin_M4F.a(GUI_Alloc.o)
 .text.GUI_ALLOC_GetFixedBlock
                0x0000a448       0xa8 C:\Users\DELL\Desktop\Wbudowane\wbudowane_ekg\heart_monitor\emwin\emWin_library\MCUXpresso\libemWin_M4F.a(GUI_Alloc.o)
                0x0000a448                GUI_ALLOC_GetFixedBlock
 .text.GUI_ALLOC_GetMaxSize
                0x0000a4f0       0x38 C:\Users\DELL\Desktop\Wbudowane\wbudowane_ekg\heart_monitor\emwin\emWin_library\MCUXpresso\libemWin_M4F.a(GUI_Alloc.o)
                0x0000a4f0                GUI_ALLOC_GetMaxSize
 .text.GUI_ALLOC_RequestSize
                0x0000a528       0x2c C:\Users\DELL\Desktop\Wbudowane\wbudowane_ekg\heart_monitor\emwin\emWin_library\MCUXpresso\libemWin_M4F.a(GUI_Alloc.o)
                0x0000a528                GUI_ALLOC_RequestSize
 .text._Alloc   0x0000a554       0xec C:\Users\DELL\Desktop\Wbudowane\wbudowane_ekg\heart_monitor\emwin\emWin_library\MCUXpresso\libemWin_M4F.a(GUI_Alloc.o)
 .text.GUI_ALLOC_AllocInit
                0x0000a640       0x44 C:\Users\DELL\Desktop\Wbudowane\wbudowane_ekg\heart_monitor\emwin\emWin_library\MCUXpresso\libemWin_M4F.a(GUI_Alloc.o)
                0x0000a640                GUI_ALLOC_AllocInit
 .text.GUI_ALLOC_AllocZero
                0x0000a684       0x30 C:\Users\DELL\Desktop\Wbudowane\wbudowane_ekg\heart_monitor\emwin\emWin_library\MCUXpresso\libemWin_M4F.a(GUI_Alloc.o)
                0x0000a684                GUI_ALLOC_AllocZero
 .text.GUI_ALLOC_Realloc
                0x0000a6b4       0x5c C:\Users\DELL\Desktop\Wbudowane\wbudowane_ekg\heart_monitor\emwin\emWin_library\MCUXpresso\libemWin_M4F.a(GUI_Alloc.o)
                0x0000a6b4                GUI_ALLOC_Realloc
 .text.GL_DrawBitmap
                0x0000a710       0xa8 C:\Users\DELL\Desktop\Wbudowane\wbudowane_ekg\heart_monitor\emwin\emWin_library\MCUXpresso\libemWin_M4F.a(GUI_DrawBitmap.o)
                0x0000a710                GL_DrawBitmap
 .text.GUI_DrawBitmap
                0x0000a7b8       0x4c C:\Users\DELL\Desktop\Wbudowane\wbudowane_ekg\heart_monitor\emwin\emWin_library\MCUXpresso\libemWin_M4F.a(GUI_DrawBitmap.o)
                0x0000a7b8                GUI_DrawBitmap
 .text.GUI__ManageCacheEx
                0x0000a804       0xe4 C:\Users\DELL\Desktop\Wbudowane\wbudowane_ekg\heart_monitor\emwin\emWin_library\MCUXpresso\libemWin_M4F.a(GUI__ManageCache.o)
                0x0000a804                GUI__ManageCacheEx
 .text.GUI__ManageCache
                0x0000a8e8       0x10 C:\Users\DELL\Desktop\Wbudowane\wbudowane_ekg\heart_monitor\emwin\emWin_library\MCUXpresso\libemWin_M4F.a(GUI__ManageCache.o)
                0x0000a8e8                GUI__ManageCache
 .text._DrawBitmapSwapRB
                0x0000a8f8       0x2c C:\Users\DELL\Desktop\Wbudowane\wbudowane_ekg\heart_monitor\emwin\emWin_library\MCUXpresso\libemWin_M4F.a(GUI_DrawBitmap_565.o)
 .text._OnExit  0x0000a924       0x2c C:\Users\DELL\Desktop\Wbudowane\wbudowane_ekg\heart_monitor\emwin\emWin_library\MCUXpresso\libemWin_M4F.a(GUI_PID.o)
 .text.GUI_PID_GetState
                0x0000a950       0x54 C:\Users\DELL\Desktop\Wbudowane\wbudowane_ekg\heart_monitor\emwin\emWin_library\MCUXpresso\libemWin_M4F.a(GUI_PID.o)
                0x0000a950                GUI_PID_GetState
 .text.GUI_PID_StoreState
                0x0000a9a4       0xcc C:\Users\DELL\Desktop\Wbudowane\wbudowane_ekg\heart_monitor\emwin\emWin_library\MCUXpresso\libemWin_M4F.a(GUI_PID.o)
                0x0000a9a4                GUI_PID_StoreState
 .text.GUI_PID_IsEmpty
                0x0000aa70       0x18 C:\Users\DELL\Desktop\Wbudowane\wbudowane_ekg\heart_monitor\emwin\emWin_library\MCUXpresso\libemWin_M4F.a(GUI_PID.o)
                0x0000aa70                GUI_PID_IsEmpty
 .text._OnExit  0x0000aa88       0x54 C:\Users\DELL\Desktop\Wbudowane\wbudowane_ekg\heart_monitor\emwin\emWin_library\MCUXpresso\libemWin_M4F.a(GUI_Core.o)
 .text.GUI_SetDefaultFont
                0x0000aadc        0xc C:\Users\DELL\Desktop\Wbudowane\wbudowane_ekg\heart_monitor\emwin\emWin_library\MCUXpresso\libemWin_M4F.a(GUI_Core.o)
                0x0000aadc                GUI_SetDefaultFont
 .text.GUI_ClearRect
                0x0000aae8       0x60 C:\Users\DELL\Desktop\Wbudowane\wbudowane_ekg\heart_monitor\emwin\emWin_library\MCUXpresso\libemWin_M4F.a(GUI_Core.o)
                0x0000aae8                GUI_ClearRect
 .text.GUI_Clear
                0x0000ab48       0x20 C:\Users\DELL\Desktop\Wbudowane\wbudowane_ekg\heart_monitor\emwin\emWin_library\MCUXpresso\libemWin_M4F.a(GUI_Core.o)
                0x0000ab48                GUI_Clear
 .text.GUI__RegisterExit
                0x0000ab68       0x10 C:\Users\DELL\Desktop\Wbudowane\wbudowane_ekg\heart_monitor\emwin\emWin_library\MCUXpresso\libemWin_M4F.a(GUI_Core.o)
                0x0000ab68                GUI__RegisterExit
 .text.GUI__Config
                0x0000ab78       0x30 C:\Users\DELL\Desktop\Wbudowane\wbudowane_ekg\heart_monitor\emwin\emWin_library\MCUXpresso\libemWin_M4F.a(GUI_Core.o)
                0x0000ab78                GUI__Config
 .text.GUI_Init
                0x0000aba8      0x104 C:\Users\DELL\Desktop\Wbudowane\wbudowane_ekg\heart_monitor\emwin\emWin_library\MCUXpresso\libemWin_M4F.a(GUI_Core.o)
                0x0000aba8                GUI_Init
 .text.GUI_DCACHE_Clear
                0x0000acac       0x10 C:\Users\DELL\Desktop\Wbudowane\wbudowane_ekg\heart_monitor\emwin\emWin_library\MCUXpresso\libemWin_M4F.a(GUI_Core.o)
                0x0000acac                GUI_DCACHE_Clear
 .text.GUI_GetLineStyle
                0x0000acbc        0xc C:\Users\DELL\Desktop\Wbudowane\wbudowane_ekg\heart_monitor\emwin\emWin_library\MCUXpresso\libemWin_M4F.a(GUI_Common.o)
                0x0000acbc                GUI_GetLineStyle
 .text.GUI_GetOrg
                0x0000acc8       0x1c C:\Users\DELL\Desktop\Wbudowane\wbudowane_ekg\heart_monitor\emwin\emWin_library\MCUXpresso\libemWin_M4F.a(GUI_Common.o)
                0x0000acc8                GUI_GetOrg
 .text.GUI_Exec1
                0x0000ace4       0x40 C:\Users\DELL\Desktop\Wbudowane\wbudowane_ekg\heart_monitor\emwin\emWin_library\MCUXpresso\libemWin_M4F.a(GUI_Common.o)
                0x0000ace4                GUI_Exec1
 .text.GUI_GotoXY
                0x0000ad24       0x10 C:\Users\DELL\Desktop\Wbudowane\wbudowane_ekg\heart_monitor\emwin\emWin_library\MCUXpresso\libemWin_M4F.a(GUI_Common.o)
                0x0000ad24                GUI_GotoXY
 .text.GUI_SetPenSize
                0x0000ad34       0x10 C:\Users\DELL\Desktop\Wbudowane\wbudowane_ekg\heart_monitor\emwin\emWin_library\MCUXpresso\libemWin_M4F.a(GUI_Common.o)
                0x0000ad34                GUI_SetPenSize
 .text.GUI_SaveContext_W
                0x0000ad44       0x14 C:\Users\DELL\Desktop\Wbudowane\wbudowane_ekg\heart_monitor\emwin\emWin_library\MCUXpresso\libemWin_M4F.a(GUI_Common.o)
                0x0000ad44                GUI_SaveContext_W
 .text.GUI_RestoreContext
                0x0000ad58       0x14 C:\Users\DELL\Desktop\Wbudowane\wbudowane_ekg\heart_monitor\emwin\emWin_library\MCUXpresso\libemWin_M4F.a(GUI_Common.o)
                0x0000ad58                GUI_RestoreContext
 .text.GUI_SetColorIndex
                0x0000ad6c       0x14 C:\Users\DELL\Desktop\Wbudowane\wbudowane_ekg\heart_monitor\emwin\emWin_library\MCUXpresso\libemWin_M4F.a(GUI_Common.o)
                0x0000ad6c                GUI_SetColorIndex
 .text.GUI_SetFont
                0x0000ad80       0x14 C:\Users\DELL\Desktop\Wbudowane\wbudowane_ekg\heart_monitor\emwin\emWin_library\MCUXpresso\libemWin_M4F.a(GUI_Common.o)
                0x0000ad80                GUI_SetFont
 .text.GUI_SetLineStyle
                0x0000ad94       0x10 C:\Users\DELL\Desktop\Wbudowane\wbudowane_ekg\heart_monitor\emwin\emWin_library\MCUXpresso\libemWin_M4F.a(GUI_Common.o)
                0x0000ad94                GUI_SetLineStyle
 .text.GUI_SetOrg
                0x0000ada4       0x38 C:\Users\DELL\Desktop\Wbudowane\wbudowane_ekg\heart_monitor\emwin\emWin_library\MCUXpresso\libemWin_M4F.a(GUI_Common.o)
                0x0000ada4                GUI_SetOrg
 .text.GUI_SetTextAlign
                0x0000addc       0x14 C:\Users\DELL\Desktop\Wbudowane\wbudowane_ekg\heart_monitor\emwin\emWin_library\MCUXpresso\libemWin_M4F.a(GUI_Common.o)
                0x0000addc                GUI_SetTextAlign
 .text.GUI_SetTextMode
                0x0000adf0       0x14 C:\Users\DELL\Desktop\Wbudowane\wbudowane_ekg\heart_monitor\emwin\emWin_library\MCUXpresso\libemWin_M4F.a(GUI_Common.o)
                0x0000adf0                GUI_SetTextMode
 .text.GL_SetDefault
                0x0000ae04       0x48 C:\Users\DELL\Desktop\Wbudowane\wbudowane_ekg\heart_monitor\emwin\emWin_library\MCUXpresso\libemWin_M4F.a(GUI_Common.o)
                0x0000ae04                GL_SetDefault
 .text.LCD_Index2Color_M565
                0x0000ae4c       0x2c C:\Users\DELL\Desktop\Wbudowane\wbudowane_ekg\heart_monitor\emwin\emWin_library\MCUXpresso\libemWin_M4F.a(GUICC_M565.o)
                0x0000ae4c                LCD_Index2Color_M565
 .text._Color2Index_M565
                0x0000ae78       0x28 C:\Users\DELL\Desktop\Wbudowane\wbudowane_ekg\heart_monitor\emwin\emWin_library\MCUXpresso\libemWin_M4F.a(GUICC_M565.o)
 .text._Color2IndexBulk
                0x0000aea0       0x5c C:\Users\DELL\Desktop\Wbudowane\wbudowane_ekg\heart_monitor\emwin\emWin_library\MCUXpresso\libemWin_M4F.a(GUICC_M565.o)
 .text._Index2ColorBulk
                0x0000aefc       0x5c C:\Users\DELL\Desktop\Wbudowane\wbudowane_ekg\heart_monitor\emwin\emWin_library\MCUXpresso\libemWin_M4F.a(GUICC_M565.o)
 .text._OnExit  0x0000af58       0x4c C:\Users\DELL\Desktop\Wbudowane\wbudowane_ekg\heart_monitor\emwin\emWin_library\MCUXpresso\libemWin_M4F.a(GUI_MULTIBUF.o)
 .text.GUI_MULTIBUF_BeginEx
                0x0000afa4       0x7c C:\Users\DELL\Desktop\Wbudowane\wbudowane_ekg\heart_monitor\emwin\emWin_library\MCUXpresso\libemWin_M4F.a(GUI_MULTIBUF.o)
                0x0000afa4                GUI_MULTIBUF_BeginEx
 .text.GUI_MULTIBUF_Begin
                0x0000b020       0x10 C:\Users\DELL\Desktop\Wbudowane\wbudowane_ekg\heart_monitor\emwin\emWin_library\MCUXpresso\libemWin_M4F.a(GUI_MULTIBUF.o)
                0x0000b020                GUI_MULTIBUF_Begin
 .text.GUI_MULTIBUF_EndEx
                0x0000b030       0x70 C:\Users\DELL\Desktop\Wbudowane\wbudowane_ekg\heart_monitor\emwin\emWin_library\MCUXpresso\libemWin_M4F.a(GUI_MULTIBUF.o)
                0x0000b030                GUI_MULTIBUF_EndEx
 .text.GUI_MULTIBUF_End
                0x0000b0a0       0x10 C:\Users\DELL\Desktop\Wbudowane\wbudowane_ekg\heart_monitor\emwin\emWin_library\MCUXpresso\libemWin_M4F.a(GUI_MULTIBUF.o)
                0x0000b0a0                GUI_MULTIBUF_End
 .text.GUI_MULTIBUF_ConfirmEx
                0x0000b0b0       0x30 C:\Users\DELL\Desktop\Wbudowane\wbudowane_ekg\heart_monitor\emwin\emWin_library\MCUXpresso\libemWin_M4F.a(GUI_MULTIBUF.o)
                0x0000b0b0                GUI_MULTIBUF_ConfirmEx
 .text.GUI_MULTIBUF_ConfigEx
                0x0000b0e0       0x3c C:\Users\DELL\Desktop\Wbudowane\wbudowane_ekg\heart_monitor\emwin\emWin_library\MCUXpresso\libemWin_M4F.a(GUI_MULTIBUF.o)
                0x0000b0e0                GUI_MULTIBUF_ConfigEx
 .text.GUI_MULTIBUF_Confirm
                0x0000b11c       0x10 C:\Users\DELL\Desktop\Wbudowane\wbudowane_ekg\heart_monitor\emwin\emWin_library\MCUXpresso\libemWin_M4F.a(GUI_MULTIBUF.o)
                0x0000b11c                GUI_MULTIBUF_Confirm
 .text.GUI_MULTIBUF_Config
                0x0000b12c       0x10 C:\Users\DELL\Desktop\Wbudowane\wbudowane_ekg\heart_monitor\emwin\emWin_library\MCUXpresso\libemWin_M4F.a(GUI_MULTIBUF.o)
                0x0000b12c                GUI_MULTIBUF_Config
 .text.GUI_DrawHLine
                0x0000b13c       0x48 C:\Users\DELL\Desktop\Wbudowane\wbudowane_ekg\heart_monitor\emwin\emWin_library\MCUXpresso\libemWin_M4F.a(GUI_DrawLib.o)
                0x0000b13c                GUI_DrawHLine
 .text.GUI_DrawPixel
                0x0000b184       0x44 C:\Users\DELL\Desktop\Wbudowane\wbudowane_ekg\heart_monitor\emwin\emWin_library\MCUXpresso\libemWin_M4F.a(GUI_DrawLib.o)
                0x0000b184                GUI_DrawPixel
 .text.GL_DrawPoint
                0x0000b1c8       0x20 C:\Users\DELL\Desktop\Wbudowane\wbudowane_ekg\heart_monitor\emwin\emWin_library\MCUXpresso\libemWin_M4F.a(GUI_DrawLib.o)
                0x0000b1c8                GL_DrawPoint
 .text.GUI_DrawVLine
                0x0000b1e8       0x44 C:\Users\DELL\Desktop\Wbudowane\wbudowane_ekg\heart_monitor\emwin\emWin_library\MCUXpresso\libemWin_M4F.a(GUI_DrawLib.o)
                0x0000b1e8                GUI_DrawVLine
 .text.GUI_FillRect
                0x0000b22c       0x44 C:\Users\DELL\Desktop\Wbudowane\wbudowane_ekg\heart_monitor\emwin\emWin_library\MCUXpresso\libemWin_M4F.a(GUI_DrawLib.o)
                0x0000b22c                GUI_FillRect
 .text.GUI_DrawFocusRect
                0x0000b270       0x9c C:\Users\DELL\Desktop\Wbudowane\wbudowane_ekg\heart_monitor\emwin\emWin_library\MCUXpresso\libemWin_M4F.a(GUI_DrawLib.o)
                0x0000b270                GUI_DrawFocusRect
 .text._DoClipping
                0x0000b30c       0xa0 C:\Users\DELL\Desktop\Wbudowane\wbudowane_ekg\heart_monitor\emwin\emWin_library\MCUXpresso\libemWin_M4F.a(GUI_DrawBitmap_8888.o)
 .text._CallDrawBitmapHW
                0x0000b3ac       0x98 C:\Users\DELL\Desktop\Wbudowane\wbudowane_ekg\heart_monitor\emwin\emWin_library\MCUXpresso\libemWin_M4F.a(GUI_DrawBitmap_8888.o)
 .text._SetPixelAlpha
                0x0000b444       0x4c C:\Users\DELL\Desktop\Wbudowane\wbudowane_ekg\heart_monitor\emwin\emWin_library\MCUXpresso\libemWin_M4F.a(GUI_DrawBitmap_8888.o)
 .text._DrawBitmap
                0x0000b490      0x4d4 C:\Users\DELL\Desktop\Wbudowane\wbudowane_ekg\heart_monitor\emwin\emWin_library\MCUXpresso\libemWin_M4F.a(GUI_DrawBitmap_8888.o)
 .text._DrawBitmap_8888
                0x0000b964       0x28 C:\Users\DELL\Desktop\Wbudowane\wbudowane_ekg\heart_monitor\emwin\emWin_library\MCUXpresso\libemWin_M4F.a(GUI_DrawBitmap_8888.o)
 .text._DispLine
                0x0000b98c       0x98 C:\Users\DELL\Desktop\Wbudowane\wbudowane_ekg\heart_monitor\emwin\emWin_library\MCUXpresso\libemWin_M4F.a(GUI_CharLine.o)
 .text.GUI__GetLineNumChars
                0x0000ba24       0x3c C:\Users\DELL\Desktop\Wbudowane\wbudowane_ekg\heart_monitor\emwin\emWin_library\MCUXpresso\libemWin_M4F.a(GUI_CharLine.o)
                0x0000ba24                GUI__GetLineNumChars
 .text.GUI__GetLineDistX
                0x0000ba60       0x5c C:\Users\DELL\Desktop\Wbudowane\wbudowane_ekg\heart_monitor\emwin\emWin_library\MCUXpresso\libemWin_M4F.a(GUI_CharLine.o)
                0x0000ba60                GUI__GetLineDistX
 .text.GUI__DispLine
                0x0000babc       0xa4 C:\Users\DELL\Desktop\Wbudowane\wbudowane_ekg\heart_monitor\emwin\emWin_library\MCUXpresso\libemWin_M4F.a(GUI_CharLine.o)
                0x0000babc                GUI__DispLine
 .text.GUI_TOUCH_StoreStateEx
                0x0000bb60       0x54 C:\Users\DELL\Desktop\Wbudowane\wbudowane_ekg\heart_monitor\emwin\emWin_library\MCUXpresso\libemWin_M4F.a(GUI_TOUCH.o)
                0x0000bb60                GUI_TOUCH_StoreStateEx
 .text.GUI_SignalEvent
                0x0000bbb4       0x10 C:\Users\DELL\Desktop\Wbudowane\wbudowane_ekg\heart_monitor\emwin\emWin_library\MCUXpresso\libemWin_M4F.a(GUI_WaitEvent.o)
                0x0000bbb4                GUI_SignalEvent
 .text.GUI_DrawGraphEx
                0x0000bbc4      0x22c C:\Users\DELL\Desktop\Wbudowane\wbudowane_ekg\heart_monitor\emwin\emWin_library\MCUXpresso\libemWin_M4F.a(GUI_DrawGraphEx.o)
                0x0000bbc4                GUI_DrawGraphEx
 .text._SetLineColor
                0x0000bdf0       0x7c C:\Users\DELL\Desktop\Wbudowane\wbudowane_ekg\heart_monitor\emwin\emWin_library\MCUXpresso\libemWin_M4F.a(GUI_DrawLine.o)
 .text.GUI_sin  0x0000be6c       0x5c C:\Users\DELL\Desktop\Wbudowane\wbudowane_ekg\heart_monitor\emwin\emWin_library\MCUXpresso\libemWin_M4F.a(GUI_DrawLine.o)
                0x0000be6c                GUI_sin
 .text.GL_DrawLine1Ex
                0x0000bec8      0x1b4 C:\Users\DELL\Desktop\Wbudowane\wbudowane_ekg\heart_monitor\emwin\emWin_library\MCUXpresso\libemWin_M4F.a(GUI_DrawLine.o)
                0x0000bec8                GL_DrawLine1Ex
 .text.GL_DrawLineEx
                0x0000c07c      0x1ac C:\Users\DELL\Desktop\Wbudowane\wbudowane_ekg\heart_monitor\emwin\emWin_library\MCUXpresso\libemWin_M4F.a(GUI_DrawLine.o)
                0x0000c07c                GL_DrawLineEx
 .text.GUI_DrawLine
                0x0000c228       0x40 C:\Users\DELL\Desktop\Wbudowane\wbudowane_ekg\heart_monitor\emwin\emWin_library\MCUXpresso\libemWin_M4F.a(GUI_DrawLine.o)
                0x0000c228                GUI_DrawLine
 .text.GUI__DispStringInRect
                0x0000c268      0x1f4 C:\Users\DELL\Desktop\Wbudowane\wbudowane_ekg\heart_monitor\emwin\emWin_library\MCUXpresso\libemWin_M4F.a(GUI_DispString.o)
                0x0000c268                GUI__DispStringInRect
 .text.GUI_DispStringInRectWrap
                0x0000c45c      0x1e8 C:\Users\DELL\Desktop\Wbudowane\wbudowane_ekg\heart_monitor\emwin\emWin_library\MCUXpresso\libemWin_M4F.a(GUI_DispString.o)
                0x0000c45c                GUI_DispStringInRectWrap
 .text.GL_FillCircle
                0x0000c644       0xc0 C:\Users\DELL\Desktop\Wbudowane\wbudowane_ekg\heart_monitor\emwin\emWin_library\MCUXpresso\libemWin_M4F.a(GUI_Circ.o)
                0x0000c644                GL_FillCircle
 .text.GUI__ExpandPixelIndicesEx
                0x0000c704      0x190 C:\Users\DELL\Desktop\Wbudowane\wbudowane_ekg\heart_monitor\emwin\emWin_library\MCUXpresso\libemWin_M4F.a(GUI__ExpandPixelIndices.o)
                0x0000c704                GUI__ExpandPixelIndicesEx
 .text.GUI_GetFontDistY
                0x0000c894       0x10 C:\Users\DELL\Desktop\Wbudowane\wbudowane_ekg\heart_monitor\emwin\emWin_library\MCUXpresso\libemWin_M4F.a(GUI_Char.o)
                0x0000c894                GUI_GetFontDistY
 .text.GUI_GetCharDistX
                0x0000c8a4       0x10 C:\Users\DELL\Desktop\Wbudowane\wbudowane_ekg\heart_monitor\emwin\emWin_library\MCUXpresso\libemWin_M4F.a(GUI_Char.o)
                0x0000c8a4                GUI_GetCharDistX
 .text.GUI_GetCharDistXEx
                0x0000c8b4       0x10 C:\Users\DELL\Desktop\Wbudowane\wbudowane_ekg\heart_monitor\emwin\emWin_library\MCUXpresso\libemWin_M4F.a(GUI_Char.o)
                0x0000c8b4                GUI_GetCharDistXEx
 .text._OnExit  0x0000c8c4       0x40 C:\Users\DELL\Desktop\Wbudowane\wbudowane_ekg\heart_monitor\emwin\emWin_library\MCUXpresso\libemWin_M4F.a(GUI__Alpha.o)
 .text.GUI__GetAlphaBuffer
                0x0000c904       0xc8 C:\Users\DELL\Desktop\Wbudowane\wbudowane_ekg\heart_monitor\emwin\emWin_library\MCUXpresso\libemWin_M4F.a(GUI__Alpha.o)
                0x0000c904                GUI__GetAlphaBuffer
 .text.GUI__DoAlphaBlending
                0x0000c9cc      0x1b0 C:\Users\DELL\Desktop\Wbudowane\wbudowane_ekg\heart_monitor\emwin\emWin_library\MCUXpresso\libemWin_M4F.a(GUI__Alpha.o)
                0x0000c9cc                GUI__DoAlphaBlending
 .text.GUI_DrawRect
                0x0000cb7c       0x84 C:\Users\DELL\Desktop\Wbudowane\wbudowane_ekg\heart_monitor\emwin\emWin_library\MCUXpresso\libemWin_M4F.a(GUI_2DLib.o)
                0x0000cb7c                GUI_DrawRect
 .text.GUIMONO_DispChar
                0x0000cc00      0x13c C:\Users\DELL\Desktop\Wbudowane\wbudowane_ekg\heart_monitor\emwin\emWin_library\MCUXpresso\libemWin_M4F.a(GUI_CharM.o)
                0x0000cc00                GUIMONO_DispChar
 .text.GUIMONO_GetCharDistX
                0x0000cd3c       0x18 C:\Users\DELL\Desktop\Wbudowane\wbudowane_ekg\heart_monitor\emwin\emWin_library\MCUXpresso\libemWin_M4F.a(GUI_CharM.o)
                0x0000cd3c                GUIMONO_GetCharDistX
 .text._GetDevData
                0x0000cd54       0x10 C:\Users\DELL\Desktop\Wbudowane\wbudowane_ekg\heart_monitor\emwin\emWin_library\MCUXpresso\libemWin_M4F.a(GUIDEV_16.o)
 .text._GetDevFunc
                0x0000cd64       0x10 C:\Users\DELL\Desktop\Wbudowane\wbudowane_ekg\heart_monitor\emwin\emWin_library\MCUXpresso\libemWin_M4F.a(GUIDEV_16.o)
 .text._XY2PTR  0x0000cd74       0x40 C:\Users\DELL\Desktop\Wbudowane\wbudowane_ekg\heart_monitor\emwin\emWin_library\MCUXpresso\libemWin_M4F.a(GUIDEV_16.o)
 .text._XorPixel
                0x0000cdb4       0x58 C:\Users\DELL\Desktop\Wbudowane\wbudowane_ekg\heart_monitor\emwin\emWin_library\MCUXpresso\libemWin_M4F.a(GUIDEV_16.o)
 .text._SetPixelIndex
                0x0000ce0c       0x4c C:\Users\DELL\Desktop\Wbudowane\wbudowane_ekg\heart_monitor\emwin\emWin_library\MCUXpresso\libemWin_M4F.a(GUIDEV_16.o)
 .text._DrawVLine
                0x0000ce58       0xbc C:\Users\DELL\Desktop\Wbudowane\wbudowane_ekg\heart_monitor\emwin\emWin_library\MCUXpresso\libemWin_M4F.a(GUIDEV_16.o)
 .text._FillRect
                0x0000cf14       0xb4 C:\Users\DELL\Desktop\Wbudowane\wbudowane_ekg\heart_monitor\emwin\emWin_library\MCUXpresso\libemWin_M4F.a(GUIDEV_16.o)
 .text._DrawBitmap
                0x0000cfc8      0x70c C:\Users\DELL\Desktop\Wbudowane\wbudowane_ekg\heart_monitor\emwin\emWin_library\MCUXpresso\libemWin_M4F.a(GUIDEV_16.o)
 .text.GUI_MEMDEV__CreateFixed
                0x0000d6d4      0x128 C:\Users\DELL\Desktop\Wbudowane\wbudowane_ekg\heart_monitor\emwin\emWin_library\MCUXpresso\libemWin_M4F.a(GUIDEV.o)
                0x0000d6d4                GUI_MEMDEV__CreateFixed
 .text.GUI_MEMDEV_Delete
                0x0000d7fc       0x44 C:\Users\DELL\Desktop\Wbudowane\wbudowane_ekg\heart_monitor\emwin\emWin_library\MCUXpresso\libemWin_M4F.a(GUIDEV.o)
                0x0000d7fc                GUI_MEMDEV_Delete
 .text.GUI_MEMDEV_CreateEx
                0x0000d840       0x78 C:\Users\DELL\Desktop\Wbudowane\wbudowane_ekg\heart_monitor\emwin\emWin_library\MCUXpresso\libemWin_M4F.a(GUIDEV.o)
                0x0000d840                GUI_MEMDEV_CreateEx
 .text.GUI_MEMDEV_Select
                0x0000d8b8       0x4c C:\Users\DELL\Desktop\Wbudowane\wbudowane_ekg\heart_monitor\emwin\emWin_library\MCUXpresso\libemWin_M4F.a(GUIDEV.o)
                0x0000d8b8                GUI_MEMDEV_Select
 .text.GUI_MEMDEV_CopyToLCDAt
                0x0000d904       0x94 C:\Users\DELL\Desktop\Wbudowane\wbudowane_ekg\heart_monitor\emwin\emWin_library\MCUXpresso\libemWin_M4F.a(GUIDEV.o)
                0x0000d904                GUI_MEMDEV_CopyToLCDAt
 .text.GUI_MEMDEV_CopyToLCD
                0x0000d998        0xc C:\Users\DELL\Desktop\Wbudowane\wbudowane_ekg\heart_monitor\emwin\emWin_library\MCUXpresso\libemWin_M4F.a(GUIDEV.o)
                0x0000d998                GUI_MEMDEV_CopyToLCD
 .text.GUI_MEMDEV__WriteToActiveOpaque
                0x0000d9a4      0x70c C:\Users\DELL\Desktop\Wbudowane\wbudowane_ekg\heart_monitor\emwin\emWin_library\MCUXpresso\libemWin_M4F.a(GUIDEV_WriteToActiveOpaque.o)
                0x0000d9a4                GUI_MEMDEV__WriteToActiveOpaque
 .text.GUI_MEMDEV_GetXPos
                0x0000e0b0       0x30 C:\Users\DELL\Desktop\Wbudowane\wbudowane_ekg\heart_monitor\emwin\emWin_library\MCUXpresso\libemWin_M4F.a(GUIDEV_GetPos.o)
                0x0000e0b0                GUI_MEMDEV_GetXPos
 .text.GUI_MEMDEV_GetYPos
                0x0000e0e0       0x30 C:\Users\DELL\Desktop\Wbudowane\wbudowane_ekg\heart_monitor\emwin\emWin_library\MCUXpresso\libemWin_M4F.a(GUIDEV_GetPos.o)
                0x0000e0e0                GUI_MEMDEV_GetYPos
 .text._CreateStaticDevice
                0x0000e110      0x160 C:\Users\DELL\Desktop\Wbudowane\wbudowane_ekg\heart_monitor\emwin\emWin_library\MCUXpresso\libemWin_M4F.a(GUIDEV_StaticDevices.o)
 .text.GUI_MEMDEV_WriteAt
                0x0000e270       0x60 C:\Users\DELL\Desktop\Wbudowane\wbudowane_ekg\heart_monitor\emwin\emWin_library\MCUXpresso\libemWin_M4F.a(GUIDEV_Write.o)
                0x0000e270                GUI_MEMDEV_WriteAt
 .text.GUI_MEMDEV_Write
                0x0000e2d0        0xc C:\Users\DELL\Desktop\Wbudowane\wbudowane_ekg\heart_monitor\emwin\emWin_library\MCUXpresso\libemWin_M4F.a(GUIDEV_Write.o)
                0x0000e2d0                GUI_MEMDEV_Write
 .text.GUI_MEMDEV_GetXSize
                0x0000e2dc       0x30 C:\Users\DELL\Desktop\Wbudowane\wbudowane_ekg\heart_monitor\emwin\emWin_library\MCUXpresso\libemWin_M4F.a(GUIDEV_GetXSize.o)
                0x0000e2dc                GUI_MEMDEV_GetXSize
 .text.GUI_MEMDEV_SetOrg
                0x0000e30c       0x58 C:\Users\DELL\Desktop\Wbudowane\wbudowane_ekg\heart_monitor\emwin\emWin_library\MCUXpresso\libemWin_M4F.a(GUIDEV_SetOrg.o)
                0x0000e30c                GUI_MEMDEV_SetOrg
 .text.GUI_MEMDEV_GetYSize
                0x0000e364       0x30 C:\Users\DELL\Desktop\Wbudowane\wbudowane_ekg\heart_monitor\emwin\emWin_library\MCUXpresso\libemWin_M4F.a(GUIDEV_GetYSize.o)
                0x0000e364                GUI_MEMDEV_GetYSize
 .text._GetDevData
                0x0000e394       0x10 C:\Users\DELL\Desktop\Wbudowane\wbudowane_ekg\heart_monitor\emwin\emWin_library\MCUXpresso\libemWin_M4F.a(GUIDEV_32.o)
 .text._GetDevFunc
                0x0000e3a4       0x10 C:\Users\DELL\Desktop\Wbudowane\wbudowane_ekg\heart_monitor\emwin\emWin_library\MCUXpresso\libemWin_M4F.a(GUIDEV_32.o)
 .text._XY2PTR  0x0000e3b4       0x40 C:\Users\DELL\Desktop\Wbudowane\wbudowane_ekg\heart_monitor\emwin\emWin_library\MCUXpresso\libemWin_M4F.a(GUIDEV_32.o)
 .text._XorPixel
                0x0000e3f4       0x5c C:\Users\DELL\Desktop\Wbudowane\wbudowane_ekg\heart_monitor\emwin\emWin_library\MCUXpresso\libemWin_M4F.a(GUIDEV_32.o)
 .text._SetPixelIndex
                0x0000e450       0x4c C:\Users\DELL\Desktop\Wbudowane\wbudowane_ekg\heart_monitor\emwin\emWin_library\MCUXpresso\libemWin_M4F.a(GUIDEV_32.o)
 .text._DrawVLine
                0x0000e49c       0xb0 C:\Users\DELL\Desktop\Wbudowane\wbudowane_ekg\heart_monitor\emwin\emWin_library\MCUXpresso\libemWin_M4F.a(GUIDEV_32.o)
 .text._FillRect
                0x0000e54c       0xb0 C:\Users\DELL\Desktop\Wbudowane\wbudowane_ekg\heart_monitor\emwin\emWin_library\MCUXpresso\libemWin_M4F.a(GUIDEV_32.o)
 .text._DrawBitmap
                0x0000e5fc      0x6f8 C:\Users\DELL\Desktop\Wbudowane\wbudowane_ekg\heart_monitor\emwin\emWin_library\MCUXpresso\libemWin_M4F.a(GUIDEV_32.o)
 .text.GUI_MEMDEV__SetAlphaCallback
                0x0000ecf4        0xc C:\Users\DELL\Desktop\Wbudowane\wbudowane_ekg\heart_monitor\emwin\emWin_library\MCUXpresso\libemWin_M4F.a(GUIDEV_Banding.o)
                0x0000ecf4                GUI_MEMDEV__SetAlphaCallback
 .text.GUI_MEMDEV_Draw
                0x0000ed00      0x160 C:\Users\DELL\Desktop\Wbudowane\wbudowane_ekg\heart_monitor\emwin\emWin_library\MCUXpresso\libemWin_M4F.a(GUIDEV_Banding.o)
                0x0000ed00                GUI_MEMDEV_Draw
 .text.GUI_USAGE_BM_Create
                0x0000ee60       0x54 C:\Users\DELL\Desktop\Wbudowane\wbudowane_ekg\heart_monitor\emwin\emWin_library\MCUXpresso\libemWin_M4F.a(GUIDEV_UsageBM.o)
                0x0000ee60                GUI_USAGE_BM_Create
 .text._ClipX   0x0000eeb4       0x44 C:\Users\DELL\Desktop\Wbudowane\wbudowane_ekg\heart_monitor\emwin\emWin_library\MCUXpresso\libemWin_M4F.a(GUIDEV_WriteToActiveAlpha.o)
 .text._ClipY   0x0000eef8       0x44 C:\Users\DELL\Desktop\Wbudowane\wbudowane_ekg\heart_monitor\emwin\emWin_library\MCUXpresso\libemWin_M4F.a(GUIDEV_WriteToActiveAlpha.o)
 .text._WriteToActiveAlpha
                0x0000ef3c      0x140 C:\Users\DELL\Desktop\Wbudowane\wbudowane_ekg\heart_monitor\emwin\emWin_library\MCUXpresso\libemWin_M4F.a(GUIDEV_WriteToActiveAlpha.o)
 .text.GUI_MEMDEV__WriteToActiveAlpha
                0x0000f07c      0x12c C:\Users\DELL\Desktop\Wbudowane\wbudowane_ekg\heart_monitor\emwin\emWin_library\MCUXpresso\libemWin_M4F.a(GUIDEV_WriteToActiveAlpha.o)
                0x0000f07c                GUI_MEMDEV__WriteToActiveAlpha
 .text.BUTTON_DrawSkinFlex
                0x0000f1a8      0x250 C:\Users\DELL\Desktop\Wbudowane\wbudowane_ekg\heart_monitor\emwin\emWin_library\MCUXpresso\libemWin_M4F.a(BUTTON_SkinFlex.o)
                0x0000f1a8                BUTTON_DrawSkinFlex
 .text.SCROLLBAR_CreateUser
                0x0000f3f8       0xd8 C:\Users\DELL\Desktop\Wbudowane\wbudowane_ekg\heart_monitor\emwin\emWin_library\MCUXpresso\libemWin_M4F.a(SCROLLBAR.o)
                0x0000f3f8                SCROLLBAR_CreateUser
 .text.SCROLLBAR_Callback
                0x0000f4d0      0x3d0 C:\Users\DELL\Desktop\Wbudowane\wbudowane_ekg\heart_monitor\emwin\emWin_library\MCUXpresso\libemWin_M4F.a(SCROLLBAR.o)
                0x0000f4d0                SCROLLBAR_Callback
 .text.GUI_DRAW_BITMAP_Create
                0x0000f8a0       0x3c C:\Users\DELL\Desktop\Wbudowane\wbudowane_ekg\heart_monitor\emwin\emWin_library\MCUXpresso\libemWin_M4F.a(GUI_DRAW_BITMAP.o)
                0x0000f8a0                GUI_DRAW_BITMAP_Create
 .text.WM_Screen2hWin
                0x0000f8dc       0x14 C:\Users\DELL\Desktop\Wbudowane\wbudowane_ekg\heart_monitor\emwin\emWin_library\MCUXpresso\libemWin_M4F.a(WM_Screen2Win.o)
                0x0000f8dc                WM_Screen2hWin
 .text.WM__ReleaseCapture
                0x0000f8f0       0x20 C:\Users\DELL\Desktop\Wbudowane\wbudowane_ekg\heart_monitor\emwin\emWin_library\MCUXpresso\libemWin_M4F.a(WM_SetCapture.o)
 .text.WM_SetCapture