Archive member included to satisfy reference by file (symbol)

/home/sobriodev/Documents/MCUXpresso_10.2.1_795/heart_monitor/heart_monitor/libs/libpower_hardabi.a(fsl_power_lib.o)
                              ./drivers/fsl_clock.o (POWER_SetVoltageForFreq)
/home/sobriodev/Documents/MCUXpresso_10.2.1_795/heart_monitor/heart_monitor/emwin/emWin_library/MCUXpresso/libemWin_M4F.a(WIDGET.o)
                              ./gui/desktop.o (WIDGET_SetFocusable)
/home/sobriodev/Documents/MCUXpresso_10.2.1_795/heart_monitor/heart_monitor/emwin/emWin_library/MCUXpresso/libemWin_M4F.a(BUTTON_Default.o)
                              ./gui/desktop.o (BUTTON_SetDefaultBkColor)
/home/sobriodev/Documents/MCUXpresso_10.2.1_795/heart_monitor/heart_monitor/emwin/emWin_library/MCUXpresso/libemWin_M4F.a(BUTTON.o)
                              ./gui/desktop.o (BUTTON_CreateEx)
/home/sobriodev/Documents/MCUXpresso_10.2.1_795/heart_monitor/heart_monitor/emwin/emWin_library/MCUXpresso/libemWin_M4F.a(GRAPH_DATA_YT.o)
                              ./gui/plot.o (GRAPH_DATA_YT_Create)
/home/sobriodev/Documents/MCUXpresso_10.2.1_795/heart_monitor/heart_monitor/emwin/emWin_library/MCUXpresso/libemWin_M4F.a(BUTTON_Skin.o)
                              /home/sobriodev/Documents/MCUXpresso_10.2.1_795/heart_monitor/heart_monitor/emwin/emWin_library/MCUXpresso/libemWin_M4F.a(BUTTON.o) (BUTTON__Skin)
/home/sobriodev/Documents/MCUXpresso_10.2.1_795/heart_monitor/heart_monitor/emwin/emWin_library/MCUXpresso/libemWin_M4F.a(WIDGET_Effect_None.o)
                              ./gui/desktop.o (WIDGET_Effect_None)
/home/sobriodev/Documents/MCUXpresso_10.2.1_795/heart_monitor/heart_monitor/emwin/emWin_library/MCUXpresso/libemWin_M4F.a(BUTTON_SkinClassic.o)
                              ./gui/desktop.o (BUTTON_SetDefaultSkinClassic)
/home/sobriodev/Documents/MCUXpresso_10.2.1_795/heart_monitor/heart_monitor/emwin/emWin_library/MCUXpresso/libemWin_M4F.a(GRAPH.o)
                              /home/sobriodev/Documents/MCUXpresso_10.2.1_795/heart_monitor/heart_monitor/emwin/emWin_library/MCUXpresso/libemWin_M4F.a(GRAPH_DATA_YT.o) (GRAPH__InvalidateGraph)
/home/sobriodev/Documents/MCUXpresso_10.2.1_795/heart_monitor/heart_monitor/emwin/emWin_library/MCUXpresso/libemWin_M4F.a(WIDGET_Effect_Simple.o)
                              /home/sobriodev/Documents/MCUXpresso_10.2.1_795/heart_monitor/heart_monitor/emwin/emWin_library/MCUXpresso/libemWin_M4F.a(WIDGET.o) (WIDGET_Effect_Simple)
/home/sobriodev/Documents/MCUXpresso_10.2.1_795/heart_monitor/heart_monitor/emwin/emWin_library/MCUXpresso/libemWin_M4F.a(DIALOG.o)
                              /home/sobriodev/Documents/MCUXpresso_10.2.1_795/heart_monitor/heart_monitor/emwin/emWin_library/MCUXpresso/libemWin_M4F.a(WIDGET.o) (DIALOG_GetBkColor)
/home/sobriodev/Documents/MCUXpresso_10.2.1_795/heart_monitor/heart_monitor/emwin/emWin_library/MCUXpresso/libemWin_M4F.a(BUTTON_Bitmap.o)
                              ./gui/desktop.o (BUTTON_SetBitmap)
/home/sobriodev/Documents/MCUXpresso_10.2.1_795/heart_monitor/heart_monitor/emwin/emWin_library/MCUXpresso/libemWin_M4F.a(GUIDRV_Lin_16.o)
                              ./board/emwin_support.o (GUIDRV_Lin_16_API)
/home/sobriodev/Documents/MCUXpresso_10.2.1_795/heart_monitor/heart_monitor/emwin/emWin_library/MCUXpresso/libemWin_M4F.a(WM_SetFocusOnNextChild.o)
                              /home/sobriodev/Documents/MCUXpresso_10.2.1_795/heart_monitor/heart_monitor/emwin/emWin_library/MCUXpresso/libemWin_M4F.a(DIALOG.o) (WM_SetFocusOnNextChild)
/home/sobriodev/Documents/MCUXpresso_10.2.1_795/heart_monitor/heart_monitor/emwin/emWin_library/MCUXpresso/libemWin_M4F.a(WM_SetTrans.o)
                              /home/sobriodev/Documents/MCUXpresso_10.2.1_795/heart_monitor/heart_monitor/emwin/emWin_library/MCUXpresso/libemWin_M4F.a(GRAPH.o) (WM_GetHasTrans)
/home/sobriodev/Documents/MCUXpresso_10.2.1_795/heart_monitor/heart_monitor/emwin/emWin_library/MCUXpresso/libemWin_M4F.a(WM_BringToTop.o)
                              /home/sobriodev/Documents/MCUXpresso_10.2.1_795/heart_monitor/heart_monitor/emwin/emWin_library/MCUXpresso/libemWin_M4F.a(WIDGET.o) (WM_BringToTop)
/home/sobriodev/Documents/MCUXpresso_10.2.1_795/heart_monitor/heart_monitor/emwin/emWin_library/MCUXpresso/libemWin_M4F.a(WM_Timer.o)
                              ./gui/plot.o (WM_CreateTimer)
/home/sobriodev/Documents/MCUXpresso_10.2.1_795/heart_monitor/heart_monitor/emwin/emWin_library/MCUXpresso/libemWin_M4F.a(WM_SetScrollbar.o)
                              /home/sobriodev/Documents/MCUXpresso_10.2.1_795/heart_monitor/heart_monitor/emwin/emWin_library/MCUXpresso/libemWin_M4F.a(GRAPH.o) (WM_SetScrollbarH)
/home/sobriodev/Documents/MCUXpresso_10.2.1_795/heart_monitor/heart_monitor/emwin/emWin_library/MCUXpresso/libemWin_M4F.a(WM.o)
[...]
Memory Configuration

Name             Origin             Length             Attributes
PROGRAM_FLASH    0x0000000000000000 0x0000000000080000 xr
BOARD_FLASH      0x0000000010000000 0x0000000001000000 xr
SRAM_UPPER       0x0000000020000000 0x0000000000028000 xrw
SRAMX            0x0000000004000000 0x0000000000008000 xrw
USB_RAM          0x0000000040100000 0x0000000000002000 xrw
BOARD_SDRAM      0x00000000a0000000 0x0000000001000000 xrw
*default*        0x0000000000000000 0xffffffffffffffff

Linker script and memory map

LOAD ./utilities/fsl_assert.o
LOAD ./utilities/fsl_debug_console.o
LOAD ./utilities/fsl_str.o
LOAD ./touchpanel/fsl_ft5406.o
LOAD ./startup/startup_lpc54628.o
LOAD ./source/adc.o
LOAD ./source/main.o
LOAD ./source/semihost_hardfault.o
LOAD ./gui/bitmaps.o
LOAD ./gui/desktop.o
LOAD ./gui/plot.o
LOAD ./drivers/fsl_adc.o
LOAD ./drivers/fsl_clock.o
LOAD ./drivers/fsl_common.o
LOAD ./drivers/fsl_emc.o
LOAD ./drivers/fsl_flexcomm.o
LOAD ./drivers/fsl_gpio.o
LOAD ./drivers/fsl_i2c.o
LOAD ./drivers/fsl_lcdc.o
LOAD ./drivers/fsl_power.o
LOAD ./drivers/fsl_reset.o
LOAD ./drivers/fsl_sctimer.o
LOAD ./drivers/fsl_usart.o
LOAD ./device/system_LPC54628.o
LOAD ./component/uart/usart_adapter.o
LOAD ./component/serial_manager/serial_manager.o
LOAD ./component/serial_manager/serial_port_uart.o
LOAD ./component/lists/generic_list.o
LOAD ./board/board.o
LOAD ./board/clock_config.o
LOAD ./board/emwin_support.o
LOAD ./board/pin_mux.o
LOAD /home/sobriodev/Documents/MCUXpresso_10.2.1_795/heart_monitor/heart_monitor/libs/libpower_hardabi.a
LOAD /home/sobriodev/Documents/MCUXpresso_10.2.1_795/heart_monitor/heart_monitor/emwin/emWin_library/MCUXpresso/libemWin_M4F.a
START GROUP
LOAD /usr/local/mcuxpressoide-10.2.1_795/ide/tools/bin/../lib/gcc/arm-none-eabi/7.2.1/../../../../arm-none-eabi/lib/thumb/v7e-m/fpv4-sp/hard/libcr_semihost_nf.a
LOAD /usr/local/mcuxpressoide-10.2.1_795/ide/tools/bin/../lib/gcc/arm-none-eabi/7.2.1/../../../../arm-none-eabi/lib/thumb/v7e-m/fpv4-sp/hard/libcr_c.a
LOAD /usr/local/mcuxpressoide-10.2.1_795/ide/tools/bin/../lib/gcc/arm-none-eabi/7.2.1/thumb/v7e-m/fpv4-sp/hard/libcr_eabihelpers.a
END GROUP
                0x0000000000000000                __base_PROGRAM_FLASH = 0x0
                0x0000000000000000                __base_Flash = 0x0
                0x0000000000080000                __top_PROGRAM_FLASH = 0x80000
                0x0000000000080000                __top_Flash = 0x80000
                0x0000000010000000                __base_BOARD_FLASH = 0x10000000
                0x0000000010000000                __base_Flash2 = 0x10000000
                0x0000000011000000                __top_BOARD_FLASH = 0x11000000
                0x0000000011000000                __top_Flash2 = 0x11000000
                0x0000000020000000                __base_SRAM_UPPER = 0x20000000
                0x0000000020000000                __base_RAM = 0x20000000
                0x0000000020028000                __top_SRAM_UPPER = 0x20028000
                0x0000000020028000                __top_RAM = 0x20028000
                0x0000000004000000                __base_SRAMX = 0x4000000
                0x0000000004000000                __base_RAM2 = 0x4000000
                0x0000000004008000                __top_SRAMX = 0x4008000
                0x0000000004008000                __top_RAM2 = 0x4008000
                0x0000000040100000                __base_USB_RAM = 0x40100000
                0x0000000040100000                __base_RAM3 = 0x40100000
                0x0000000040102000                __top_USB_RAM = 0x40102000
                0x0000000040102000                __top_RAM3 = 0x40102000
                0x00000000a0000000                __base_BOARD_SDRAM = 0xa0000000
                0x00000000a0000000                __base_RAM4 = 0xa0000000
                0x00000000a1000000                __top_BOARD_SDRAM = 0xa1000000
                0x00000000a1000000                __top_RAM4 = 0xa1000000

.text_Flash2    0x0000000010000000        0x0
 FILL mask 0xff
 *(SORT_BY_ALIGNMENT(.text_Flash2*))
 *(SORT_BY_ALIGNMENT(.text_BOARD_FLASH*))
 *(SORT_BY_ALIGNMENT(.text.$Flash2*))
 *(SORT_BY_ALIGNMENT(.text.$BOARD_FLASH*))
 *(SORT_BY_ALIGNMENT(.rodata.$Flash2*))
 *(SORT_BY_ALIGNMENT(.rodata.$BOARD_FLASH*))

.text           0x0000000000000000    0x23c80
 FILL mask 0xff
                0x0000000000000000                __vectors_start__ = ABSOLUTE (.)
 *(SORT_BY_ALIGNMENT(.isr_vector))
 .isr_vector    0x0000000000000000      0x124 ./startup/startup_lpc54628.o
                0x0000000000000000                __Vectors
                0x0000000000000000                g_pfnVectors
                0x0000000000000124                . = ALIGN (0x4)
                0x0000000000000124                __section_table_start = .
                0x0000000000000124                __data_section_table = .
                0x0000000000000124        0x4 LONG 0x23c80 LOADADDR (.data)
                0x0000000000000128        0x4 LONG 0x20000000 ADDR (.data)
                0x000000000000012c        0x4 LONG 0x498 SIZEOF (.data)
                0x0000000000000130        0x4 LONG 0x23c80 LOADADDR (.data_RAM2)
                0x0000000000000134        0x4 LONG 0x4000000 ADDR (.data_RAM2)
                0x0000000000000138        0x4 LONG 0x0 SIZEOF (.data_RAM2)
                0x000000000000013c        0x4 LONG 0x23c80 LOADADDR (.data_RAM3)
                0x0000000000000140        0x4 LONG 0x40100000 ADDR (.data_RAM3)
                0x0000000000000144        0x4 LONG 0x0 SIZEOF (.data_RAM3)
                0x0000000000000148        0x4 LONG 0x23c80 LOADADDR (.data_RAM4)
                0x000000000000014c        0x4 LONG 0xa0000000 ADDR (.data_RAM4)
                0x0000000000000150        0x4 LONG 0x0 SIZEOF (.data_RAM4)
                0x0000000000000154                __data_section_table_end = .
                0x0000000000000154                __bss_section_table = .
                0x0000000000000154        0x4 LONG 0x20000498 ADDR (.bss)
                0x0000000000000158        0x4 LONG 0x5e0 SIZEOF (.bss)
                0x000000000000015c        0x4 LONG 0x4000000 ADDR (.bss_RAM2)
                0x0000000000000160        0x4 LONG 0x0 SIZEOF (.bss_RAM2)
                0x0000000000000164        0x4 LONG 0x40100000 ADDR (.bss_RAM3)
                0x0000000000000168        0x4 LONG 0x0 SIZEOF (.bss_RAM3)
                0x000000000000016c        0x4 LONG 0xa0000000 ADDR (.bss_RAM4)
                0x0000000000000170        0x4 LONG 0x0 SIZEOF (.bss_RAM4)
                0x0000000000000174                __bss_section_table_end = .
                0x0000000000000174                __section_table_end = .
 *(SORT_BY_ALIGNMENT(.after_vectors*))
 .after_vectors.reset
                0x0000000000000174       0x58 ./startup/startup_lpc54628.o
                0x0000000000000174                ResetISR
 .after_vectors.init_data
                0x00000000000001cc       0x1e ./startup/startup_lpc54628.o
                0x00000000000001cc                data_init
 .after_vectors.init_bss
                0x00000000000001ea       0x12 ./startup/startup_lpc54628.o
                0x00000000000001ea                bss_init
 .after_vectors
                0x00000000000001fc       0x14 ./startup/startup_lpc54628.o
                0x00000000000001fc                NMI_Handler
                0x0000000000000200                MemManage_Handler
                0x0000000000000202                BusFault_Handler
                0x0000000000000204                UsageFault_Handler
                0x0000000000000206                SVC_Handler
                0x0000000000000208                DebugMon_Handler
                0x000000000000020a                PendSV_Handler
                0x000000000000020e                DMA0_DriverIRQHandler
                0x000000000000020e                EEPROM_DriverIRQHandler
                0x000000000000020e                RIT_DriverIRQHandler
                0x000000000000020e                CAN0_IRQ0_DriverIRQHandler
                0x000000000000020e                PIN_INT3_DriverIRQHandler
                0x000000000000020e                PIN_INT2_DriverIRQHandler
                0x000000000000020e                ETHERNET_DriverIRQHandler
                0x000000000000020e                PIN_INT0_DriverIRQHandler
                0x000000000000020e                CTIMER2_DriverIRQHandler
                0x000000000000020e                SPIFI0_DriverIRQHandler
                0x000000000000020e                IntDefaultHandler
                0x000000000000020e                USB0_DriverIRQHandler
                0x000000000000020e                MRT0_DriverIRQHandler
                0x000000000000020e                UTICK0_DriverIRQHandler
                0x000000000000020e                DMIC0_DriverIRQHandler
                0x000000000000020e                PIN_INT4_DriverIRQHandler
                0x000000000000020e                PIN_INT5_DriverIRQHandler
                0x000000000000020e                CAN1_IRQ0_DriverIRQHandler
                0x000000000000020e                Reserved47_DriverIRQHandler
                0x000000000000020e                ADC0_THCMP_DriverIRQHandler
                0x000000000000020e                CTIMER4_DriverIRQHandler
                0x000000000000020e                GINT1_DriverIRQHandler
                0x000000000000020e                PIN_INT7_DriverIRQHandler
                0x000000000000020e                CAN0_IRQ1_DriverIRQHandler
                0x000000000000020e                USB0_NEEDCLK_DriverIRQHandler
                0x000000000000020e                ADC0_SEQB_DriverIRQHandler
                0x000000000000020e                CTIMER0_DriverIRQHandler
                0x000000000000020e                CTIMER1_DriverIRQHandler
                0x000000000000020e                PIN_INT6_DriverIRQHandler
                0x000000000000020e                ETHERNET_MACLP_DriverIRQHandler
                0x000000000000020e                PIN_INT1_DriverIRQHandler
                0x000000000000020e                CTIMER3_DriverIRQHandler
                0x000000000000020e                HWVAD0_DriverIRQHandler
                0x000000000000020e                RTC_DriverIRQHandler
                0x000000000000020e                LCD_DriverIRQHandler
                0x000000000000020e                ETHERNET_PMT_DriverIRQHandler
                0x000000000000020e                USB1_DriverIRQHandler
                0x000000000000020e                CAN1_IRQ1_DriverIRQHandler
                0x000000000000020e                ADC0_SEQA_DriverIRQHandler
                0x000000000000020e                USB1_NEEDCLK_DriverIRQHandler
                0x000000000000020e                SMARTCARD0_DriverIRQHandler
                0x000000000000020e                SDIO_DriverIRQHandler
                0x000000000000020e                SHA_DriverIRQHandler
                0x000000000000020e                GINT0_DriverIRQHandler
                0x000000000000020e                SMARTCARD1_DriverIRQHandler
                0x000000000000020e                Reserved46_DriverIRQHandler
                0x000000000000020e                WDT_BOD_DriverIRQHandler
                0x000000000000020e                SCT0_DriverIRQHandler
 *(SORT_BY_ALIGNMENT(.text*))
 .text.ConvertFloatRadixNumToString
                0x0000000000000210      0x2b8 ./utilities/fsl_str.o
 .text.pow      0x00000000000004c8      0x55c /usr/local/mcuxpressoide-10.2.1_795/ide/tools/bin/../lib/gcc/arm-none-eabi/7.2.1/../../../../arm-none-eabi/lib/thumb/v7e-m/fpv4-sp/hard/libcr_c.a(pow.o)
                0x00000000000004c8                pow
 *fill*         0x0000000000000a24        0x4 ff
 .text.frexp    0x0000000000000a28       0x68 /usr/local/mcuxpressoide-10.2.1_795/ide/tools/bin/../lib/gcc/arm-none-eabi/7.2.1/../../../../arm-none-eabi/lib/thumb/v7e-m/fpv4-sp/hard/libcr_c.a(frexp.o)
                0x0000000000000a28                frexp
 .text.ldexp    0x0000000000000a90       0x58 /usr/local/mcuxpressoide-10.2.1_795/ide/tools/bin/../lib/gcc/arm-none-eabi/7.2.1/../../../../arm-none-eabi/lib/thumb/v7e-m/fpv4-sp/hard/libcr_c.a(ldexp.o)
                0x0000000000000a90                ldexp
 .text.DbgConsole_SendData
                0x0000000000000ae8       0x58 ./utilities/fsl_debug_console.o
                0x0000000000000ae8                DbgConsole_SendData
 .text.DbgConsole_Init
                0x0000000000000b40       0xf8 ./utilities/fsl_debug_console.o
                0x0000000000000b40                DbgConsole_Init
 .text.DbgConsole_Printf
                0x0000000000000c38       0x64 ./utilities/fsl_debug_console.o
                0x0000000000000c38                DbgConsole_Printf
 .text.FT5406_Init
                0x0000000000000c9c       0xd8 ./touchpanel/fsl_ft5406.o
                0x0000000000000c9c                FT5406_Init
 .text.FT5406_ReadTouchData
                0x0000000000000d74       0x3c ./touchpanel/fsl_ft5406.o
                0x0000000000000d74                FT5406_ReadTouchData
 .text.CLOCK_EnableClock
                0x0000000000000db0       0x54 ./source/adc.o
 .text.ADC_Configuration
                0x0000000000000e04       0x90 ./source/adc.o
                0x0000000000000e04                ADC_Configuration
 .text.ADC_Config
                0x0000000000000e94       0x6c ./source/adc.o
                0x0000000000000e94                ADC_Config
 .text.CLOCK_EnableClock
                0x0000000000000f00       0x54 ./source/main.o
 .text.main     0x0000000000000f54       0x90 ./source/main.o
                0x0000000000000f54                main
 .text._drawGUI
                0x0000000000000fe4       0x30 ./gui/desktop.o
 .text._createWidgets
                0x0000000000001014      0x1b0 ./gui/desktop.o
 .text._heartBtnClicked
                0x00000000000011c4       0x5c ./gui/desktop.o
 .text._pulseBtnClicked
                0x0000000000001220       0x5c ./gui/desktop.o
 .text._runBtnClicked
                0x000000000000127c       0x68 ./gui/desktop.o
 .text._acqBtnClicked
                0x00000000000012e4       0x68 ./gui/desktop.o
 .text.desktopCallback
                0x000000000000134c       0x9c ./gui/desktop.o
                0x000000000000134c                desktopCallback
 .text._graphUserDraw
                0x00000000000013e8       0x54 ./gui/plot.o
 .text._createWidgets
                0x000000000000143c       0xd0 ./gui/plot.o
 .text._updateData
                0x000000000000150c      0x148 ./gui/plot.o
                0x000000000000150c                _updateData
 .text.plotCallback
                0x0000000000001654       0x84 ./gui/plot.o
                0x0000000000001654                plotCallback
 .text.changeAcqMode
                0x00000000000016d8       0x38 ./gui/plot.o
                0x00000000000016d8                changeAcqMode
 .text.toggleRun
                0x0000000000001710       0x20 ./gui/plot.o
                0x0000000000001710                toggleRun
 .text.CLOCK_EnableClock
                0x0000000000001730       0x54 ./drivers/fsl_adc.o
 .text.ADC_GetInstance
                0x0000000000001784       0x44 ./drivers/fsl_adc.o
 .text.ADC_Init
                0x00000000000017c8       0x8c ./drivers/fsl_adc.o
                0x00000000000017c8                ADC_Init
 .text.ADC_DoSelfCalibration
                0x0000000000001854       0xc0 ./drivers/fsl_adc.o
                0x0000000000001854                ADC_DoSelfCalibration
 .text.ADC_SetConvSeqAConfig
                0x0000000000001914       0x88 ./drivers/fsl_adc.o
                0x0000000000001914                ADC_SetConvSeqAConfig
 .text.ADC_GetConvSeqAGlobalConversionResult
                0x000000000000199c       0x7c ./drivers/fsl_adc.o
                0x000000000000199c                ADC_GetConvSeqAGlobalConversionResult
 .text.ADC_GetChannelConversionResult
                0x0000000000001a18       0x94 ./drivers/fsl_adc.o
                0x0000000000001a18                ADC_GetChannelConversionResult
 .text.CLOCK_GetAsyncApbClkSrc
                0x0000000000001aac       0x20 ./drivers/fsl_clock.o
 .text.CLOCK_AttachClk
                0x0000000000001acc       0x90 ./drivers/fsl_clock.o
                0x0000000000001acc                CLOCK_AttachClk
 .text.CLOCK_SetClkDiv
                0x0000000000001b5c       0x5c ./drivers/fsl_clock.o
                0x0000000000001b5c                CLOCK_SetClkDiv
 .text.CLOCK_GetClockOutClkFreq
                0x0000000000001bb8       0x98 ./drivers/fsl_clock.o
                0x0000000000001bb8                CLOCK_GetClockOutClkFreq
 .text.CLOCK_GetSpifiClkFreq
                0x0000000000001c50       0x88 ./drivers/fsl_clock.o
                0x0000000000001c50                CLOCK_GetSpifiClkFreq
 .text.CLOCK_GetAdcClkFreq
                0x0000000000001cd8       0x80 ./drivers/fsl_clock.o
                0x0000000000001cd8                CLOCK_GetAdcClkFreq
 .text.CLOCK_GetUsb0ClkFreq
                0x0000000000001d58       0x78 ./drivers/fsl_clock.o
                0x0000000000001d58                CLOCK_GetUsb0ClkFreq
 .text.CLOCK_GetUsb1ClkFreq
                0x0000000000001dd0       0x78 ./drivers/fsl_clock.o
                0x0000000000001dd0                CLOCK_GetUsb1ClkFreq
 .text.CLOCK_GetSctClkFreq
                0x0000000000001e48       0x80 ./drivers/fsl_clock.o
                0x0000000000001e48                CLOCK_GetSctClkFreq
 .text.CLOCK_GetSdioClkFreq
                0x0000000000001ec8       0x88 ./drivers/fsl_clock.o
                0x0000000000001ec8                CLOCK_GetSdioClkFreq
 .text.CLOCK_GetLcdClkFreq
                0x0000000000001f50       0x68 ./drivers/fsl_clock.o
                0x0000000000001f50                CLOCK_GetLcdClkFreq
 .text.CLOCK_GetFro12MFreq
                0x0000000000001fb8       0x28 ./drivers/fsl_clock.o
                0x0000000000001fb8                CLOCK_GetFro12MFreq
 .text.CLOCK_GetExtClkFreq
                0x0000000000001fe0       0x14 ./drivers/fsl_clock.o
                0x0000000000001fe0                CLOCK_GetExtClkFreq
 .text.CLOCK_GetWdtOscFreq
                0x0000000000001ff4       0x68 ./drivers/fsl_clock.o
                0x0000000000001ff4                CLOCK_GetWdtOscFreq
 .text.CLOCK_GetFroHfFreq
                0x000000000000205c       0x50 ./drivers/fsl_clock.o
                0x000000000000205c                CLOCK_GetFroHfFreq
 .text.CLOCK_GetPllOutFreq
                0x00000000000020ac       0x18 ./drivers/fsl_clock.o
                0x00000000000020ac                CLOCK_GetPllOutFreq
 .text.CLOCK_GetAudioPllOutFreq
                0x00000000000020c4       0x18 ./drivers/fsl_clock.o
                0x00000000000020c4                CLOCK_GetAudioPllOutFreq
 .text.CLOCK_GetUsbPllOutFreq
                0x00000000000020dc       0x18 ./drivers/fsl_clock.o
                0x00000000000020dc                CLOCK_GetUsbPllOutFreq
 .text.CLOCK_GetAsyncApbClkFreq
                0x00000000000020f4       0x3c ./drivers/fsl_clock.o
                0x00000000000020f4                CLOCK_GetAsyncApbClkFreq
 .text.CLOCK_GetFlexCommClkFreq
                0x0000000000002130       0x6c ./drivers/fsl_clock.o
                0x0000000000002130                CLOCK_GetFlexCommClkFreq
 .text.CLOCK_GetFrgClkFreq
                0x000000000000219c       0x58 ./drivers/fsl_clock.o
                0x000000000000219c                CLOCK_GetFrgClkFreq
 .text.CLOCK_GetDmicClkFreq
                0x00000000000021f4       0x80 ./drivers/fsl_clock.o
                0x00000000000021f4                CLOCK_GetDmicClkFreq
 .text.CLOCK_GetFreq
                0x0000000000002274      0x228 ./drivers/fsl_clock.o
                0x0000000000002274                CLOCK_GetFreq
 .text.CLOCK_SetFLASHAccessCyclesForFreq
                0x000000000000249c       0xb8 ./drivers/fsl_clock.o
                0x000000000000249c                CLOCK_SetFLASHAccessCyclesForFreq
 .text.CLOCK_SetPLLFreq
                0x0000000000002554      0x12c ./drivers/fsl_clock.o
                0x0000000000002554                CLOCK_SetPLLFreq
 .text.CLOCK_EnableClock
                0x0000000000002680       0x54 ./drivers/fsl_emc.o
 .text.EMC_GetInstance
                0x00000000000026d4       0x44 ./drivers/fsl_emc.o
 .text.EMC_CalculateTimerCycles
                0x0000000000002718       0x5c ./drivers/fsl_emc.o
 .text.EMC_Init
                0x0000000000002774       0x8c ./drivers/fsl_emc.o
                0x0000000000002774                EMC_Init
 .text.EMC_DynamicMemInit
                0x0000000000002800      0x360 ./drivers/fsl_emc.o
                0x0000000000002800                EMC_DynamicMemInit
 .text.CLOCK_EnableClock
                0x0000000000002b60       0x54 ./drivers/fsl_flexcomm.o
 .text.FLEXCOMM_GetInstance
                0x0000000000002bb4       0x44 ./drivers/fsl_flexcomm.o
                0x0000000000002bb4                FLEXCOMM_GetInstance
 .text.FLEXCOMM_Init
                0x0000000000002bf8       0x5c ./drivers/fsl_flexcomm.o
                0x0000000000002bf8                FLEXCOMM_Init
 .text.FLEXCOMM0_DriverIRQHandler
                0x0000000000002c54       0x3c ./drivers/fsl_flexcomm.o
                0x0000000000002c54                FLEXCOMM0_DriverIRQHandler
 .text.FLEXCOMM1_DriverIRQHandler
                0x0000000000002c90       0x3c ./drivers/fsl_flexcomm.o
                0x0000000000002c90                FLEXCOMM1_DriverIRQHandler
 .text.FLEXCOMM2_DriverIRQHandler
                0x0000000000002ccc       0x3c ./drivers/fsl_flexcomm.o
                0x0000000000002ccc                FLEXCOMM2_DriverIRQHandler
 .text.FLEXCOMM3_DriverIRQHandler
                0x0000000000002d08       0x3c ./drivers/fsl_flexcomm.o
                0x0000000000002d08                FLEXCOMM3_DriverIRQHandler
 .text.FLEXCOMM4_DriverIRQHandler
                0x0000000000002d44       0x3c ./drivers/fsl_flexcomm.o
                0x0000000000002d44                FLEXCOMM4_DriverIRQHandler
 .text.FLEXCOMM5_DriverIRQHandler
                0x0000000000002d80       0x3c ./drivers/fsl_flexcomm.o
                0x0000000000002d80                FLEXCOMM5_DriverIRQHandler
 .text.FLEXCOMM6_DriverIRQHandler
                0x0000000000002dbc       0x3c ./drivers/fsl_flexcomm.o
                0x0000000000002dbc                FLEXCOMM6_DriverIRQHandler
 .text.FLEXCOMM7_DriverIRQHandler
                0x0000000000002df8       0x3c ./drivers/fsl_flexcomm.o
                0x0000000000002df8                FLEXCOMM7_DriverIRQHandler
 .text.FLEXCOMM8_DriverIRQHandler
                0x0000000000002e34       0x3c ./drivers/fsl_flexcomm.o
                0x0000000000002e34                FLEXCOMM8_DriverIRQHandler
 .text.FLEXCOMM9_DriverIRQHandler
                0x0000000000002e70       0x3c ./drivers/fsl_flexcomm.o
                0x0000000000002e70                FLEXCOMM9_DriverIRQHandler
 .text.I2C_MasterGetDefaultConfig
                0x0000000000002eac       0x30 ./drivers/fsl_i2c.o
                0x0000000000002eac                I2C_MasterGetDefaultConfig
 .text.I2C_MasterWriteBlocking
                0x0000000000002edc      0x110 ./drivers/fsl_i2c.o
                0x0000000000002edc                I2C_MasterWriteBlocking
 .text.I2C_MasterReadBlocking
                0x0000000000002fec       0xec ./drivers/fsl_i2c.o
                0x0000000000002fec                I2C_MasterReadBlocking
 .text.I2C_MasterTransferBlocking
                0x00000000000030d8      0x154 ./drivers/fsl_i2c.o
                0x00000000000030d8                I2C_MasterTransferBlocking
 .text.CLOCK_EnableClock
                0x000000000000322c       0x54 ./drivers/fsl_lcdc.o
 .text.LCDC_GetInstance
                0x0000000000003280       0x44 ./drivers/fsl_lcdc.o
 .text.LCDC_GetClockDivider
                0x00000000000032c4      0x154 ./drivers/fsl_lcdc.o
 .text.LCDC_Init
                0x0000000000003418      0x1c8 ./drivers/fsl_lcdc.o
                0x0000000000003418                LCDC_Init
 .text.LCDC_SetPanelAddr
                0x00000000000035e0       0x40 ./drivers/fsl_lcdc.o
                0x00000000000035e0                LCDC_SetPanelAddr
 .text.RESET_SetPeripheralReset
                0x0000000000003620       0x7c ./drivers/fsl_reset.o
                0x0000000000003620                RESET_SetPeripheralReset
 .text.RESET_ClearPeripheralReset
                0x000000000000369c       0x80 ./drivers/fsl_reset.o
                0x000000000000369c                RESET_ClearPeripheralReset
 .text.SCT0_IRQHandler
                0x000000000000371c       0x1c ./drivers/fsl_sctimer.o
                0x000000000000371c                SCT0_IRQHandler
 .text.USART_Init
                0x0000000000003738      0x14c ./drivers/fsl_usart.o
                0x0000000000003738                USART_Init
 .text.USART_GetDefaultConfig
                0x0000000000003884       0x64 ./drivers/fsl_usart.o
                0x0000000000003884                USART_GetDefaultConfig
 .text.USART_SetBaudRate
                0x00000000000038e8       0xe4 ./drivers/fsl_usart.o
                0x00000000000038e8                USART_SetBaudRate
 .text.USART_WriteBlocking
                0x00000000000039cc       0x88 ./drivers/fsl_usart.o
                0x00000000000039cc                USART_WriteBlocking
 .text.SystemInit
                0x0000000000003a54       0x40 ./device/system_LPC54628.o
                0x0000000000003a54                SystemInit
 .text.HAL_UartInit
                0x0000000000003a94      0x108 ./component/uart/usart_adapter.o
                0x0000000000003a94                HAL_UartInit
 .text.HAL_UartSendBlocking
                0x0000000000003b9c       0x64 ./component/uart/usart_adapter.o
                0x0000000000003b9c                HAL_UartSendBlocking
 .text.SerialManager_Write
                0x0000000000003c00       0x6c ./component/serial_manager/serial_manager.o
 .text.SerialManager_Init
                0x0000000000003c6c       0x74 ./component/serial_manager/serial_manager.o
                0x0000000000003c6c                SerialManager_Init
 .text.SerialManager_OpenWriteHandle
                0x0000000000003ce0       0x58 ./component/serial_manager/serial_manager.o
                0x0000000000003ce0                SerialManager_OpenWriteHandle
 .text.SerialManager_OpenReadHandle
                0x0000000000003d38       0x60 ./component/serial_manager/serial_manager.o
                0x0000000000003d38                SerialManager_OpenReadHandle
 .text.Serial_UartInit
                0x0000000000003d98       0x80 ./component/serial_manager/serial_port_uart.o
                0x0000000000003d98                Serial_UartInit
 .text.Serial_UartWrite
                0x0000000000003e18       0x58 ./component/serial_manager/serial_port_uart.o
                0x0000000000003e18                Serial_UartWrite
 .text.BOARD_InitDebugConsole
                0x0000000000003e70       0x48 ./board/board.o
                0x0000000000003e70                BOARD_InitDebugConsole
 .text.BOARD_InitSDRAM
                0x0000000000003eb8       0xa4 ./board/board.o
                0x0000000000003eb8                BOARD_InitSDRAM
 .text.BOARD_BootClockPLL220M
                0x0000000000003f5c       0xa0 ./board/clock_config.o
                0x0000000000003f5c                BOARD_BootClockPLL220M
 .text.__NVIC_EnableIRQ
                0x0000000000003ffc       0x3c ./board/emwin_support.o
 .text.__NVIC_SetPriority
                0x0000000000004038       0x54 ./board/emwin_support.o
 .text.SysTick_Config
                0x000000000000408c       0x44 ./board/emwin_support.o
 .text.SysTick_Handler
                0x00000000000040d0       0x1c ./board/emwin_support.o
                0x00000000000040d0                SysTick_Handler
 .text.LCD_IRQHandler
                0x00000000000040ec       0x74 ./board/emwin_support.o
                0x00000000000040ec                LCD_IRQHandler
 .text.APP_LCDC_Init
                0x0000000000004160       0x9c ./board/emwin_support.o
                0x0000000000004160                APP_LCDC_Init
 .text.APP_Touch_Init
                0x00000000000041fc       0x8c ./board/emwin_support.o
                0x00000000000041fc                APP_Touch_Init
 .text.BOARD_Touch_Poll
                0x0000000000004288       0x64 ./board/emwin_support.o
                0x0000000000004288                BOARD_Touch_Poll
 .text.LCD_X_Config
                0x00000000000042ec       0x9c ./board/emwin_support.o
                0x00000000000042ec                LCD_X_Config
 .text.LCD_X_DisplayDriver
                0x0000000000004388       0x3c ./board/emwin_support.o
                0x0000000000004388                LCD_X_DisplayDriver
 .text.GUI_X_Config
                0x00000000000043c4       0x20 ./board/emwin_support.o
                0x00000000000043c4                GUI_X_Config
 .text.GUI_X_Init
                0x00000000000043e4       0x24 ./board/emwin_support.o
                0x00000000000043e4                GUI_X_Init
 .text.GUI_X_GetTime
                0x0000000000004408       0x18 ./board/emwin_support.o
                0x0000000000004408                GUI_X_GetTime
 .text.GUI_X_Delay
                0x0000000000004420       0x30 ./board/emwin_support.o
                0x0000000000004420                GUI_X_Delay
 .text.CLOCK_EnableClock
                0x0000000000004450       0x54 ./board/pin_mux.o
 .text.BOARD_InitPins
                0x00000000000044a4      0x548 ./board/pin_mux.o
                0x00000000000044a4                BOARD_InitPins
 .text.POWER_SetVoltageForFreq
                0x00000000000049ec       0x44 /home/sobriodev/Documents/MCUXpresso_10.2.1_795/heart_monitor/heart_monitor/libs/libpower_hardabi.a(fsl_power_lib.o)
                0x00000000000049ec                POWER_SetVoltageForFreq
 .text.POWER_SetPLL
                0x0000000000004a30       0x1c /home/sobriodev/Documents/MCUXpresso_10.2.1_795/heart_monitor/heart_monitor/libs/libpower_hardabi.a(fsl_power_lib.o)
                0x0000000000004a30                POWER_SetPLL
 .text.WIDGET__Init
                0x0000000000004a4c       0x10 /home/sobriodev/Documents/MCUXpresso_10.2.1_795/heart_monitor/heart_monitor/emwin/emWin_library/MCUXpresso/libemWin_M4F.a(WIDGET.o)
                0x0000000000004a4c                WIDGET__Init
 .text.BUTTON_SetDefaultBkColor
                0x0000000000004a5c       0x10 /home/sobriodev/Documents/MCUXpresso_10.2.1_795/heart_monitor/heart_monitor/emwin/emWin_library/MCUXpresso/libemWin_M4F.a(BUTTON_Default.o)
                0x0000000000004a5c                BUTTON_SetDefaultBkColor
 .text.BUTTON_Callback
                0x0000000000004a6c       0xd8 /home/sobriodev/Documents/MCUXpresso_10.2.1_795/heart_monitor/heart_monitor/emwin/emWin_library/MCUXpresso/libemWin_M4F.a(BUTTON.o)
                0x0000000000004a6c                BUTTON_Callback
 .text.BUTTON_CreateUser
                0x0000000000004b44       0x70 /home/sobriodev/Documents/MCUXpresso_10.2.1_795/heart_monitor/heart_monitor/emwin/emWin_library/MCUXpresso/libemWin_M4F.a(BUTTON.o)
                0x0000000000004b44                BUTTON_CreateUser
 .text.GRAPH_DATA_YT_Create
                0x0000000000004bb4       0x78 /home/sobriodev/Documents/MCUXpresso_10.2.1_795/heart_monitor/heart_monitor/emwin/emWin_library/MCUXpresso/libemWin_M4F.a(GRAPH_DATA_YT.o)
                0x0000000000004bb4                GRAPH_DATA_YT_Create
 .text.BUTTON_SetDefaultSkinClassic
                0x0000000000004c2c       0x10 /home/sobriodev/Documents/MCUXpresso_10.2.1_795/heart_monitor/heart_monitor/emwin/emWin_library/MCUXpresso/libemWin_M4F.a(BUTTON_SkinClassic.o)
                0x0000000000004c2c                BUTTON_SetDefaultSkinClassic
 .text.GRAPH_Callback
                0x0000000000004c3c      0x50c /home/sobriodev/Documents/MCUXpresso_10.2.1_795/heart_monitor/heart_monitor/emwin/emWin_library/MCUXpresso/libemWin_M4F.a(GRAPH.o)
                0x0000000000004c3c                GRAPH_Callback
 .text.GRAPH_CreateUser
                0x0000000000005148       0x74 /home/sobriodev/Documents/MCUXpresso_10.2.1_795/heart_monitor/heart_monitor/emwin/emWin_library/MCUXpresso/libemWin_M4F.a(GRAPH.o)
                0x0000000000005148                GRAPH_CreateUser
 .text._DrawUpRect
                0x00000000000051bc       0x38 /home/sobriodev/Documents/MCUXpresso_10.2.1_795/heart_monitor/heart_monitor/emwin/emWin_library/MCUXpresso/libemWin_M4F.a(WIDGET_Effect_Simple.o)
 .text._GetDevData
                0x00000000000051f4       0x18 /home/sobriodev/Documents/MCUXpresso_10.2.1_795/heart_monitor/heart_monitor/emwin/emWin_library/MCUXpresso/libemWin_M4F.a(GUIDRV_Lin_16.o)
 .text._GetDevFunc
                0x000000000000520c       0xe8 /home/sobriodev/Documents/MCUXpresso_10.2.1_795/heart_monitor/heart_monitor/emwin/emWin_library/MCUXpresso/libemWin_M4F.a(GUIDRV_Lin_16.o)
 .text._FillRect
                0x00000000000052f4      0x1bc /home/sobriodev/Documents/MCUXpresso_10.2.1_795/heart_monitor/heart_monitor/emwin/emWin_library/MCUXpresso/libemWin_M4F.a(GUIDRV_Lin_16.o)
 .text._DrawBitmap
                0x00000000000054b0      0x634 /home/sobriodev/Documents/MCUXpresso_10.2.1_795/heart_monitor/heart_monitor/emwin/emWin_library/MCUXpresso/libemWin_M4F.a(GUIDRV_Lin_16.o)
 .text._CopyBuffer
                0x0000000000005ae4       0x64 /home/sobriodev/Documents/MCUXpresso_10.2.1_795/heart_monitor/heart_monitor/emwin/emWin_library/MCUXpresso/libemWin_M4F.a(GUIDRV_Lin_16.o)
 .text.WM_SetHasTrans
                0x0000000000005b48       0x40 /home/sobriodev/Documents/MCUXpresso_10.2.1_795/heart_monitor/heart_monitor/emwin/emWin_library/MCUXpresso/libemWin_M4F.a(WM_SetTrans.o)
                0x0000000000005b48                WM_SetHasTrans
 .text.WM_BringToTop
                0x0000000000005b88       0x74 /home/sobriodev/Documents/MCUXpresso_10.2.1_795/heart_monitor/heart_monitor/emwin/emWin_library/MCUXpresso/libemWin_M4F.a(WM_BringToTop.o)
                0x0000000000005b88                WM_BringToTop
 .text.WM_CreateTimer
                0x0000000000005bfc       0x5c /home/sobriodev/Documents/MCUXpresso_10.2.1_795/heart_monitor/heart_monitor/emwin/emWin_library/MCUXpresso/libemWin_M4F.a(WM_Timer.o)
                0x0000000000005bfc                WM_CreateTimer
 .text._OnExit  0x0000000000005c58       0xa8 /home/sobriodev/Documents/MCUXpresso_10.2.1_795/heart_monitor/heart_monitor/emwin/emWin_library/MCUXpresso/libemWin_M4F.a(WM.o)
 .text._Paint1  0x0000000000005d00       0x28 /home/sobriodev/Documents/MCUXpresso_10.2.1_795/heart_monitor/heart_monitor/emwin/emWin_library/MCUXpresso/libemWin_M4F.a(WM.o)
 .text._Paint1Trans
                0x0000000000005d28       0x90 /home/sobriodev/Documents/MCUXpresso_10.2.1_795/heart_monitor/heart_monitor/emwin/emWin_library/MCUXpresso/libemWin_M4F.a(WM.o)
 .text.WM__PaintWinAndOverlays
                0x0000000000005db8       0x7c /home/sobriodev/Documents/MCUXpresso_10.2.1_795/heart_monitor/heart_monitor/emwin/emWin_library/MCUXpresso/libemWin_M4F.a(WM.o)
 .text._cbPaintMemDev
                0x0000000000005e34       0x6c /home/sobriodev/Documents/MCUXpresso_10.2.1_795/heart_monitor/heart_monitor/emwin/emWin_library/MCUXpresso/libemWin_M4F.a(WM.o)
 .text.WM__ClipAtParentBorders
                0x0000000000005ea0       0x50 /home/sobriodev/Documents/MCUXpresso_10.2.1_795/heart_monitor/heart_monitor/emwin/emWin_library/MCUXpresso/libemWin_M4F.a(WM.o)
                0x0000000000005ea0                WM__ClipAtParentBorders
 .text._SetClipRectUserIntersect
                0x0000000000005ef0       0x50 /home/sobriodev/Documents/MCUXpresso_10.2.1_795/heart_monitor/heart_monitor/emwin/emWin_library/MCUXpresso/libemWin_M4F.a(WM.o)
 .text.WM__ActivateClipRect
                0x0000000000005f40       0x48 /home/sobriodev/Documents/MCUXpresso_10.2.1_795/heart_monitor/heart_monitor/emwin/emWin_library/MCUXpresso/libemWin_M4F.a(WM.o)
                0x0000000000005f40                WM__ActivateClipRect
 .text.WM__IsWindow
                0x0000000000005f88       0x20 /home/sobriodev/Documents/MCUXpresso_10.2.1_795/heart_monitor/heart_monitor/emwin/emWin_library/MCUXpresso/libemWin_M4F.a(WM.o)
                0x0000000000005f88                WM__IsWindow
 .text.WM__InvalidateDrawAndDescs
                0x0000000000005fa8       0x54 /home/sobriodev/Documents/MCUXpresso_10.2.1_795/heart_monitor/heart_monitor/emwin/emWin_library/MCUXpresso/libemWin_M4F.a(WM.o)
                0x0000000000005fa8                WM__InvalidateDrawAndDescs
 .text._Invalidate1Abs
                0x0000000000005ffc       0x8c /home/sobriodev/Documents/MCUXpresso_10.2.1_795/heart_monitor/heart_monitor/emwin/emWin_library/MCUXpresso/libemWin_M4F.a(WM.o)
 .text.WM_SelectWindow
                0x0000000000006088       0x38 /home/sobriodev/Documents/MCUXpresso_10.2.1_795/heart_monitor/heart_monitor/emwin/emWin_library/MCUXpresso/libemWin_M4F.a(WM.o)
                0x0000000000006088                WM_SelectWindow
 .text.WM_CreateWindowAsChild
                0x00000000000060c0      0x154 /home/sobriodev/Documents/MCUXpresso_10.2.1_795/heart_monitor/heart_monitor/emwin/emWin_library/MCUXpresso/libemWin_M4F.a(WM.o)
                0x00000000000060c0                WM_CreateWindowAsChild
 .text.WM_DeleteWindow
                0x0000000000006214      0x100 /home/sobriodev/Documents/MCUXpresso_10.2.1_795/heart_monitor/heart_monitor/emwin/emWin_library/MCUXpresso/libemWin_M4F.a(WM.o)
                0x0000000000006214                WM_DeleteWindow
 .text._Exec1Input
                0x0000000000006314       0x84 /home/sobriodev/Documents/MCUXpresso_10.2.1_795/heart_monitor/heart_monitor/emwin/emWin_library/MCUXpresso/libemWin_M4F.a(WM.o)
 .text.WM_GetActiveWindow
                0x0000000000006398        0xc /home/sobriodev/Documents/MCUXpresso_10.2.1_795/heart_monitor/heart_monitor/emwin/emWin_library/MCUXpresso/libemWin_M4F.a(WM.o)
                0x0000000000006398                WM_GetActiveWindow
 .text.WM__GetNextIVR
                0x00000000000063a4      0x16c /home/sobriodev/Documents/MCUXpresso_10.2.1_795/heart_monitor/heart_monitor/emwin/emWin_library/MCUXpresso/libemWin_M4F.a(WM.o)
                0x00000000000063a4                WM__GetNextIVR
 .text.WM__InitIVRSearch
                0x0000000000006510       0xfc /home/sobriodev/Documents/MCUXpresso_10.2.1_795/heart_monitor/heart_monitor/emwin/emWin_library/MCUXpresso/libemWin_M4F.a(WM.o)
                0x0000000000006510                WM__InitIVRSearch
 .text.WM_SetDefault
                0x000000000000660c       0x14 /home/sobriodev/Documents/MCUXpresso_10.2.1_795/heart_monitor/heart_monitor/emwin/emWin_library/MCUXpresso/libemWin_M4F.a(WM.o)
                0x000000000000660c                WM_SetDefault
 .text.WM__Paint1
                0x0000000000006620       0x94 /home/sobriodev/Documents/MCUXpresso_10.2.1_795/heart_monitor/heart_monitor/emwin/emWin_library/MCUXpresso/libemWin_M4F.a(WM.o)
                0x0000000000006620                WM__Paint1
 .text.WM__Paint
                0x00000000000066b4       0xb4 /home/sobriodev/Documents/MCUXpresso_10.2.1_795/heart_monitor/heart_monitor/emwin/emWin_library/MCUXpresso/libemWin_M4F.a(WM.o)
                0x00000000000066b4                WM__Paint
 .text._Exec1Draw
                0x0000000000006768       0x7c /home/sobriodev/Documents/MCUXpresso_10.2.1_795/heart_monitor/heart_monitor/emwin/emWin_library/MCUXpresso/libemWin_M4F.a(WM.o)
 .text.WM__DeleteSecure
                0x00000000000067e4       0x1c /home/sobriodev/Documents/MCUXpresso_10.2.1_795/heart_monitor/heart_monitor/emwin/emWin_library/MCUXpresso/libemWin_M4F.a(WM.o)
                0x00000000000067e4                WM__DeleteSecure
 .text.WM_Exec  0x0000000000006800       0x6c /home/sobriodev/Documents/MCUXpresso_10.2.1_795/heart_monitor/heart_monitor/emwin/emWin_library/MCUXpresso/libemWin_M4F.a(WM.o)
                0x0000000000006800                WM_Exec
 .text.WM_Activate
                0x000000000000686c       0x10 /home/sobriodev/Documents/MCUXpresso_10.2.1_795/heart_monitor/heart_monitor/emwin/emWin_library/MCUXpresso/libemWin_M4F.a(WM.o)
                0x000000000000686c                WM_Activate
 .text.WM_Deactivate
                0x000000000000687c       0x14 /home/sobriodev/Documents/MCUXpresso_10.2.1_795/heart_monitor/heart_monitor/emwin/emWin_library/MCUXpresso/libemWin_M4F.a(WM.o)
                0x000000000000687c                WM_Deactivate
 .text.WM_DefaultProc
                0x0000000000006890       0x4c /home/sobriodev/Documents/MCUXpresso_10.2.1_795/heart_monitor/heart_monitor/emwin/emWin_library/MCUXpresso/libemWin_M4F.a(WM.o)
                0x0000000000006890                WM_DefaultProc
 .text._cbBackWin
                0x00000000000068dc       0x48 /home/sobriodev/Documents/MCUXpresso_10.2.1_795/heart_monitor/heart_monitor/emwin/emWin_library/MCUXpresso/libemWin_M4F.a(WM.o)
 .text.WM_Init  0x0000000000006924       0xbc /home/sobriodev/Documents/MCUXpresso_10.2.1_795/heart_monitor/heart_monitor/emwin/emWin_library/MCUXpresso/libemWin_M4F.a(WM.o)
                0x0000000000006924                WM_Init
 .text.WM_MULTIBUF_Enable
                0x00000000000069e0       0x20 /home/sobriodev/Documents/MCUXpresso_10.2.1_795/heart_monitor/heart_monitor/emwin/emWin_library/MCUXpresso/libemWin_M4F.a(WM_MULTIBUF.o)
                0x00000000000069e0                WM_MULTIBUF_Enable
 .text.WM__IsInModalArea
                0x0000000000006a00       0x50 /home/sobriodev/Documents/MCUXpresso_10.2.1_795/heart_monitor/heart_monitor/emwin/emWin_library/MCUXpresso/libemWin_M4F.a(WM_Touch.o)
                0x0000000000006a00                WM__IsInModalArea
 .text.WM_HandlePID
                0x0000000000006a50      0x298 /home/sobriodev/Documents/MCUXpresso_10.2.1_795/heart_monitor/heart_monitor/emwin/emWin_library/MCUXpresso/libemWin_M4F.a(WM_Touch.o)
                0x0000000000006a50                WM_HandlePID
 .text.WM__SendMessage
                0x0000000000006ce8       0x38 /home/sobriodev/Documents/MCUXpresso_10.2.1_795/heart_monitor/heart_monitor/emwin/emWin_library/MCUXpresso/libemWin_M4F.a(WM__Private.o)
                0x0000000000006ce8                WM__SendMessage
 .text.WM__AddCriticalHandle
                0x0000000000006d20       0x10 /home/sobriodev/Documents/MCUXpresso_10.2.1_795/heart_monitor/heart_monitor/emwin/emWin_library/MCUXpresso/libemWin_M4F.a(WM__Private.o)
                0x0000000000006d20                WM__AddCriticalHandle
 .text.WM__RemoveCriticalHandle
                0x0000000000006d30       0x30 /home/sobriodev/Documents/MCUXpresso_10.2.1_795/heart_monitor/heart_monitor/emwin/emWin_library/MCUXpresso/libemWin_M4F.a(WM__Private.o)
                0x0000000000006d30                WM__RemoveCriticalHandle
 .text.WM_GetClientRect
                0x0000000000006d60       0x1c /home/sobriodev/Documents/MCUXpresso_10.2.1_795/heart_monitor/heart_monitor/emwin/emWin_library/MCUXpresso/libemWin_M4F.a(WM_Lib.o)
                0x0000000000006d60                WM_GetClientRect
 .text.WM_GetDesktopWindow
                0x0000000000006d7c        0xc /home/sobriodev/Documents/MCUXpresso_10.2.1_795/heart_monitor/heart_monitor/emwin/emWin_library/MCUXpresso/libemWin_M4F.a(WM_Lib.o)
                0x0000000000006d7c                WM_GetDesktopWindow
 .text.WM_GetOrgX
                0x0000000000006d88       0x10 /home/sobriodev/Documents/MCUXpresso_10.2.1_795/heart_monitor/heart_monitor/emwin/emWin_library/MCUXpresso/libemWin_M4F.a(WM_Lib.o)
                0x0000000000006d88                WM_GetOrgX
 .text.WM_GetOrgY
                0x0000000000006d98       0x10 /home/sobriodev/Documents/MCUXpresso_10.2.1_795/heart_monitor/heart_monitor/emwin/emWin_library/MCUXpresso/libemWin_M4F.a(WM_Lib.o)
                0x0000000000006d98                WM_GetOrgY
 .text.WM_OnKey
                0x0000000000006da8       0x28 /home/sobriodev/Documents/MCUXpresso_10.2.1_795/heart_monitor/heart_monitor/emwin/emWin_library/MCUXpresso/libemWin_M4F.a(WM_Lib.o)
                0x0000000000006da8                WM_OnKey
 .text.WM_SetCreateFlags
                0x0000000000006dd0       0x10 /home/sobriodev/Documents/MCUXpresso_10.2.1_795/heart_monitor/heart_monitor/emwin/emWin_library/MCUXpresso/libemWin_M4F.a(WM_Lib.o)
                0x0000000000006dd0                WM_SetCreateFlags
 .text.WM_SetFocus
                0x0000000000006de0       0x8c /home/sobriodev/Documents/MCUXpresso_10.2.1_795/heart_monitor/heart_monitor/emwin/emWin_library/MCUXpresso/libemWin_M4F.a(WM_Lib.o)
                0x0000000000006de0                WM_SetFocus
 .text.WM_SetUserClipRect
                0x0000000000006e6c       0x18 /home/sobriodev/Documents/MCUXpresso_10.2.1_795/heart_monitor/heart_monitor/emwin/emWin_library/MCUXpresso/libemWin_M4F.a(WM_Lib.o)
                0x0000000000006e6c                WM_SetUserClipRect
 .text.WM_ValidateWindow
                0x0000000000006e84       0x30 /home/sobriodev/Documents/MCUXpresso_10.2.1_795/heart_monitor/heart_monitor/emwin/emWin_library/MCUXpresso/libemWin_M4F.a(WM_Lib.o)
                0x0000000000006e84                WM_ValidateWindow
 .text.WM_PID__SetPrevState
                0x0000000000006eb4       0x14 /home/sobriodev/Documents/MCUXpresso_10.2.1_795/heart_monitor/heart_monitor/emwin/emWin_library/MCUXpresso/libemWin_M4F.a(WM_PID__GetPrevState.o)
                0x0000000000006eb4                WM_PID__SetPrevState
 .text.GUI_DEVICE__GetpDevice
                0x0000000000006ec8       0x24 /home/sobriodev/Documents/MCUXpresso_10.2.1_795/heart_monitor/heart_monitor/emwin/emWin_library/MCUXpresso/libemWin_M4F.a(GUI_Device.o)
                0x0000000000006ec8                GUI_DEVICE__GetpDevice
 .text.GUI_DEVICE__GetpDriver
                0x0000000000006eec       0x20 /home/sobriodev/Documents/MCUXpresso_10.2.1_795/heart_monitor/heart_monitor/emwin/emWin_library/MCUXpresso/libemWin_M4F.a(GUI_Device.o)
                0x0000000000006eec                GUI_DEVICE__GetpDriver
 .text.GUI_DEVICE_Create
                0x0000000000006f0c       0x4c /home/sobriodev/Documents/MCUXpresso_10.2.1_795/heart_monitor/heart_monitor/emwin/emWin_library/MCUXpresso/libemWin_M4F.a(GUI_Device.o)
                0x0000000000006f0c                GUI_DEVICE_Create
 .text.GUI_DEVICE_Unlink
                0x0000000000006f58       0x34 /home/sobriodev/Documents/MCUXpresso_10.2.1_795/heart_monitor/heart_monitor/emwin/emWin_library/MCUXpresso/libemWin_M4F.a(GUI_Device.o)
                0x0000000000006f58                GUI_DEVICE_Unlink
 .text.GUI_DEVICE_Link
                0x0000000000006f8c       0x84 /home/sobriodev/Documents/MCUXpresso_10.2.1_795/heart_monitor/heart_monitor/emwin/emWin_library/MCUXpresso/libemWin_M4F.a(GUI_Device.o)
                0x0000000000006f8c                GUI_DEVICE_Link
 .text.GUI_DEVICE_CreateAndLink
                0x0000000000007010       0x28 /home/sobriodev/Documents/MCUXpresso_10.2.1_795/heart_monitor/heart_monitor/emwin/emWin_library/MCUXpresso/libemWin_M4F.a(GUI_Device.o)
                0x0000000000007010                GUI_DEVICE_CreateAndLink
 .text.GUI_StoreKey
                0x0000000000007038       0x10 /home/sobriodev/Documents/MCUXpresso_10.2.1_795/heart_monitor/heart_monitor/emwin/emWin_library/MCUXpresso/libemWin_M4F.a(GUI_OnKey.o)
                0x0000000000007038                GUI_StoreKey
 .text.GUI_PollKeyMsg
                0x0000000000007048       0x38 /home/sobriodev/Documents/MCUXpresso_10.2.1_795/heart_monitor/heart_monitor/emwin/emWin_library/MCUXpresso/libemWin_M4F.a(GUI_OnKey.o)
                0x0000000000007048                GUI_PollKeyMsg
 .text._SetDrawMode
                0x0000000000007080       0x28 /home/sobriodev/Documents/MCUXpresso_10.2.1_795/heart_monitor/heart_monitor/emwin/emWin_library/MCUXpresso/libemWin_M4F.a(LCD.o)
 .text.LCD_SetDrawMode
                0x00000000000070a8        0xc /home/sobriodev/Documents/MCUXpresso_10.2.1_795/heart_monitor/heart_monitor/emwin/emWin_library/MCUXpresso/libemWin_M4F.a(LCD.o)
                0x00000000000070a8                LCD_SetDrawMode
 .text.LCD_DrawPixel
                0x00000000000070b4       0x5c /home/sobriodev/Documents/MCUXpresso_10.2.1_795/heart_monitor/heart_monitor/emwin/emWin_library/MCUXpresso/libemWin_M4F.a(LCD.o)
                0x00000000000070b4                LCD_DrawPixel
 .text.LCD_DrawHLine
                0x0000000000007110       0x54 /home/sobriodev/Documents/MCUXpresso_10.2.1_795/heart_monitor/heart_monitor/emwin/emWin_library/MCUXpresso/libemWin_M4F.a(LCD.o)
                0x0000000000007110                LCD_DrawHLine
 .text.LCD_DrawVLine
                0x0000000000007164       0x54 /home/sobriodev/Documents/MCUXpresso_10.2.1_795/heart_monitor/heart_monitor/emwin/emWin_library/MCUXpresso/libemWin_M4F.a(LCD.o)
                0x0000000000007164                LCD_DrawVLine
 .text.LCD_FillRect
                0x00000000000071b8       0x58 /home/sobriodev/Documents/MCUXpresso_10.2.1_795/heart_monitor/heart_monitor/emwin/emWin_library/MCUXpresso/libemWin_M4F.a(LCD.o)
                0x00000000000071b8                LCD_FillRect
 .text.LCD__DrawBitmap_1bpp
                0x0000000000007210      0x1bc /home/sobriodev/Documents/MCUXpresso_10.2.1_795/heart_monitor/heart_monitor/emwin/emWin_library/MCUXpresso/libemWin_M4F.a(LCD.o)
                0x0000000000007210                LCD__DrawBitmap_1bpp
 .text.LCD_DrawBitmap
                0x00000000000073cc      0x210 /home/sobriodev/Documents/MCUXpresso_10.2.1_795/heart_monitor/heart_monitor/emwin/emWin_library/MCUXpresso/libemWin_M4F.a(LCD.o)
                0x00000000000073cc                LCD_DrawBitmap
 .text.LCD_SetClipRectMax
                0x00000000000075dc       0x1c /home/sobriodev/Documents/MCUXpresso_10.2.1_795/heart_monitor/heart_monitor/emwin/emWin_library/MCUXpresso/libemWin_M4F.a(LCD.o)
                0x00000000000075dc                LCD_SetClipRectMax
 .text.LCD_Init
                0x00000000000075f8       0x94 /home/sobriodev/Documents/MCUXpresso_10.2.1_795/heart_monitor/heart_monitor/emwin/emWin_library/MCUXpresso/libemWin_M4F.a(LCD.o)
                0x00000000000075f8                LCD_Init
 .text.LCD_Color2Index
                0x000000000000768c       0x1c /home/sobriodev/Documents/MCUXpresso_10.2.1_795/heart_monitor/heart_monitor/emwin/emWin_library/MCUXpresso/libemWin_M4F.a(LCD.o)
                0x000000000000768c                LCD_Color2Index
 .text.LCD_Index2Color
                0x00000000000076a8       0x1c /home/sobriodev/Documents/MCUXpresso_10.2.1_795/heart_monitor/heart_monitor/emwin/emWin_library/MCUXpresso/libemWin_M4F.a(LCD.o)
                0x00000000000076a8                LCD_Index2Color
 .text.LCD_SetColorIndex
                0x00000000000076c4       0x18 /home/sobriodev/Documents/MCUXpresso_10.2.1_795/heart_monitor/heart_monitor/emwin/emWin_library/MCUXpresso/libemWin_M4F.a(LCD.o)
                0x00000000000076c4                LCD_SetColorIndex
 .text._SetColor
                0x00000000000076dc       0x20 /home/sobriodev/Documents/MCUXpresso_10.2.1_795/heart_monitor/heart_monitor/emwin/emWin_library/MCUXpresso/libemWin_M4F.a(LCD.o)
 .text.LCD_SetBkColorIndex
                0x00000000000076fc       0x18 /home/sobriodev/Documents/MCUXpresso_10.2.1_795/heart_monitor/heart_monitor/emwin/emWin_library/MCUXpresso/libemWin_M4F.a(LCD.o)
                0x00000000000076fc                LCD_SetBkColorIndex
 .text._SetBkColor
                0x0000000000007714       0x20 /home/sobriodev/Documents/MCUXpresso_10.2.1_795/heart_monitor/heart_monitor/emwin/emWin_library/MCUXpresso/libemWin_M4F.a(LCD.o)
 .text.LCD_SetBkColor
                0x0000000000007734        0xc /home/sobriodev/Documents/MCUXpresso_10.2.1_795/heart_monitor/heart_monitor/emwin/emWin_library/MCUXpresso/libemWin_M4F.a(LCD.o)
                0x0000000000007734                LCD_SetBkColor
 .text.LCD_SetColor
                0x0000000000007740        0xc /home/sobriodev/Documents/MCUXpresso_10.2.1_795/heart_monitor/heart_monitor/emwin/emWin_library/MCUXpresso/libemWin_M4F.a(LCD.o)
                0x0000000000007740                LCD_SetColor
 .text.GUI_UC__GetCharCodeInc
                0x000000000000774c       0x28 /home/sobriodev/Documents/MCUXpresso_10.2.1_795/heart_monitor/heart_monitor/emwin/emWin_library/MCUXpresso/libemWin_M4F.a(GUI_UC.o)
                0x000000000000774c                GUI_UC__GetCharCodeInc
 .text.GUI_UC__NumChars2NumBytes
                0x0000000000007774       0x28 /home/sobriodev/Documents/MCUXpresso_10.2.1_795/heart_monitor/heart_monitor/emwin/emWin_library/MCUXpresso/libemWin_M4F.a(GUI_UC.o)
                0x0000000000007774                GUI_UC__NumChars2NumBytes
 .text._Color2Index
                0x000000000000779c       0x10 /home/sobriodev/Documents/MCUXpresso_10.2.1_795/heart_monitor/heart_monitor/emwin/emWin_library/MCUXpresso/libemWin_M4F.a(GUI_EnableAlpha.o)
 .text._Index2Color
                0x00000000000077ac       0x10 /home/sobriodev/Documents/MCUXpresso_10.2.1_795/heart_monitor/heart_monitor/emwin/emWin_library/MCUXpresso/libemWin_M4F.a(GUI_EnableAlpha.o)
 .text._GetIndexMask
                0x00000000000077bc       0x10 /home/sobriodev/Documents/MCUXpresso_10.2.1_795/heart_monitor/heart_monitor/emwin/emWin_library/MCUXpresso/libemWin_M4F.a(GUI_EnableAlpha.o)
 .text._SwapIndices
                0x00000000000077cc       0x18 /home/sobriodev/Documents/MCUXpresso_10.2.1_795/heart_monitor/heart_monitor/emwin/emWin_library/MCUXpresso/libemWin_M4F.a(GUI_EnableAlpha.o)
 .text._SwapColors
                0x00000000000077e4       0x18 /home/sobriodev/Documents/MCUXpresso_10.2.1_795/heart_monitor/heart_monitor/emwin/emWin_library/MCUXpresso/libemWin_M4F.a(GUI_EnableAlpha.o)
 .text._ManageAlpha
                0x00000000000077fc       0x74 /home/sobriodev/Documents/MCUXpresso_10.2.1_795/heart_monitor/heart_monitor/emwin/emWin_library/MCUXpresso/libemWin_M4F.a(GUI_EnableAlpha.o)
 .text._SetDrawMode
                0x0000000000007870       0x30 /home/sobriodev/Documents/MCUXpresso_10.2.1_795/heart_monitor/heart_monitor/emwin/emWin_library/MCUXpresso/libemWin_M4F.a(GUI_EnableAlpha.o)
 .text._SetBkColor
                0x00000000000078a0       0x38 /home/sobriodev/Documents/MCUXpresso_10.2.1_795/heart_monitor/heart_monitor/emwin/emWin_library/MCUXpresso/libemWin_M4F.a(GUI_EnableAlpha.o)
 .text._SetColor
                0x00000000000078d8       0x38 /home/sobriodev/Documents/MCUXpresso_10.2.1_795/heart_monitor/heart_monitor/emwin/emWin_library/MCUXpresso/libemWin_M4F.a(GUI_EnableAlpha.o)
 .text._DrawBitmap
                0x0000000000007910      0x12c /home/sobriodev/Documents/MCUXpresso_10.2.1_795/heart_monitor/heart_monitor/emwin/emWin_library/MCUXpresso/libemWin_M4F.a(GUI_EnableAlpha.o)
 .text._OnExit  0x0000000000007a3c       0x24 /home/sobriodev/Documents/MCUXpresso_10.2.1_795/heart_monitor/heart_monitor/emwin/emWin_library/MCUXpresso/libemWin_M4F.a(GUI_EnableAlpha.o)
 .text._Color2IndexBulk
                0x0000000000007a60       0x88 /home/sobriodev/Documents/MCUXpresso_10.2.1_795/heart_monitor/heart_monitor/emwin/emWin_library/MCUXpresso/libemWin_M4F.a(GUI_EnableAlpha.o)
 .text._Index2ColorBulk
                0x0000000000007ae8       0x88 /home/sobriodev/Documents/MCUXpresso_10.2.1_795/heart_monitor/heart_monitor/emwin/emWin_library/MCUXpresso/libemWin_M4F.a(GUI_EnableAlpha.o)
 .text.GUI_EnableAlpha
                0x0000000000007b70       0xc0 /home/sobriodev/Documents/MCUXpresso_10.2.1_795/heart_monitor/heart_monitor/emwin/emWin_library/MCUXpresso/libemWin_M4F.a(GUI_EnableAlpha.o)
                0x0000000000007b70                GUI_EnableAlpha
 .text.GUI_Delay
                0x0000000000007c30       0x30 /home/sobriodev/Documents/MCUXpresso_10.2.1_795/heart_monitor/heart_monitor/emwin/emWin_library/MCUXpresso/libemWin_M4F.a(GUI_Time.o)
                0x0000000000007c30                GUI_Delay
 .text.LCD_GetXSize
                0x0000000000007c60       0x10 /home/sobriodev/Documents/MCUXpresso_10.2.1_795/heart_monitor/heart_monitor/emwin/emWin_library/MCUXpresso/libemWin_M4F.a(LCD_GetEx.o)
                0x0000000000007c60                LCD_GetXSize
 .text.LCD_GetYSize
                0x0000000000007c70       0x10 /home/sobriodev/Documents/MCUXpresso_10.2.1_795/heart_monitor/heart_monitor/emwin/emWin_library/MCUXpresso/libemWin_M4F.a(LCD_GetEx.o)
                0x0000000000007c70                LCD_GetYSize
 .text.LCD_GetNumColors
                0x0000000000007c80       0x10 /home/sobriodev/Documents/MCUXpresso_10.2.1_795/heart_monitor/heart_monitor/emwin/emWin_library/MCUXpresso/libemWin_M4F.a(LCD_GetEx.o)
                0x0000000000007c80                LCD_GetNumColors
 .text.GUI_GetBitsPerPixelEx
                0x0000000000007c90       0x14 /home/sobriodev/Documents/MCUXpresso_10.2.1_795/heart_monitor/heart_monitor/emwin/emWin_library/MCUXpresso/libemWin_M4F.a(LCD_GetEx.o)
                0x0000000000007c90                GUI_GetBitsPerPixelEx
 .text.LCD_GetPalette
                0x0000000000007ca4       0x10 /home/sobriodev/Documents/MCUXpresso_10.2.1_795/heart_monitor/heart_monitor/emwin/emWin_library/MCUXpresso/libemWin_M4F.a(LCD_GetEx.o)
                0x0000000000007ca4                LCD_GetPalette
 .text.GUI_GetpfIndex2ColorEx
                0x0000000000007cb4       0x10 /home/sobriodev/Documents/MCUXpresso_10.2.1_795/heart_monitor/heart_monitor/emwin/emWin_library/MCUXpresso/libemWin_M4F.a(LCD_GetEx.o)
                0x0000000000007cb4                GUI_GetpfIndex2ColorEx
 .text.GUI_GetpfColor2IndexEx
                0x0000000000007cc4       0x10 /home/sobriodev/Documents/MCUXpresso_10.2.1_795/heart_monitor/heart_monitor/emwin/emWin_library/MCUXpresso/libemWin_M4F.a(LCD_GetEx.o)
                0x0000000000007cc4                GUI_GetpfColor2IndexEx
 .text.LCD_SetDisplaySize
                0x0000000000007cd4       0x14 /home/sobriodev/Documents/MCUXpresso_10.2.1_795/heart_monitor/heart_monitor/emwin/emWin_library/MCUXpresso/libemWin_M4F.a(LCD_GetEx.o)
                0x0000000000007cd4                LCD_SetDisplaySize
 .text.LCD_GetXSizeDisplay
                0x0000000000007ce8        0xc /home/sobriodev/Documents/MCUXpresso_10.2.1_795/heart_monitor/heart_monitor/emwin/emWin_library/MCUXpresso/libemWin_M4F.a(LCD_GetEx.o)
                0x0000000000007ce8                LCD_GetXSizeDisplay
 .text.LCD_GetYSizeDisplay
                0x0000000000007cf4        0xc /home/sobriodev/Documents/MCUXpresso_10.2.1_795/heart_monitor/heart_monitor/emwin/emWin_library/MCUXpresso/libemWin_M4F.a(LCD_GetEx.o)
                0x0000000000007cf4                LCD_GetYSizeDisplay
 .text.LCD_Index2Color_565
                0x0000000000007d00       0x2c /home/sobriodev/Documents/MCUXpresso_10.2.1_795/heart_monitor/heart_monitor/emwin/emWin_library/MCUXpresso/libemWin_M4F.a(GUICC_565.o)
                0x0000000000007d00                LCD_Index2Color_565
 .text._Color2Index_565
                0x0000000000007d2c       0x28 /home/sobriodev/Documents/MCUXpresso_10.2.1_795/heart_monitor/heart_monitor/emwin/emWin_library/MCUXpresso/libemWin_M4F.a(GUICC_565.o)
 .text._Color2IndexBulk
                0x0000000000007d54       0x38 /home/sobriodev/Documents/MCUXpresso_10.2.1_795/heart_monitor/heart_monitor/emwin/emWin_library/MCUXpresso/libemWin_M4F.a(GUICC_565.o)
 .text._Index2ColorBulk
                0x0000000000007d8c       0x44 /home/sobriodev/Documents/MCUXpresso_10.2.1_795/heart_monitor/heart_monitor/emwin/emWin_library/MCUXpresso/libemWin_M4F.a(GUICC_565.o)
 .text.GUI_GetCursorLayer
                0x0000000000007dd0       0x10 /home/sobriodev/Documents/MCUXpresso_10.2.1_795/heart_monitor/heart_monitor/emwin/emWin_library/MCUXpresso/libemWin_M4F.a(GUI_SelectLayer.o)
                0x0000000000007dd0                GUI_GetCursorLayer
 .text.GUI_SelectLayer
                0x0000000000007de0       0x24 /home/sobriodev/Documents/MCUXpresso_10.2.1_795/heart_monitor/heart_monitor/emwin/emWin_library/MCUXpresso/libemWin_M4F.a(GUI_SelectLayer.o)
                0x0000000000007de0                GUI_SelectLayer
 .text.LCD_SetClipRectEx
                0x0000000000007e04       0x30 /home/sobriodev/Documents/MCUXpresso_10.2.1_795/heart_monitor/heart_monitor/emwin/emWin_library/MCUXpresso/libemWin_M4F.a(LCD_SetClipRectEx.o)
                0x0000000000007e04                LCD_SetClipRectEx
 .text._OnExit  0x0000000000007e34       0x1c /home/sobriodev/Documents/MCUXpresso_10.2.1_795/heart_monitor/heart_monitor/emwin/emWin_library/MCUXpresso/libemWin_M4F.a(GUI_Timer.o)
 .text.GUI_TIMER_Exec
                0x0000000000007e50       0x64 /home/sobriodev/Documents/MCUXpresso_10.2.1_795/heart_monitor/heart_monitor/emwin/emWin_library/MCUXpresso/libemWin_M4F.a(GUI_Timer.o)
                0x0000000000007e50                GUI_TIMER_Exec
 .text._Link    0x0000000000007eb4       0x90 /home/sobriodev/Documents/MCUXpresso_10.2.1_795/heart_monitor/heart_monitor/emwin/emWin_library/MCUXpresso/libemWin_M4F.a(GUI_Timer.o)
 .text._Unlink  0x0000000000007f44       0x4c /home/sobriodev/Documents/MCUXpresso_10.2.1_795/heart_monitor/heart_monitor/emwin/emWin_library/MCUXpresso/libemWin_M4F.a(GUI_Timer.o)
 .text.GUI_TIMER__GetFirstTimer
                0x0000000000007f90       0x30 /home/sobriodev/Documents/MCUXpresso_10.2.1_795/heart_monitor/heart_monitor/emwin/emWin_library/MCUXpresso/libemWin_M4F.a(GUI_Timer.o)
                0x0000000000007f90                GUI_TIMER__GetFirstTimer
 .text.GUI_TIMER_Create
                0x0000000000007fc0       0x98 /home/sobriodev/Documents/MCUXpresso_10.2.1_795/heart_monitor/heart_monitor/emwin/emWin_library/MCUXpresso/libemWin_M4F.a(GUI_Timer.o)
                0x0000000000007fc0                GUI_TIMER_Create
 .text.GUI_TIMER_Delete
                0x0000000000008058       0x68 /home/sobriodev/Documents/MCUXpresso_10.2.1_795/heart_monitor/heart_monitor/emwin/emWin_library/MCUXpresso/libemWin_M4F.a(GUI_Timer.o)
                0x0000000000008058                GUI_TIMER_Delete
 .text.GUIPROP_DispChar
                0x00000000000080c0       0xec /home/sobriodev/Documents/MCUXpresso_10.2.1_795/heart_monitor/heart_monitor/emwin/emWin_library/MCUXpresso/libemWin_M4F.a(GUI_CharP.o)
                0x00000000000080c0                GUIPROP_DispChar
 .text.GUIPROP_GetCharDistX
                0x00000000000081ac       0x3c /home/sobriodev/Documents/MCUXpresso_10.2.1_795/heart_monitor/heart_monitor/emwin/emWin_library/MCUXpresso/libemWin_M4F.a(GUI_CharP.o)
                0x00000000000081ac                GUIPROP_GetCharDistX
 .text._Color2Index
                0x00000000000081e8       0x1c /home/sobriodev/Documents/MCUXpresso_10.2.1_795/heart_monitor/heart_monitor/emwin/emWin_library/MCUXpresso/libemWin_M4F.a(GUI_SetAlpha.o)
 .text._Index2Color
                0x0000000000008204       0x1c /home/sobriodev/Documents/MCUXpresso_10.2.1_795/heart_monitor/heart_monitor/emwin/emWin_library/MCUXpresso/libemWin_M4F.a(GUI_SetAlpha.o)
 .text._GetIndexMask
                0x0000000000008220       0x1c /home/sobriodev/Documents/MCUXpresso_10.2.1_795/heart_monitor/heart_monitor/emwin/emWin_library/MCUXpresso/libemWin_M4F.a(GUI_SetAlpha.o)
 .text.GUI_SetAlpha
                0x000000000000823c      0x110 /home/sobriodev/Documents/MCUXpresso_10.2.1_795/heart_monitor/heart_monitor/emwin/emWin_library/MCUXpresso/libemWin_M4F.a(GUI_SetAlpha.o)
                0x000000000000823c                GUI_SetAlpha
 .text._OnExit  0x000000000000834c       0x34 /home/sobriodev/Documents/MCUXpresso_10.2.1_795/heart_monitor/heart_monitor/emwin/emWin_library/MCUXpresso/libemWin_M4F.a(GUI_SetAlpha.o)
 .text._ReadRectFromMemdev
                0x0000000000008380       0xa0 /home/sobriodev/Documents/MCUXpresso_10.2.1_795/heart_monitor/heart_monitor/emwin/emWin_library/MCUXpresso/libemWin_M4F.a(GUI_SetAlpha.o)
 .text._Color2IndexBulk
                0x0000000000008420       0xb4 /home/sobriodev/Documents/MCUXpresso_10.2.1_795/heart_monitor/heart_monitor/emwin/emWin_library/MCUXpresso/libemWin_M4F.a(GUI_SetAlpha.o)
 .text._Index2ColorBulk
                0x00000000000084d4       0xb4 /home/sobriodev/Documents/MCUXpresso_10.2.1_795/heart_monitor/heart_monitor/emwin/emWin_library/MCUXpresso/libemWin_M4F.a(GUI_SetAlpha.o)
 .text._MixColors
                0x0000000000008588       0x58 /home/sobriodev/Documents/MCUXpresso_10.2.1_795/heart_monitor/heart_monitor/emwin/emWin_library/MCUXpresso/libemWin_M4F.a(GUI_SetAlpha.o)
 .text._DrawVLine
                0x00000000000085e0       0x48 /home/sobriodev/Documents/MCUXpresso_10.2.1_795/heart_monitor/heart_monitor/emwin/emWin_library/MCUXpresso/libemWin_M4F.a(GUI_SetAlpha.o)
 .text._GetLine
                0x0000000000008628       0xb0 /home/sobriodev/Documents/MCUXpresso_10.2.1_795/heart_monitor/heart_monitor/emwin/emWin_library/MCUXpresso/libemWin_M4F.a(GUI_SetAlpha.o)
 .text._DrawBitmapLine.isra.6
                0x00000000000086d8       0x5c /home/sobriodev/Documents/MCUXpresso_10.2.1_795/heart_monitor/heart_monitor/emwin/emWin_library/MCUXpresso/libemWin_M4F.a(GUI_SetAlpha.o)
 .text._DrawHLine
                0x0000000000008734       0xd8 /home/sobriodev/Documents/MCUXpresso_10.2.1_795/heart_monitor/heart_monitor/emwin/emWin_library/MCUXpresso/libemWin_M4F.a(GUI_SetAlpha.o)
 .text._DrawBitmap
                0x000000000000880c      0x5ec /home/sobriodev/Documents/MCUXpresso_10.2.1_795/heart_monitor/heart_monitor/emwin/emWin_library/MCUXpresso/libemWin_M4F.a(GUI_SetAlpha.o)
 .text.GUI__AlphaPreserveTrans
                0x0000000000008df8       0x24 /home/sobriodev/Documents/MCUXpresso_10.2.1_795/heart_monitor/heart_monitor/emwin/emWin_library/MCUXpresso/libemWin_M4F.a(GUI_SetAlpha.o)
                0x0000000000008df8                GUI__AlphaPreserveTrans
 .text.GUI_CURSOR_SetPositionEx
                0x0000000000008e1c       0x60 /home/sobriodev/Documents/MCUXpresso_10.2.1_795/heart_monitor/heart_monitor/emwin/emWin_library/MCUXpresso/libemWin_M4F.a(GUI_Cursor.o)
                0x0000000000008e1c                GUI_CURSOR_SetPositionEx
 .text._PushFreeBlock
                0x0000000000008e7c       0x24 /home/sobriodev/Documents/MCUXpresso_10.2.1_795/heart_monitor/heart_monitor/emwin/emWin_library/MCUXpresso/libemWin_M4F.a(GUI_Alloc.o)
 .text._RemoveFreeBlock
                0x0000000000008ea0       0x40 /home/sobriodev/Documents/MCUXpresso_10.2.1_795/heart_monitor/heart_monitor/emwin/emWin_library/MCUXpresso/libemWin_M4F.a(GUI_Alloc.o)
 .text._AddFreeMemory
                0x0000000000008ee0       0xa4 /home/sobriodev/Documents/MCUXpresso_10.2.1_795/heart_monitor/heart_monitor/emwin/emWin_library/MCUXpresso/libemWin_M4F.a(GUI_Alloc.o)
 .text._RemoveHoles
                0x0000000000008f84       0x94 /home/sobriodev/Documents/MCUXpresso_10.2.1_795/heart_monitor/heart_monitor/emwin/emWin_library/MCUXpresso/libemWin_M4F.a(GUI_Alloc.o)
 .text.GUI_ALLOC_FreeFixedBlock
                0x0000000000009018       0x14 /home/sobriodev/Documents/MCUXpresso_10.2.1_795/heart_monitor/heart_monitor/emwin/emWin_library/MCUXpresso/libemWin_M4F.a(GUI_Alloc.o)
                0x0000000000009018                GUI_ALLOC_FreeFixedBlock
 .text.GUI_ALLOC_h2p
                0x000000000000902c       0x14 /home/sobriodev/Documents/MCUXpresso_10.2.1_795/heart_monitor/heart_monitor/emwin/emWin_library/MCUXpresso/libemWin_M4F.a(GUI_Alloc.o)
                0x000000000000902c                GUI_ALLOC_h2p
 .text.GUI_ALLOC_LockH
                0x0000000000009040       0x1c /home/sobriodev/Documents/MCUXpresso_10.2.1_795/heart_monitor/heart_monitor/emwin/emWin_library/MCUXpresso/libemWin_M4F.a(GUI_Alloc.o)
                0x0000000000009040                GUI_ALLOC_LockH
 .text.GUI_ALLOC_UnlockH
                0x000000000000905c       0x30 /home/sobriodev/Documents/MCUXpresso_10.2.1_795/heart_monitor/heart_monitor/emwin/emWin_library/MCUXpresso/libemWin_M4F.a(GUI_Alloc.o)
                0x000000000000905c                GUI_ALLOC_UnlockH
 .text.GUI_ALLOC_AssignMemory
                0x000000000000908c       0x10 /home/sobriodev/Documents/MCUXpresso_10.2.1_795/heart_monitor/heart_monitor/emwin/emWin_library/MCUXpresso/libemWin_M4F.a(GUI_Alloc.o)
                0x000000000000908c                GUI_ALLOC_AssignMemory
 .text.GUI_ALLOC_GetSize
                0x000000000000909c       0x18 /home/sobriodev/Documents/MCUXpresso_10.2.1_795/heart_monitor/heart_monitor/emwin/emWin_library/MCUXpresso/libemWin_M4F.a(GUI_Alloc.o)
                0x000000000000909c                GUI_ALLOC_GetSize
 .text.GUI_ALLOC_Free
                0x00000000000090b4       0x28 /home/sobriodev/Documents/MCUXpresso_10.2.1_795/heart_monitor/heart_monitor/emwin/emWin_library/MCUXpresso/libemWin_M4F.a(GUI_Alloc.o)
                0x00000000000090b4                GUI_ALLOC_Free
 .text._EnlargeBlocks
                0x00000000000090dc       0x98 /home/sobriodev/Documents/MCUXpresso_10.2.1_795/heart_monitor/heart_monitor/emwin/emWin_library/MCUXpresso/libemWin_M4F.a(GUI_Alloc.o)
 .text._InitOnce
                0x0000000000009174       0x6c /home/sobriodev/Documents/MCUXpresso_10.2.1_795/heart_monitor/heart_monitor/emwin/emWin_library/MCUXpresso/libemWin_M4F.a(GUI_Alloc.o)
 .text.GUI_ALLOC_GetFixedBlock
                0x00000000000091e0       0xa8 /home/sobriodev/Documents/MCUXpresso_10.2.1_795/heart_monitor/heart_monitor/emwin/emWin_library/MCUXpresso/libemWin_M4F.a(GUI_Alloc.o)
                0x00000000000091e0                GUI_ALLOC_GetFixedBlock
 .text.GUI_ALLOC_GetMaxSize
                0x0000000000009288       0x38 /home/sobriodev/Documents/MCUXpresso_10.2.1_795/heart_monitor/heart_monitor/emwin/emWin_library/MCUXpresso/libemWin_M4F.a(GUI_Alloc.o)
                0x0000000000009288                GUI_ALLOC_GetMaxSize
 .text.GUI_ALLOC_RequestSize
                0x00000000000092c0       0x2c /home/sobriodev/Documents/MCUXpresso_10.2.1_795/heart_monitor/heart_monitor/emwin/emWin_library/MCUXpresso/libemWin_M4F.a(GUI_Alloc.o)
                0x00000000000092c0                GUI_ALLOC_RequestSize
 .text._Alloc   0x00000000000092ec       0xec /home/sobriodev/Documents/MCUXpresso_10.2.1_795/heart_monitor/heart_monitor/emwin/emWin_library/MCUXpresso/libemWin_M4F.a(GUI_Alloc.o)
 .text.GUI_ALLOC_AllocInit
                0x00000000000093d8       0x44 /home/sobriodev/Documents/MCUXpresso_10.2.1_795/heart_monitor/heart_monitor/emwin/emWin_library/MCUXpresso/libemWin_M4F.a(GUI_Alloc.o)
                0x00000000000093d8                GUI_ALLOC_AllocInit
 .text.GUI_ALLOC_AllocZero
                0x000000000000941c       0x30 /home/sobriodev/Documents/MCUXpresso_10.2.1_795/heart_monitor/heart_monitor/emwin/emWin_library/MCUXpresso/libemWin_M4F.a(GUI_Alloc.o)
                0x000000000000941c                GUI_ALLOC_AllocZero
 .text.GUI_ALLOC_Realloc
                0x000000000000944c       0x5c /home/sobriodev/Documents/MCUXpresso_10.2.1_795/heart_monitor/heart_monitor/emwin/emWin_library/MCUXpresso/libemWin_M4F.a(GUI_Alloc.o)
                0x000000000000944c                GUI_ALLOC_Realloc
 .text.GL_DrawBitmap
                0x00000000000094a8       0xa8 /home/sobriodev/Documents/MCUXpresso_10.2.1_795/heart_monitor/heart_monitor/emwin/emWin_library/MCUXpresso/libemWin_M4F.a(GUI_DrawBitmap.o)
                0x00000000000094a8                GL_DrawBitmap
 .text.GUI_DrawBitmap
                0x0000000000009550       0x4c /home/sobriodev/Documents/MCUXpresso_10.2.1_795/heart_monitor/heart_monitor/emwin/emWin_library/MCUXpresso/libemWin_M4F.a(GUI_DrawBitmap.o)
                0x0000000000009550                GUI_DrawBitmap
 .text.GUI__ManageCacheEx
                0x000000000000959c       0xe4 /home/sobriodev/Documents/MCUXpresso_10.2.1_795/heart_monitor/heart_monitor/emwin/emWin_library/MCUXpresso/libemWin_M4F.a(GUI__ManageCache.o)
                0x000000000000959c                GUI__ManageCacheEx
 .text.GUI__ManageCache
                0x0000000000009680       0x10 /home/sobriodev/Documents/MCUXpresso_10.2.1_795/heart_monitor/heart_monitor/emwin/emWin_library/MCUXpresso/libemWin_M4F.a(GUI__ManageCache.o)
                0x0000000000009680                GUI__ManageCache
 .text._DrawBitmapSwapRB
                0x0000000000009690       0x2c /home/sobriodev/Documents/MCUXpresso_10.2.1_795/heart_monitor/heart_monitor/emwin/emWin_library/MCUXpresso/libemWin_M4F.a(GUI_DrawBitmap_565.o)
 .text._OnExit  0x00000000000096bc       0x2c /home/sobriodev/Documents/MCUXpresso_10.2.1_795/heart_monitor/heart_monitor/emwin/emWin_library/MCUXpresso/libemWin_M4F.a(GUI_PID.o)
 .text.GUI_PID_GetState
                0x00000000000096e8       0x54 /home/sobriodev/Documents/MCUXpresso_10.2.1_795/heart_monitor/heart_monitor/emwin/emWin_library/MCUXpresso/libemWin_M4F.a(GUI_PID.o)
                0x00000000000096e8                GUI_PID_GetState
 .text.GUI_PID_StoreState
                0x000000000000973c       0xcc /home/sobriodev/Documents/MCUXpresso_10.2.1_795/heart_monitor/heart_monitor/emwin/emWin_library/MCUXpresso/libemWin_M4F.a(GUI_PID.o)
                0x000000000000973c                GUI_PID_StoreState
 .text.GUI_PID_IsEmpty
                0x0000000000009808       0x18 /home/sobriodev/Documents/MCUXpresso_10.2.1_795/heart_monitor/heart_monitor/emwin/emWin_library/MCUXpresso/libemWin_M4F.a(GUI_PID.o)
                0x0000000000009808                GUI_PID_IsEmpty
 .text._OnExit  0x0000000000009820       0x54 /home/sobriodev/Documents/MCUXpresso_10.2.1_795/heart_monitor/heart_monitor/emwin/emWin_library/MCUXpresso/libemWin_M4F.a(GUI_Core.o)
 .text.GUI_SetDefaultFont
                0x0000000000009874        0xc /home/sobriodev/Documents/MCUXpresso_10.2.1_795/heart_monitor/heart_monitor/emwin/emWin_library/MCUXpresso/libemWin_M4F.a(GUI_Core.o)
                0x0000000000009874                GUI_SetDefaultFont
 .text.GUI_ClearRect
                0x0000000000009880       0x60 /home/sobriodev/Documents/MCUXpresso_10.2.1_795/heart_monitor/heart_monitor/emwin/emWin_library/MCUXpresso/libemWin_M4F.a(GUI_Core.o)
                0x0000000000009880                GUI_ClearRect
 .text.GUI_Clear
                0x00000000000098e0       0x20 /home/sobriodev/Documents/MCUXpresso_10.2.1_795/heart_monitor/heart_monitor/emwin/emWin_library/MCUXpresso/libemWin_M4F.a(GUI_Core.o)
                0x00000000000098e0                GUI_Clear
 .text.GUI__RegisterExit
                0x0000000000009900       0x10 /home/sobriodev/Documents/MCUXpresso_10.2.1_795/heart_monitor/heart_monitor/emwin/emWin_library/MCUXpresso/libemWin_M4F.a(GUI_Core.o)
                0x0000000000009900                GUI__RegisterExit
 .text.GUI__Config
                0x0000000000009910       0x30 /home/sobriodev/Documents/MCUXpresso_10.2.1_795/heart_monitor/heart_monitor/emwin/emWin_library/MCUXpresso/libemWin_M4F.a(GUI_Core.o)
                0x0000000000009910                GUI__Config
 .text.GUI_Init
                0x0000000000009940      0x104 /home/sobriodev/Documents/MCUXpresso_10.2.1_795/heart_monitor/heart_monitor/emwin/emWin_library/MCUXpresso/libemWin_M4F.a(GUI_Core.o)
                0x0000000000009940                GUI_Init
 .text.GUI_DCACHE_Clear
                0x0000000000009a44       0x10 /home/sobriodev/Documents/MCUXpresso_10.2.1_795/heart_monitor/heart_monitor/emwin/emWin_library/MCUXpresso/libemWin_M4F.a(GUI_Core.o)
                0x0000000000009a44                GUI_DCACHE_Clear
 .text.GUI_GetLineStyle
                0x0000000000009a54        0xc /home/sobriodev/Documents/MCUXpresso_10.2.1_795/heart_monitor/heart_monitor/emwin/emWin_library/MCUXpresso/libemWin_M4F.a(GUI_Common.o)
                0x0000000000009a54                GUI_GetLineStyle
 .text.GUI_GetOrg
                0x0000000000009a60       0x1c /home/sobriodev/Documents/MCUXpresso_10.2.1_795/heart_monitor/heart_monitor/emwin/emWin_library/MCUXpresso/libemWin_M4F.a(GUI_Common.o)
                0x0000000000009a60                GUI_GetOrg
 .text.GUI_Exec1
                0x0000000000009a7c       0x40 /home/sobriodev/Documents/MCUXpresso_10.2.1_795/heart_monitor/heart_monitor/emwin/emWin_library/MCUXpresso/libemWin_M4F.a(GUI_Common.o)
                0x0000000000009a7c                GUI_Exec1
 .text.GUI_GotoXY
                0x0000000000009abc       0x10 /home/sobriodev/Documents/MCUXpresso_10.2.1_795/heart_monitor/heart_monitor/emwin/emWin_library/MCUXpresso/libemWin_M4F.a(GUI_Common.o)
                0x0000000000009abc                GUI_GotoXY
 .text.GUI_SetPenSize
                0x0000000000009acc       0x10 /home/sobriodev/Documents/MCUXpresso_10.2.1_795/heart_monitor/heart_monitor/emwin/emWin_library/MCUXpresso/libemWin_M4F.a(GUI_Common.o)
                0x0000000000009acc                GUI_SetPenSize
 .text.GUI_SaveContext_W
                0x0000000000009adc       0x14 /home/sobriodev/Documents/MCUXpresso_10.2.1_795/heart_monitor/heart_monitor/emwin/emWin_library/MCUXpresso/libemWin_M4F.a(GUI_Common.o)
                0x0000000000009adc                GUI_SaveContext_W
 .text.GUI_RestoreContext
                0x0000000000009af0       0x14 /home/sobriodev/Documents/MCUXpresso_10.2.1_795/heart_monitor/heart_monitor/emwin/emWin_library/MCUXpresso/libemWin_M4F.a(GUI_Common.o)
                0x0000000000009af0                GUI_RestoreContext
 .text.GUI_SetColorIndex
                0x0000000000009b04       0x14 /home/sobriodev/Documents/MCUXpresso_10.2.1_795/heart_monitor/heart_monitor/emwin/emWin_library/MCUXpresso/libemWin_M4F.a(GUI_Common.o)
                0x0000000000009b04                GUI_SetColorIndex
 .text.GUI_SetFont
                0x0000000000009b18       0x14 /home/sobriodev/Documents/MCUXpresso_10.2.1_795/heart_monitor/heart_monitor/emwin/emWin_library/MCUXpresso/libemWin_M4F.a(GUI_Common.o)
                0x0000000000009b18                GUI_SetFont
 .text.GUI_SetLineStyle
                0x0000000000009b2c       0x10 /home/sobriodev/Documents/MCUXpresso_10.2.1_795/heart_monitor/heart_monitor/emwin/emWin_library/MCUXpresso/libemWin_M4F.a(GUI_Common.o)
                0x0000000000009b2c                GUI_SetLineStyle
 .text.GUI_SetOrg
                0x0000000000009b3c       0x38 /home/sobriodev/Documents/MCUXpresso_10.2.1_795/heart_monitor/heart_monitor/emwin/emWin_library/MCUXpresso/libemWin_M4F.a(GUI_Common.o)
                0x0000000000009b3c                GUI_SetOrg
 .text.GUI_SetTextAlign
                0x0000000000009b74       0x14 /home/sobriodev/Documents/MCUXpresso_10.2.1_795/heart_monitor/heart_monitor/emwin/emWin_library/MCUXpresso/libemWin_M4F.a(GUI_Common.o)
                0x0000000000009b74                GUI_SetTextAlign
 .text.GUI_SetTextMode
                0x0000000000009b88       0x14 /home/sobriodev/Documents/MCUXpresso_10.2.1_795/heart_monitor/heart_monitor/emwin/emWin_library/MCUXpresso/libemWin_M4F.a(GUI_Common.o)
                0x0000000000009b88                GUI_SetTextMode
 .text.GL_SetDefault
                0x0000000000009b9c       0x48 /home/sobriodev/Documents/MCUXpresso_10.2.1_795/heart_monitor/heart_monitor/emwin/emWin_library/MCUXpresso/libemWin_M4F.a(GUI_Common.o)
                0x0000000000009b9c                GL_SetDefault
 .text.LCD_Index2Color_M565
                0x0000000000009be4       0x2c /home/sobriodev/Documents/MCUXpresso_10.2.1_795/heart_monitor/heart_monitor/emwin/emWin_library/MCUXpresso/libemWin_M4F.a(GUICC_M565.o)
                0x0000000000009be4                LCD_Index2Color_M565
 .text._Color2Index_M565
                0x0000000000009c10       0x28 /home/sobriodev/Documents/MCUXpresso_10.2.1_795/heart_monitor/heart_monitor/emwin/emWin_library/MCUXpresso/libemWin_M4F.a(GUICC_M565.o)
 .text._Color2IndexBulk
                0x0000000000009c38       0x5c /home/sobriodev/Documents/MCUXpresso_10.2.1_795/heart_monitor/heart_monitor/emwin/emWin_library/MCUXpresso/libemWin_M4F.a(GUICC_M565.o)
 .text._Index2ColorBulk
                0x0000000000009c94       0x5c /home/sobriodev/Documents/MCUXpresso_10.2.1_795/heart_monitor/heart_monitor/emwin/emWin_library/MCUXpresso/libemWin_M4F.a(GUICC_M565.o)
 .text._OnExit  0x0000000000009cf0       0x4c /home/sobriodev/Documents/MCUXpresso_10.2.1_795/heart_monitor/heart_monitor/emwin/emWin_library/MCUXpresso/libemWin_M4F.a(GUI_MULTIBUF.o)
 .text.GUI_MULTIBUF_BeginEx
                0x0000000000009d3c       0x7c /home/sobriodev/Documents/MCUXpresso_10.2.1_795/heart_monitor/heart_monitor/emwin/emWin_library/MCUXpresso/libemWin_M4F.a(GUI_MULTIBUF.o)
                0x0000000000009d3c                GUI_MULTIBUF_BeginEx
 .text.GUI_MULTIBUF_Begin
                0x0000000000009db8       0x10 /home/sobriodev/Documents/MCUXpresso_10.2.1_795/heart_monitor/heart_monitor/emwin/emWin_library/MCUXpresso/libemWin_M4F.a(GUI_MULTIBUF.o)
                0x0000000000009db8                GUI_MULTIBUF_Begin
 .text.GUI_MULTIBUF_EndEx
                0x0000000000009dc8       0x70 /home/sobriodev/Documents/MCUXpresso_10.2.1_795/heart_monitor/heart_monitor/emwin/emWin_library/MCUXpresso/libemWin_M4F.a(GUI_MULTIBUF.o)
                0x0000000000009dc8                GUI_MULTIBUF_EndEx
 .text.GUI_MULTIBUF_End
                0x0000000000009e38       0x10 /home/sobriodev/Documents/MCUXpresso_10.2.1_795/heart_monitor/heart_monitor/emwin/emWin_library/MCUXpresso/libemWin_M4F.a(GUI_MULTIBUF.o)
                0x0000000000009e38                GUI_MULTIBUF_End
 .text.GUI_MULTIBUF_ConfirmEx
                0x0000000000009e48       0x30 /home/sobriodev/Documents/MCUXpresso_10.2.1_795/heart_monitor/heart_monitor/emwin/emWin_library/MCUXpresso/libemWin_M4F.a(GUI_MULTIBUF.o)
                0x0000000000009e48                GUI_MULTIBUF_ConfirmEx
 .text.GUI_MULTIBUF_ConfigEx
                0x0000000000009e78       0x3c /home/sobriodev/Documents/MCUXpresso_10.2.1_795/heart_monitor/heart_monitor/emwin/emWin_library/MCUXpresso/libemWin_M4F.a(GUI_MULTIBUF.o)
                0x0000000000009e78                GUI_MULTIBUF_ConfigEx
 .text.GUI_MULTIBUF_Confirm
                0x0000000000009eb4       0x10 /home/sobriodev/Documents/MCUXpresso_10.2.1_795/heart_monitor/heart_monitor/emwin/emWin_library/MCUXpresso/libemWin_M4F.a(GUI_MULTIBUF.o)
                0x0000000000009eb4                GUI_MULTIBUF_Confirm
 .text.GUI_MULTIBUF_Config
                0x0000000000009ec4       0x10 /home/sobriodev/Documents/MCUXpresso_10.2.1_795/heart_monitor/heart_monitor/emwin/emWin_library/MCUXpresso/libemWin_M4F.a(GUI_MULTIBUF.o)
                0x0000000000009ec4                GUI_MULTIBUF_Config
 .text.GUI_DrawHLine
                0x0000000000009ed4       0x48 /home/sobriodev/Documents/MCUXpresso_10.2.1_795/heart_monitor/heart_monitor/emwin/emWin_library/MCUXpresso/libemWin_M4F.a(GUI_DrawLib.o)
                0x0000000000009ed4                GUI_DrawHLine
 .text.GUI_DrawPixel
                0x0000000000009f1c       0x44 /home/sobriodev/Documents/MCUXpresso_10.2.1_795/heart_monitor/heart_monitor/emwin/emWin_library/MCUXpresso/libemWin_M4F.a(GUI_DrawLib.o)
                0x0000000000009f1c                GUI_DrawPixel
 .text.GL_DrawPoint
                0x0000000000009f60       0x20 /home/sobriodev/Documents/MCUXpresso_10.2.1_795/heart_monitor/heart_monitor/emwin/emWin_library/MCUXpresso/libemWin_M4F.a(GUI_DrawLib.o)
                0x0000000000009f60                GL_DrawPoint
 .text.GUI_DrawVLine
                0x0000000000009f80       0x44 /home/sobriodev/Documents/MCUXpresso_10.2.1_795/heart_monitor/heart_monitor/emwin/emWin_library/MCUXpresso/libemWin_M4F.a(GUI_DrawLib.o)
                0x0000000000009f80                GUI_DrawVLine
 .text.GUI_FillRect
                0x0000000000009fc4       0x44 /home/sobriodev/Documents/MCUXpresso_10.2.1_795/heart_monitor/heart_monitor/emwin/emWin_library/MCUXpresso/libemWin_M4F.a(GUI_DrawLib.o)
                0x0000000000009fc4                GUI_FillRect
 .text.GUI_DrawFocusRect
                0x000000000000a008       0x9c /home/sobriodev/Documents/MCUXpresso_10.2.1_795/heart_monitor/heart_monitor/emwin/emWin_library/MCUXpresso/libemWin_M4F.a(GUI_DrawLib.o)
                0x000000000000a008                GUI_DrawFocusRect
 .text._DoClipping
                0x000000000000a0a4       0xa0 /home/sobriodev/Documents/MCUXpresso_10.2.1_795/heart_monitor/heart_monitor/emwin/emWin_library/MCUXpresso/libemWin_M4F.a(GUI_DrawBitmap_8888.o)
 .text._CallDrawBitmapHW
                0x000000000000a144       0x98 /home/sobriodev/Documents/MCUXpresso_10.2.1_795/heart_monitor/heart_monitor/emwin/emWin_library/MCUXpresso/libemWin_M4F.a(GUI_DrawBitmap_8888.o)
 .text._SetPixelAlpha
                0x000000000000a1dc       0x4c /home/sobriodev/Documents/MCUXpresso_10.2.1_795/heart_monitor/heart_monitor/emwin/emWin_library/MCUXpresso/libemWin_M4F.a(GUI_DrawBitmap_8888.o)
 .text._DrawBitmap
                0x000000000000a228      0x4d4 /home/sobriodev/Documents/MCUXpresso_10.2.1_795/heart_monitor/heart_monitor/emwin/emWin_library/MCUXpresso/libemWin_M4F.a(GUI_DrawBitmap_8888.o)
 .text._DrawBitmap_8888
                0x000000000000a6fc       0x28 /home/sobriodev/Documents/MCUXpresso_10.2.1_795/heart_monitor/heart_monitor/emwin/emWin_library/MCUXpresso/libemWin_M4F.a(GUI_DrawBitmap_8888.o)
 .text._DispLine
                0x000000000000a724       0x98 /home/sobriodev/Documents/MCUXpresso_10.2.1_795/heart_monitor/heart_monitor/emwin/emWin_library/MCUXpresso/libemWin_M4F.a(GUI_CharLine.o)
 .text.GUI__GetLineNumChars
                0x000000000000a7bc       0x3c /home/sobriodev/Documents/MCUXpresso_10.2.1_795/heart_monitor/heart_monitor/emwin/emWin_library/MCUXpresso/libemWin_M4F.a(GUI_CharLine.o)
                0x000000000000a7bc                GUI__GetLineNumChars
 .text.GUI__GetLineDistX
                0x000000000000a7f8       0x5c /home/sobriodev/Documents/MCUXpresso_10.2.1_795/heart_monitor/heart_monitor/emwin/emWin_library/MCUXpresso/libemWin_M4F.a(GUI_CharLine.o)
                0x000000000000a7f8                GUI__GetLineDistX
 .text.GUI__DispLine
                0x000000000000a854       0xa4 /home/sobriodev/Documents/MCUXpresso_10.2.1_795/heart_monitor/heart_monitor/emwin/emWin_library/MCUXpresso/libemWin_M4F.a(GUI_CharLine.o)
                0x000000000000a854                GUI__DispLine
 .text.GUI_TOUCH_StoreStateEx
                0x000000000000a8f8       0x54 /home/sobriodev/Documents/MCUXpresso_10.2.1_795/heart_monitor/heart_monitor/emwin/emWin_library/MCUXpresso/libemWin_M4F.a(GUI_TOUCH.o)
                0x000000000000a8f8                GUI_TOUCH_StoreStateEx
 .text.GUI_SignalEvent
                0x000000000000a94c       0x10 /home/sobriodev/Documents/MCUXpresso_10.2.1_795/heart_monitor/heart_monitor/emwin/emWin_library/MCUXpresso/libemWin_M4F.a(GUI_WaitEvent.o)
                0x000000000000a94c                GUI_SignalEvent
 .text.GUI_DrawGraphEx
                0x000000000000a95c      0x22c /home/sobriodev/Documents/MCUXpresso_10.2.1_795/heart_monitor/heart_monitor/emwin/emWin_library/MCUXpresso/libemWin_M4F.a(GUI_DrawGraphEx.o)
                0x000000000000a95c                GUI_DrawGraphEx
 .text._SetLineColor
                0x000000000000ab88       0x7c /home/sobriodev/Documents/MCUXpresso_10.2.1_795/heart_monitor/heart_monitor/emwin/emWin_library/MCUXpresso/libemWin_M4F.a(GUI_DrawLine.o)
 .text.GUI_sin  0x000000000000ac04       0x5c /home/sobriodev/Documents/MCUXpresso_10.2.1_795/heart_monitor/heart_monitor/emwin/emWin_library/MCUXpresso/libemWin_M4F.a(GUI_DrawLine.o)
                0x000000000000ac04                GUI_sin
 .text.GL_DrawLine1Ex
                0x000000000000ac60      0x1b4 /home/sobriodev/Documents/MCUXpresso_10.2.1_795/heart_monitor/heart_monitor/emwin/emWin_library/MCUXpresso/libemWin_M4F.a(GUI_DrawLine.o)
                0x000000000000ac60                GL_DrawLine1Ex
 .text.GL_DrawLineEx
                0x000000000000ae14      0x1ac /home/sobriodev/Documents/MCUXpresso_10.2.1_795/heart_monitor/heart_monitor/emwin/emWin_library/MCUXpresso/libemWin_M4F.a(GUI_DrawLine.o)
                0x000000000000ae14                GL_DrawLineEx
 .text.GUI_DrawLine
                0x000000000000afc0       0x40 /home/sobriodev/Documents/MCUXpresso_10.2.1_795/heart_monitor/heart_monitor/emwin/emWin_library/MCUXpresso/libemWin_M4F.a(GUI_DrawLine.o)
                0x000000000000afc0                GUI_DrawLine
 .text.GUI__DispStringInRect
                0x000000000000b000      0x1f4 /home/sobriodev/Documents/MCUXpresso_10.2.1_795/heart_monitor/heart_monitor/emwin/emWin_library/MCUXpresso/libemWin_M4F.a(GUI_DispString.o)
                0x000000000000b000                GUI__DispStringInRect
 .text.GL_FillCircle
                0x000000000000b1f4       0xc0 /home/sobriodev/Documents/MCUXpresso_10.2.1_795/heart_monitor/heart_monitor/emwin/emWin_library/MCUXpresso/libemWin_M4F.a(GUI_Circ.o)
                0x000000000000b1f4                GL_FillCircle
 .text.GUI__ExpandPixelIndicesEx
                0x000000000000b2b4      0x190 /home/sobriodev/Documents/MCUXpresso_10.2.1_795/heart_monitor/heart_monitor/emwin/emWin_library/MCUXpresso/libemWin_M4F.a(GUI__ExpandPixelIndices.o)
                0x000000000000b2b4                GUI__ExpandPixelIndicesEx
 .text.GUI_GetFontDistY
                0x000000000000b444       0x10 /home/sobriodev/Documents/MCUXpresso_10.2.1_795/heart_monitor/heart_monitor/emwin/emWin_library/MCUXpresso/libemWin_M4F.a(GUI_Char.o)
                0x000000000000b444                GUI_GetFontDistY
 .text.GUI_GetCharDistX
                0x000000000000b454       0x10 /home/sobriodev/Documents/MCUXpresso_10.2.1_795/heart_monitor/heart_monitor/emwin/emWin_library/MCUXpresso/libemWin_M4F.a(GUI_Char.o)
                0x000000000000b454                GUI_GetCharDistX
 .text.GUI_GetCharDistXEx
                0x000000000000b464       0x10 /home/sobriodev/Documents/MCUXpresso_10.2.1_795/heart_monitor/heart_monitor/emwin/emWin_library/MCUXpresso/libemWin_M4F.a(GUI_Char.o)
                0x000000000000b464                GUI_GetCharDistXEx
 .text._OnExit  0x000000000000b474       0x40 /home/sobriodev/Documents/MCUXpresso_10.2.1_795/heart_monitor/heart_monitor/emwin/emWin_library/MCUXpresso/libemWin_M4F.a(GUI__Alpha.o)
 .text.GUI__GetAlphaBuffer
                0x000000000000b4b4       0xc8 /home/sobriodev/Documents/MCUXpresso_10.2.1_795/heart_monitor/heart_monitor/emwin/emWin_library/MCUXpresso/libemWin_M4F.a(GUI__Alpha.o)
                0x000000000000b4b4                GUI__GetAlphaBuffer
 .text.GUI__DoAlphaBlending
                0x000000000000b57c      0x1b0 /home/sobriodev/Documents/MCUXpresso_10.2.1_795/heart_monitor/heart_monitor/emwin/emWin_library/MCUXpresso/libemWin_M4F.a(GUI__Alpha.o)
                0x000000000000b57c                GUI__DoAlphaBlending
 .text.GUI_DrawRect
                0x000000000000b72c       0x84 /home/sobriodev/Documents/MCUXpresso_10.2.1_795/heart_monitor/heart_monitor/emwin/emWin_library/MCUXpresso/libemWin_M4F.a(GUI_2DLib.o)
                0x000000000000b72c                GUI_DrawRect
 .text.GUIMONO_DispChar
                0x000000000000b7b0      0x13c /home/sobriodev/Documents/MCUXpresso_10.2.1_795/heart_monitor/heart_monitor/emwin/emWin_library/MCUXpresso/libemWin_M4F.a(GUI_CharM.o)
                0x000000000000b7b0                GUIMONO_DispChar
 .text.GUIMONO_GetCharDistX
                0x000000000000b8ec       0x18 /home/sobriodev/Documents/MCUXpresso_10.2.1_795/heart_monitor/heart_monitor/emwin/emWin_library/MCUXpresso/libemWin_M4F.a(GUI_CharM.o)
                0x000000000000b8ec                GUIMONO_GetCharDistX
 .text._GetDevData
                0x000000000000b904       0x10 /home/sobriodev/Documents/MCUXpresso_10.2.1_795/heart_monitor/heart_monitor/emwin/emWin_library/MCUXpresso/libemWin_M4F.a(GUIDEV_16.o)
 .text._GetDevFunc
                0x000000000000b914       0x10 /home/sobriodev/Documents/MCUXpresso_10.2.1_795/heart_monitor/heart_monitor/emwin/emWin_library/MCUXpresso/libemWin_M4F.a(GUIDEV_16.o)
 .text._XY2PTR  0x000000000000b924       0x40 /home/sobriodev/Documents/MCUXpresso_10.2.1_795/heart_monitor/heart_monitor/emwin/emWin_library/MCUXpresso/libemWin_M4F.a(GUIDEV_16.o)
 .text._XorPixel
                0x000000000000b964       0x58 /home/sobriodev/Documents/MCUXpresso_10.2.1_795/heart_monitor/heart_monitor/emwin/emWin_library/MCUXpresso/libemWin_M4F.a(GUIDEV_16.o)
 .text._SetPixelIndex
                0x000000000000b9bc       0x4c /home/sobriodev/Documents/MCUXpresso_10.2.1_795/heart_monitor/heart_monitor/emwin/emWin_library/MCUXpresso/libemWin_M4F.a(GUIDEV_16.o)
 .text._DrawVLine
                0x000000000000ba08       0xbc /home/sobriodev/Documents/MCUXpresso_10.2.1_795/heart_monitor/heart_monitor/emwin/emWin_library/MCUXpresso/libemWin_M4F.a(GUIDEV_16.o)
 .text._FillRect
                0x000000000000bac4       0xb4 /home/sobriodev/Documents/MCUXpresso_10.2.1_795/heart_monitor/heart_monitor/emwin/emWin_library/MCUXpresso/libemWin_M4F.a(GUIDEV_16.o)
 .text._DrawBitmap
                0x000000000000bb78      0x70c /home/sobriodev/Documents/MCUXpresso_10.2.1_795/heart_monitor/heart_monitor/emwin/emWin_library/MCUXpresso/libemWin_M4F.a(GUIDEV_16.o)
 .text.GUI_MEMDEV__CreateFixed
                0x000000000000c284      0x128 /home/sobriodev/Documents/MCUXpresso_10.2.1_795/heart_monitor/heart_monitor/emwin/emWin_library/MCUXpresso/libemWin_M4F.a(GUIDEV.o)
                0x000000000000c284                GUI_MEMDEV__CreateFixed
 .text.GUI_MEMDEV_Delete
                0x000000000000c3ac       0x44 /home/sobriodev/Documents/MCUXpresso_10.2.1_795/heart_monitor/heart_monitor/emwin/emWin_library/MCUXpresso/libemWin_M4F.a(GUIDEV.o)
                0x000000000000c3ac                GUI_MEMDEV_Delete
 .text.GUI_MEMDEV_CreateEx
                0x000000000000c3f0       0x78 /home/sobriodev/Documents/MCUXpresso_10.2.1_795/heart_monitor/heart_monitor/emwin/emWin_library/MCUXpresso/libemWin_M4F.a(GUIDEV.o)
                0x000000000000c3f0                GUI_MEMDEV_CreateEx
 .text.GUI_MEMDEV_Select
                0x000000000000c468       0x4c /home/sobriodev/Documents/MCUXpresso_10.2.1_795/heart_monitor/heart_monitor/emwin/emWin_library/MCUXpresso/libemWin_M4F.a(GUIDEV.o)
                0x000000000000c468                GUI_MEMDEV_Select
 .text.GUI_MEMDEV_CopyToLCDAt
                0x000000000000c4b4       0x94 /home/sobriodev/Documents/MCUXpresso_10.2.1_795/heart_monitor/heart_monitor/emwin/emWin_library/MCUXpresso/libemWin_M4F.a(GUIDEV.o)
                0x000000000000c4b4                GUI_MEMDEV_CopyToLCDAt
 .text.GUI_MEMDEV_CopyToLCD